<?xml version="1.0" encoding="ISO-8859-1" ?>
<link_info>
   <banner>MSP430 Linker Unix v18.12.3.LTS</banner>
   <copyright>Copyright (c) 2003-2018 Texas Instruments Incorporated</copyright>
   <link_time>0x5e1894e6</link_time>
   <link_errors>0x0</link_errors>
   <output_file>radio_module.out</output_file>
   <entry_point>
      <name>_c_int00_noargs</name>
      <address>0x9656</address>
   </entry_point>
   <input_file_list>
      <input_file id="fl-2">
         <path>./</path>
         <kind>object</kind>
         <file>main.obj</file>
         <name>main.obj</name>
      </input_file>
      <input_file id="fl-3">
         <path>./communication/</path>
         <kind>object</kind>
         <file>bl652.obj</file>
         <name>bl652.obj</name>
      </input_file>
      <input_file id="fl-4">
         <path>./communication/</path>
         <kind>object</kind>
         <file>data_packet.obj</file>
         <name>data_packet.obj</name>
      </input_file>
      <input_file id="fl-5">
         <path>./communication/</path>
         <kind>object</kind>
         <file>rn2483.obj</file>
         <name>rn2483.obj</name>
      </input_file>
      <input_file id="fl-6">
         <path>./driverlib/MSP430FR2xx_4xx/</path>
         <kind>object</kind>
         <file>adc.obj</file>
         <name>adc.obj</name>
      </input_file>
      <input_file id="fl-7">
         <path>./driverlib/MSP430FR2xx_4xx/</path>
         <kind>object</kind>
         <file>crc.obj</file>
         <name>crc.obj</name>
      </input_file>
      <input_file id="fl-8">
         <path>./driverlib/MSP430FR2xx_4xx/</path>
         <kind>object</kind>
         <file>cs.obj</file>
         <name>cs.obj</name>
      </input_file>
      <input_file id="fl-9">
         <path>./driverlib/MSP430FR2xx_4xx/</path>
         <kind>object</kind>
         <file>ecomp.obj</file>
         <name>ecomp.obj</name>
      </input_file>
      <input_file id="fl-a">
         <path>./driverlib/MSP430FR2xx_4xx/</path>
         <kind>object</kind>
         <file>eusci_a_spi.obj</file>
         <name>eusci_a_spi.obj</name>
      </input_file>
      <input_file id="fl-b">
         <path>./driverlib/MSP430FR2xx_4xx/</path>
         <kind>object</kind>
         <file>eusci_a_uart.obj</file>
         <name>eusci_a_uart.obj</name>
      </input_file>
      <input_file id="fl-c">
         <path>./driverlib/MSP430FR2xx_4xx/</path>
         <kind>object</kind>
         <file>eusci_b_i2c.obj</file>
         <name>eusci_b_i2c.obj</name>
      </input_file>
      <input_file id="fl-d">
         <path>./driverlib/MSP430FR2xx_4xx/</path>
         <kind>object</kind>
         <file>eusci_b_spi.obj</file>
         <name>eusci_b_spi.obj</name>
      </input_file>
      <input_file id="fl-e">
         <path>./driverlib/MSP430FR2xx_4xx/</path>
         <kind>object</kind>
         <file>framctl.obj</file>
         <name>framctl.obj</name>
      </input_file>
      <input_file id="fl-f">
         <path>./driverlib/MSP430FR2xx_4xx/</path>
         <kind>object</kind>
         <file>gpio.obj</file>
         <name>gpio.obj</name>
      </input_file>
      <input_file id="fl-10">
         <path>./driverlib/MSP430FR2xx_4xx/</path>
         <kind>object</kind>
         <file>icc.obj</file>
         <name>icc.obj</name>
      </input_file>
      <input_file id="fl-11">
         <path>./driverlib/MSP430FR2xx_4xx/</path>
         <kind>object</kind>
         <file>lcd_e.obj</file>
         <name>lcd_e.obj</name>
      </input_file>
      <input_file id="fl-12">
         <path>./driverlib/MSP430FR2xx_4xx/</path>
         <kind>object</kind>
         <file>mpy32.obj</file>
         <name>mpy32.obj</name>
      </input_file>
      <input_file id="fl-13">
         <path>./driverlib/MSP430FR2xx_4xx/</path>
         <kind>object</kind>
         <file>pmm.obj</file>
         <name>pmm.obj</name>
      </input_file>
      <input_file id="fl-14">
         <path>./driverlib/MSP430FR2xx_4xx/</path>
         <kind>object</kind>
         <file>rtc.obj</file>
         <name>rtc.obj</name>
      </input_file>
      <input_file id="fl-15">
         <path>./driverlib/MSP430FR2xx_4xx/</path>
         <kind>object</kind>
         <file>sac.obj</file>
         <name>sac.obj</name>
      </input_file>
      <input_file id="fl-16">
         <path>./driverlib/MSP430FR2xx_4xx/</path>
         <kind>object</kind>
         <file>sfr.obj</file>
         <name>sfr.obj</name>
      </input_file>
      <input_file id="fl-17">
         <path>./driverlib/MSP430FR2xx_4xx/</path>
         <kind>object</kind>
         <file>sysctl.obj</file>
         <name>sysctl.obj</name>
      </input_file>
      <input_file id="fl-18">
         <path>./driverlib/MSP430FR2xx_4xx/</path>
         <kind>object</kind>
         <file>tia.obj</file>
         <name>tia.obj</name>
      </input_file>
      <input_file id="fl-19">
         <path>./driverlib/MSP430FR2xx_4xx/</path>
         <kind>object</kind>
         <file>timer_a.obj</file>
         <name>timer_a.obj</name>
      </input_file>
      <input_file id="fl-1a">
         <path>./driverlib/MSP430FR2xx_4xx/</path>
         <kind>object</kind>
         <file>timer_b.obj</file>
         <name>timer_b.obj</name>
      </input_file>
      <input_file id="fl-1b">
         <path>./driverlib/MSP430FR2xx_4xx/</path>
         <kind>object</kind>
         <file>tlv.obj</file>
         <name>tlv.obj</name>
      </input_file>
      <input_file id="fl-1c">
         <path>./driverlib/MSP430FR2xx_4xx/</path>
         <kind>object</kind>
         <file>wdt_a.obj</file>
         <name>wdt_a.obj</name>
      </input_file>
      <input_file id="fl-1d">
         <path>./mcu_config/</path>
         <kind>object</kind>
         <file>peripherals.obj</file>
         <name>peripherals.obj</name>
      </input_file>
      <input_file id="fl-22">
         <kind>object</kind>
         <file>&lt;internal&gt;</file>
         <name>&lt;internal&gt;</name>
      </input_file>
      <input_file id="fl-38">
         <path>/Applications/ti/ccs900/ccs/tools/compiler/ti-cgt-msp430_18.12.3.LTS/lib/</path>
         <kind>archive</kind>
         <file>rts430x_lc_sd_eabi.lib</file>
         <name>copy_decompress_lzss.c.obj</name>
      </input_file>
      <input_file id="fl-39">
         <path>/Applications/ti/ccs900/ccs/tools/compiler/ti-cgt-msp430_18.12.3.LTS/lib/</path>
         <kind>archive</kind>
         <file>rts430x_lc_sd_eabi.lib</file>
         <name>copy_decompress_none.c.obj</name>
      </input_file>
      <input_file id="fl-3a">
         <path>/Applications/ti/ccs900/ccs/tools/compiler/ti-cgt-msp430_18.12.3.LTS/lib/</path>
         <kind>archive</kind>
         <file>rts430x_lc_sd_eabi.lib</file>
         <name>int22.asm.obj</name>
      </input_file>
      <input_file id="fl-3b">
         <path>/Applications/ti/ccs900/ccs/tools/compiler/ti-cgt-msp430_18.12.3.LTS/lib/</path>
         <kind>archive</kind>
         <file>rts430x_lc_sd_eabi.lib</file>
         <name>isr_trap.asm.obj</name>
      </input_file>
      <input_file id="fl-3c">
         <path>/Applications/ti/ccs900/ccs/tools/compiler/ti-cgt-msp430_18.12.3.LTS/lib/</path>
         <kind>archive</kind>
         <file>rts430x_lc_sd_eabi.lib</file>
         <name>int23.asm.obj</name>
      </input_file>
      <input_file id="fl-3d">
         <path>/Applications/ti/ccs900/ccs/tools/compiler/ti-cgt-msp430_18.12.3.LTS/lib/</path>
         <kind>archive</kind>
         <file>rts430x_lc_sd_eabi.lib</file>
         <name>int24.asm.obj</name>
      </input_file>
      <input_file id="fl-3e">
         <path>/Applications/ti/ccs900/ccs/tools/compiler/ti-cgt-msp430_18.12.3.LTS/lib/</path>
         <kind>archive</kind>
         <file>rts430x_lc_sd_eabi.lib</file>
         <name>int25.asm.obj</name>
      </input_file>
      <input_file id="fl-3f">
         <path>/Applications/ti/ccs900/ccs/tools/compiler/ti-cgt-msp430_18.12.3.LTS/lib/</path>
         <kind>archive</kind>
         <file>rts430x_lc_sd_eabi.lib</file>
         <name>int28.asm.obj</name>
      </input_file>
      <input_file id="fl-40">
         <path>/Applications/ti/ccs900/ccs/tools/compiler/ti-cgt-msp430_18.12.3.LTS/lib/</path>
         <kind>archive</kind>
         <file>rts430x_lc_sd_eabi.lib</file>
         <name>int29.asm.obj</name>
      </input_file>
      <input_file id="fl-41">
         <path>/Applications/ti/ccs900/ccs/tools/compiler/ti-cgt-msp430_18.12.3.LTS/lib/</path>
         <kind>archive</kind>
         <file>rts430x_lc_sd_eabi.lib</file>
         <name>int30.asm.obj</name>
      </input_file>
      <input_file id="fl-42">
         <path>/Applications/ti/ccs900/ccs/tools/compiler/ti-cgt-msp430_18.12.3.LTS/lib/</path>
         <kind>archive</kind>
         <file>rts430x_lc_sd_eabi.lib</file>
         <name>int31.asm.obj</name>
      </input_file>
      <input_file id="fl-43">
         <path>/Applications/ti/ccs900/ccs/tools/compiler/ti-cgt-msp430_18.12.3.LTS/lib/</path>
         <kind>archive</kind>
         <file>rts430x_lc_sd_eabi.lib</file>
         <name>int34.asm.obj</name>
      </input_file>
      <input_file id="fl-44">
         <path>/Applications/ti/ccs900/ccs/tools/compiler/ti-cgt-msp430_18.12.3.LTS/lib/</path>
         <kind>archive</kind>
         <file>rts430x_lc_sd_eabi.lib</file>
         <name>int35.asm.obj</name>
      </input_file>
      <input_file id="fl-45">
         <path>/Applications/ti/ccs900/ccs/tools/compiler/ti-cgt-msp430_18.12.3.LTS/lib/</path>
         <kind>archive</kind>
         <file>rts430x_lc_sd_eabi.lib</file>
         <name>int36.asm.obj</name>
      </input_file>
      <input_file id="fl-46">
         <path>/Applications/ti/ccs900/ccs/tools/compiler/ti-cgt-msp430_18.12.3.LTS/lib/</path>
         <kind>archive</kind>
         <file>rts430x_lc_sd_eabi.lib</file>
         <name>int37.asm.obj</name>
      </input_file>
      <input_file id="fl-47">
         <path>/Applications/ti/ccs900/ccs/tools/compiler/ti-cgt-msp430_18.12.3.LTS/lib/</path>
         <kind>archive</kind>
         <file>rts430x_lc_sd_eabi.lib</file>
         <name>int38.asm.obj</name>
      </input_file>
      <input_file id="fl-48">
         <path>/Applications/ti/ccs900/ccs/tools/compiler/ti-cgt-msp430_18.12.3.LTS/lib/</path>
         <kind>archive</kind>
         <file>rts430x_lc_sd_eabi.lib</file>
         <name>int39.asm.obj</name>
      </input_file>
      <input_file id="fl-49">
         <path>/Applications/ti/ccs900/ccs/tools/compiler/ti-cgt-msp430_18.12.3.LTS/lib/</path>
         <kind>archive</kind>
         <file>rts430x_lc_sd_eabi.lib</file>
         <name>int40.asm.obj</name>
      </input_file>
      <input_file id="fl-4a">
         <path>/Applications/ti/ccs900/ccs/tools/compiler/ti-cgt-msp430_18.12.3.LTS/lib/</path>
         <kind>archive</kind>
         <file>rts430x_lc_sd_eabi.lib</file>
         <name>int41.asm.obj</name>
      </input_file>
      <input_file id="fl-4b">
         <path>/Applications/ti/ccs900/ccs/tools/compiler/ti-cgt-msp430_18.12.3.LTS/lib/</path>
         <kind>archive</kind>
         <file>rts430x_lc_sd_eabi.lib</file>
         <name>int42.asm.obj</name>
      </input_file>
      <input_file id="fl-4c">
         <path>/Applications/ti/ccs900/ccs/tools/compiler/ti-cgt-msp430_18.12.3.LTS/lib/</path>
         <kind>archive</kind>
         <file>rts430x_lc_sd_eabi.lib</file>
         <name>int43.asm.obj</name>
      </input_file>
      <input_file id="fl-4d">
         <path>/Applications/ti/ccs900/ccs/tools/compiler/ti-cgt-msp430_18.12.3.LTS/lib/</path>
         <kind>archive</kind>
         <file>rts430x_lc_sd_eabi.lib</file>
         <name>int44.asm.obj</name>
      </input_file>
      <input_file id="fl-4e">
         <path>/Applications/ti/ccs900/ccs/tools/compiler/ti-cgt-msp430_18.12.3.LTS/lib/</path>
         <kind>archive</kind>
         <file>rts430x_lc_sd_eabi.lib</file>
         <name>int45.asm.obj</name>
      </input_file>
      <input_file id="fl-4f">
         <path>/Applications/ti/ccs900/ccs/tools/compiler/ti-cgt-msp430_18.12.3.LTS/lib/</path>
         <kind>archive</kind>
         <file>rts430x_lc_sd_eabi.lib</file>
         <name>copy_zero_init.c.obj</name>
      </input_file>
      <input_file id="fl-50">
         <path>/Applications/ti/ccs900/ccs/tools/compiler/ti-cgt-msp430_18.12.3.LTS/lib/</path>
         <kind>archive</kind>
         <file>rts430x_lc_sd_eabi.lib</file>
         <name>cpy_util.asm.obj</name>
      </input_file>
      <input_file id="fl-51">
         <path>/Applications/ti/ccs900/ccs/tools/compiler/ti-cgt-msp430_18.12.3.LTS/lib/</path>
         <kind>archive</kind>
         <file>rts430x_lc_sd_eabi.lib</file>
         <name>div16s.asm.obj</name>
      </input_file>
      <input_file id="fl-52">
         <path>/Applications/ti/ccs900/ccs/tools/compiler/ti-cgt-msp430_18.12.3.LTS/lib/</path>
         <kind>archive</kind>
         <file>rts430x_lc_sd_eabi.lib</file>
         <name>div32s.asm.obj</name>
      </input_file>
      <input_file id="fl-53">
         <path>/Applications/ti/ccs900/ccs/tools/compiler/ti-cgt-msp430_18.12.3.LTS/lib/</path>
         <kind>archive</kind>
         <file>rts430x_lc_sd_eabi.lib</file>
         <name>div16u.asm.obj</name>
      </input_file>
      <input_file id="fl-54">
         <path>/Applications/ti/ccs900/ccs/tools/compiler/ti-cgt-msp430_18.12.3.LTS/lib/</path>
         <kind>archive</kind>
         <file>rts430x_lc_sd_eabi.lib</file>
         <name>div32u.asm.obj</name>
      </input_file>
      <input_file id="fl-55">
         <path>/Applications/ti/ccs900/ccs/tools/compiler/ti-cgt-msp430_18.12.3.LTS/lib/</path>
         <kind>archive</kind>
         <file>rts430x_lc_sd_eabi.lib</file>
         <name>mult16_f5hw.asm.obj</name>
      </input_file>
      <input_file id="fl-56">
         <path>/Applications/ti/ccs900/ccs/tools/compiler/ti-cgt-msp430_18.12.3.LTS/lib/</path>
         <kind>archive</kind>
         <file>rts430x_lc_sd_eabi.lib</file>
         <name>mult32.asm.obj</name>
      </input_file>
      <input_file id="fl-57">
         <path>/Applications/ti/ccs900/ccs/tools/compiler/ti-cgt-msp430_18.12.3.LTS/lib/</path>
         <kind>archive</kind>
         <file>rts430x_lc_sd_eabi.lib</file>
         <name>mult32_f5hw.asm.obj</name>
      </input_file>
      <input_file id="fl-58">
         <path>/Applications/ti/ccs900/ccs/tools/compiler/ti-cgt-msp430_18.12.3.LTS/lib/</path>
         <kind>archive</kind>
         <file>rts430x_lc_sd_eabi.lib</file>
         <name>mult64_f5hw.asm.obj</name>
      </input_file>
      <input_file id="fl-59">
         <path>/Applications/ti/ccs900/ccs/tools/compiler/ti-cgt-msp430_18.12.3.LTS/lib/</path>
         <kind>archive</kind>
         <file>rts430x_lc_sd_eabi.lib</file>
         <name>mult1632_f5hw.asm.obj</name>
      </input_file>
      <input_file id="fl-5a">
         <path>/Applications/ti/ccs900/ccs/tools/compiler/ti-cgt-msp430_18.12.3.LTS/lib/</path>
         <kind>archive</kind>
         <file>rts430x_lc_sd_eabi.lib</file>
         <name>mult3264_f5hw.asm.obj</name>
      </input_file>
      <input_file id="fl-5b">
         <path>/Applications/ti/ccs900/ccs/tools/compiler/ti-cgt-msp430_18.12.3.LTS/lib/</path>
         <kind>archive</kind>
         <file>rts430x_lc_sd_eabi.lib</file>
         <name>lsl16.asm.obj</name>
      </input_file>
      <input_file id="fl-5c">
         <path>/Applications/ti/ccs900/ccs/tools/compiler/ti-cgt-msp430_18.12.3.LTS/lib/</path>
         <kind>archive</kind>
         <file>rts430x_lc_sd_eabi.lib</file>
         <name>lsr16.asm.obj</name>
      </input_file>
      <input_file id="fl-5d">
         <path>/Applications/ti/ccs900/ccs/tools/compiler/ti-cgt-msp430_18.12.3.LTS/lib/</path>
         <kind>archive</kind>
         <file>rts430x_lc_sd_eabi.lib</file>
         <name>boot.c.obj</name>
      </input_file>
      <input_file id="fl-5e">
         <path>/Applications/ti/ccs900/ccs/tools/compiler/ti-cgt-msp430_18.12.3.LTS/lib/</path>
         <kind>archive</kind>
         <file>rts430x_lc_sd_eabi.lib</file>
         <name>mpu_init.c.obj</name>
      </input_file>
      <input_file id="fl-5f">
         <path>/Applications/ti/ccs900/ccs/tools/compiler/ti-cgt-msp430_18.12.3.LTS/lib/</path>
         <kind>archive</kind>
         <file>rts430x_lc_sd_eabi.lib</file>
         <name>args_main.c.obj</name>
      </input_file>
      <input_file id="fl-60">
         <path>/Applications/ti/ccs900/ccs/tools/compiler/ti-cgt-msp430_18.12.3.LTS/lib/</path>
         <kind>archive</kind>
         <file>rts430x_lc_sd_eabi.lib</file>
         <name>autoinit.c.obj</name>
      </input_file>
      <input_file id="fl-61">
         <path>/Applications/ti/ccs900/ccs/tools/compiler/ti-cgt-msp430_18.12.3.LTS/lib/</path>
         <kind>archive</kind>
         <file>rts430x_lc_sd_eabi.lib</file>
         <name>startup.c.obj</name>
      </input_file>
      <input_file id="fl-62">
         <path>/Applications/ti/ccs900/ccs/tools/compiler/ti-cgt-msp430_18.12.3.LTS/lib/</path>
         <kind>archive</kind>
         <file>rts430x_lc_sd_eabi.lib</file>
         <name>pre_init.c.obj</name>
      </input_file>
      <input_file id="fl-63">
         <path>/Applications/ti/ccs900/ccs/tools/compiler/ti-cgt-msp430_18.12.3.LTS/lib/</path>
         <kind>archive</kind>
         <file>rts430x_lc_sd_eabi.lib</file>
         <name>cpy_tbl.c.obj</name>
      </input_file>
      <input_file id="fl-64">
         <path>/Applications/ti/ccs900/ccs/tools/compiler/ti-cgt-msp430_18.12.3.LTS/lib/</path>
         <kind>archive</kind>
         <file>rts430x_lc_sd_eabi.lib</file>
         <name>mult16.asm.obj</name>
      </input_file>
      <input_file id="fl-65">
         <path>/Applications/ti/ccs900/ccs/tools/compiler/ti-cgt-msp430_18.12.3.LTS/lib/</path>
         <kind>archive</kind>
         <file>rts430x_lc_sd_eabi.lib</file>
         <name>exit.c.obj</name>
      </input_file>
      <input_file id="fl-66">
         <path>/Applications/ti/ccs900/ccs/tools/compiler/ti-cgt-msp430_18.12.3.LTS/lib/</path>
         <kind>archive</kind>
         <file>rts430x_lc_sd_eabi.lib</file>
         <name>exit_gvars.c.obj</name>
      </input_file>
      <input_file id="fl-67">
         <path>/Applications/ti/ccs900/ccs/tools/compiler/ti-cgt-msp430_18.12.3.LTS/lib/</path>
         <kind>archive</kind>
         <file>rts430x_lc_sd_eabi.lib</file>
         <name>_lock.c.obj</name>
      </input_file>
      <input_file id="fl-68">
         <path>/Applications/ti/ccs900/ccs/tools/compiler/ti-cgt-msp430_18.12.3.LTS/lib/</path>
         <kind>archive</kind>
         <file>rts430x_lc_sd_eabi.lib</file>
         <name>memcpy.c.obj</name>
      </input_file>
   </input_file_list>
   <object_component_list>
      <object_component id="oc-80b">
         <name>.cinit..data.load</name>
         <load_address>0x8000</load_address>
         <run_address>0x8000</run_address>
         <size>0x7c</size>
      </object_component>
      <object_component id="oc-808">
         <name>__TI_handler_table</name>
         <load_address>0x807e</load_address>
         <run_address>0x807e</run_address>
         <size>0xc</size>
      </object_component>
      <object_component id="oc-80a">
         <name>.cinit..bss.load</name>
         <load_address>0x808a</load_address>
         <run_address>0x808a</run_address>
         <size>0x6</size>
      </object_component>
      <object_component id="oc-809">
         <name>__TI_cinit_table</name>
         <load_address>0x8090</load_address>
         <run_address>0x8090</run_address>
         <size>0x10</size>
      </object_component>
      <object_component id="oc-7a8">
         <name>.binit</name>
         <load_address>0x80a0</load_address>
         <run_address>0x80a0</run_address>
         <size>0x0</size>
      </object_component>
      <object_component id="oc-4f1">
         <name>.const:.string</name>
         <load_address>0x80a0</load_address>
         <run_address>0x80a0</run_address>
         <size>0xa6</size>
         <input_file_ref idref="fl-5"/>
      </object_component>
      <object_component id="oc-632">
         <name>.const:GPIO_PORT_TO_BASE</name>
         <load_address>0x8146</load_address>
         <run_address>0x8146</run_address>
         <size>0x1c</size>
         <input_file_ref idref="fl-f"/>
      </object_component>
      <object_component id="oc-5ca">
         <name>.const:packetInitValue</name>
         <load_address>0x8162</load_address>
         <run_address>0x8162</run_address>
         <size>0x1c</size>
         <input_file_ref idref="fl-4"/>
      </object_component>
      <object_component id="oc-68e">
         <name>.const:$P$T0$1</name>
         <load_address>0x817e</load_address>
         <run_address>0x817e</run_address>
         <size>0x12</size>
         <input_file_ref idref="fl-1d"/>
      </object_component>
      <object_component id="oc-6a9">
         <name>.const:$P$T1$2</name>
         <load_address>0x8190</load_address>
         <run_address>0x8190</run_address>
         <size>0x12</size>
         <input_file_ref idref="fl-1d"/>
      </object_component>
      <object_component id="oc-72e">
         <name>.const:$P$T2$3</name>
         <load_address>0x81a2</load_address>
         <run_address>0x81a2</run_address>
         <size>0x10</size>
         <input_file_ref idref="fl-1d"/>
      </object_component>
      <object_component id="oc-74f">
         <name>.const:$P$T3$4</name>
         <load_address>0x81b2</load_address>
         <run_address>0x81b2</run_address>
         <size>0x10</size>
         <input_file_ref idref="fl-1d"/>
      </object_component>
      <object_component id="oc-4e5">
         <name>.const:.string</name>
         <load_address>0x81c2</load_address>
         <run_address>0x81c2</run_address>
         <size>0x8</size>
         <input_file_ref idref="fl-3"/>
      </object_component>
      <object_component id="oc-5c4">
         <name>.text:init_lora</name>
         <load_address>0x81ca</load_address>
         <run_address>0x81ca</run_address>
         <size>0x15a</size>
         <input_file_ref idref="fl-5"/>
      </object_component>
      <object_component id="oc-511">
         <name>.text:lora_transmit_data_p2p</name>
         <load_address>0x8324</load_address>
         <run_address>0x8324</run_address>
         <size>0x128</size>
         <input_file_ref idref="fl-5"/>
      </object_component>
      <object_component id="oc-4c4">
         <name>.text:main</name>
         <load_address>0x844c</load_address>
         <run_address>0x844c</run_address>
         <size>0x100</size>
         <input_file_ref idref="fl-2"/>
      </object_component>
      <object_component id="oc-5a0">
         <name>.text:CS_initClockSignal</name>
         <load_address>0x854c</load_address>
         <run_address>0x854c</run_address>
         <size>0xee</size>
         <input_file_ref idref="fl-8"/>
      </object_component>
      <object_component id="oc-64">
         <name>.text:decompress:lzss:__TI_decompress_lzss</name>
         <load_address>0x863a</load_address>
         <run_address>0x863a</run_address>
         <size>0xee</size>
         <input_file_ref idref="fl-38"/>
      </object_component>
      <object_component id="oc-5b8">
         <name>.text:init_spi</name>
         <load_address>0x8728</load_address>
         <run_address>0x8728</run_address>
         <size>0xe4</size>
         <input_file_ref idref="fl-1d"/>
      </object_component>
      <object_component id="oc-523">
         <name>.text:init_BLE</name>
         <load_address>0x880c</load_address>
         <run_address>0x880c</run_address>
         <size>0xce</size>
         <input_file_ref idref="fl-3"/>
      </object_component>
      <object_component id="oc-66c">
         <name>.text:CS_initFLL</name>
         <load_address>0x88da</load_address>
         <run_address>0x88da</run_address>
         <size>0xca</size>
         <input_file_ref idref="fl-8"/>
      </object_component>
      <object_component id="oc-50a">
         <name>.text:lora_wake_up</name>
         <load_address>0x89a4</load_address>
         <run_address>0x89a4</run_address>
         <size>0xb0</size>
         <input_file_ref idref="fl-5"/>
      </object_component>
      <object_component id="oc-71b">
         <name>.text:privateCSComputeCLKFrequency</name>
         <load_address>0x8a54</load_address>
         <run_address>0x8a54</run_address>
         <size>0xb0</size>
         <input_file_ref idref="fl-8"/>
      </object_component>
      <object_component id="oc-5ef">
         <name>.text:buffer_to_hex_string</name>
         <load_address>0x8b04</load_address>
         <run_address>0x8b04</run_address>
         <size>0xa0</size>
         <input_file_ref idref="fl-5"/>
      </object_component>
      <object_component id="oc-731">
         <name>.text:EUSCI_A_UART_init</name>
         <load_address>0x8ba4</load_address>
         <run_address>0x8ba4</run_address>
         <size>0x90</size>
         <input_file_ref idref="fl-b"/>
      </object_component>
      <object_component id="oc-780">
         <name>.text:privateCSSourceClockFromDCO</name>
         <load_address>0x8c34</load_address>
         <run_address>0x8c34</run_address>
         <size>0x90</size>
         <input_file_ref idref="fl-8"/>
      </object_component>
      <object_component id="oc-5b2">
         <name>.text:init_gpio</name>
         <load_address>0x8cc4</load_address>
         <run_address>0x8cc4</run_address>
         <size>0x86</size>
         <input_file_ref idref="fl-1d"/>
      </object_component>
      <object_component id="oc-5e1">
         <name>.text:lora_command</name>
         <load_address>0x8d4a</load_address>
         <run_address>0x8d4a</run_address>
         <size>0x82</size>
         <input_file_ref idref="fl-5"/>
      </object_component>
      <object_component id="oc-53b">
         <name>.text:read_sensor_data</name>
         <load_address>0x8dcc</load_address>
         <run_address>0x8dcc</run_address>
         <size>0x80</size>
         <input_file_ref idref="fl-2"/>
      </object_component>
      <object_component id="oc-770">
         <name>.text:privateDCORange</name>
         <load_address>0x8e4c</load_address>
         <run_address>0x8e4c</run_address>
         <size>0x7c</size>
         <input_file_ref idref="fl-8"/>
      </object_component>
      <object_component id="oc-6be">
         <name>.text:init_ble_uart</name>
         <load_address>0x8ec8</load_address>
         <run_address>0x8ec8</run_address>
         <size>0x78</size>
         <input_file_ref idref="fl-1d"/>
      </object_component>
      <object_component id="oc-6b8">
         <name>.text:init_lora_uart</name>
         <load_address>0x8f40</load_address>
         <run_address>0x8f40</run_address>
         <size>0x78</size>
         <input_file_ref idref="fl-1d"/>
      </object_component>
      <object_component id="oc-578">
         <name>.text:__TI_auto_init_nobinit_nopinit_hold_wdt:__TI_auto_init_nobinit_nopinit_hold_wdt</name>
         <load_address>0x8fb8</load_address>
         <run_address>0x8fb8</run_address>
         <size>0x6a</size>
         <input_file_ref idref="fl-60"/>
      </object_component>
      <object_component id="oc-722">
         <name>.text</name>
         <load_address>0x9022</load_address>
         <run_address>0x9022</run_address>
         <size>0x58</size>
         <input_file_ref idref="fl-54"/>
      </object_component>
      <object_component id="oc-697">
         <name>.text:EUSCI_B_SPI_initMaster</name>
         <load_address>0x907a</load_address>
         <run_address>0x907a</run_address>
         <size>0x50</size>
         <input_file_ref idref="fl-d"/>
      </object_component>
      <object_component id="oc-501">
         <name>.text:setup</name>
         <load_address>0x90ca</load_address>
         <run_address>0x90ca</run_address>
         <size>0x50</size>
         <input_file_ref idref="fl-2"/>
      </object_component>
      <object_component id="oc-688">
         <name>.text:GPIO_setAsPeripheralModuleFunctionInputPin</name>
         <load_address>0x911a</load_address>
         <run_address>0x911a</run_address>
         <size>0x40</size>
         <input_file_ref idref="fl-f"/>
      </object_component>
      <object_component id="oc-43f">
         <name>.text:__memcpy_far</name>
         <load_address>0x915a</load_address>
         <run_address>0x915a</run_address>
         <size>0x40</size>
         <input_file_ref idref="fl-50"/>
      </object_component>
      <object_component id="oc-77b">
         <name>.text</name>
         <load_address>0x919a</load_address>
         <run_address>0x919a</run_address>
         <size>0x40</size>
         <input_file_ref idref="fl-52"/>
      </object_component>
      <object_component id="oc-45c">
         <name>.text:decompress:ZI:__TI_zero_init_nomemset:__TI_zero_init_nomemset</name>
         <load_address>0x91da</load_address>
         <run_address>0x91da</run_address>
         <size>0x3e</size>
         <input_file_ref idref="fl-4f"/>
      </object_component>
      <object_component id="oc-6a">
         <name>.text:decompress:none:__TI_decompress_none</name>
         <load_address>0x9218</load_address>
         <run_address>0x9218</run_address>
         <size>0x3c</size>
         <input_file_ref idref="fl-39"/>
      </object_component>
      <object_component id="oc-5a6">
         <name>.text:CS_initFLLSettle</name>
         <load_address>0x9254</load_address>
         <run_address>0x9254</run_address>
         <size>0x36</size>
         <input_file_ref idref="fl-8"/>
      </object_component>
      <object_component id="oc-517">
         <name>.text:BLE_transmit_data</name>
         <load_address>0x928a</load_address>
         <run_address>0x928a</run_address>
         <size>0x30</size>
         <input_file_ref idref="fl-3"/>
      </object_component>
      <object_component id="oc-541">
         <name>.text:read_dipswitch_setting</name>
         <load_address>0x92ba</load_address>
         <run_address>0x92ba</run_address>
         <size>0x30</size>
         <input_file_ref idref="fl-1d"/>
      </object_component>
      <object_component id="oc-60a">
         <name>.text:find_pattern</name>
         <load_address>0x92ea</load_address>
         <run_address>0x92ea</run_address>
         <size>0x2e</size>
         <input_file_ref idref="fl-3"/>
      </object_component>
      <object_component id="oc-776">
         <name>.text</name>
         <load_address>0x9318</load_address>
         <run_address>0x9318</run_address>
         <size>0x2c</size>
         <input_file_ref idref="fl-51"/>
      </object_component>
      <object_component id="oc-5fb">
         <name>.text:buffer_compare</name>
         <load_address>0x9344</load_address>
         <run_address>0x9344</run_address>
         <size>0x28</size>
         <input_file_ref idref="fl-5"/>
      </object_component>
      <object_component id="oc-51d">
         <name>.text:lora_sleep</name>
         <load_address>0x936c</load_address>
         <run_address>0x936c</run_address>
         <size>0x28</size>
         <input_file_ref idref="fl-5"/>
      </object_component>
      <object_component id="oc-67b">
         <name>.text:GPIO_setAsInputPinWithPullUpResistor</name>
         <load_address>0x9394</load_address>
         <run_address>0x9394</run_address>
         <size>0x26</size>
         <input_file_ref idref="fl-f"/>
      </object_component>
      <object_component id="oc-79e">
         <name>.text</name>
         <load_address>0x93ba</load_address>
         <run_address>0x93ba</run_address>
         <size>0x24</size>
         <input_file_ref idref="fl-57"/>
      </object_component>
      <object_component id="oc-681">
         <name>.text:GPIO_setAsInputPin</name>
         <load_address>0x93de</load_address>
         <run_address>0x93de</run_address>
         <size>0x22</size>
         <input_file_ref idref="fl-f"/>
      </object_component>
      <object_component id="oc-675">
         <name>.text:GPIO_setAsOutputPin</name>
         <load_address>0x9400</load_address>
         <run_address>0x9400</run_address>
         <size>0x1e</size>
         <input_file_ref idref="fl-f"/>
      </object_component>
      <object_component id="oc-529">
         <name>.text:sensor_data_ready</name>
         <load_address>0x941e</load_address>
         <run_address>0x941e</run_address>
         <size>0x1c</size>
         <input_file_ref idref="fl-2"/>
      </object_component>
      <object_component id="oc-691">
         <name>.text:CS_getSMCLK</name>
         <load_address>0x943a</load_address>
         <run_address>0x943a</run_address>
         <size>0x1a</size>
         <input_file_ref idref="fl-8"/>
      </object_component>
      <object_component id="oc-743">
         <name>.text:EUSCI_A_UART_enableInterrupt</name>
         <load_address>0x9454</load_address>
         <run_address>0x9454</run_address>
         <size>0x1a</size>
         <input_file_ref idref="fl-b"/>
      </object_component>
      <object_component id="oc-611">
         <name>.text:GPIO_getInputPinValue</name>
         <load_address>0x946e</load_address>
         <run_address>0x946e</run_address>
         <size>0x1a</size>
         <input_file_ref idref="fl-f"/>
      </object_component>
      <object_component id="oc-547">
         <name>.text:GPIO_setOutputHighOnPin</name>
         <load_address>0x9488</load_address>
         <run_address>0x9488</run_address>
         <size>0x16</size>
         <input_file_ref idref="fl-f"/>
      </object_component>
      <object_component id="oc-54d">
         <name>.text:GPIO_setOutputLowOnPin</name>
         <load_address>0x949e</load_address>
         <run_address>0x949e</run_address>
         <size>0x16</size>
         <input_file_ref idref="fl-f"/>
      </object_component>
      <object_component id="oc-604">
         <name>.text:GPIO_toggleOutputOnPin</name>
         <load_address>0x94b4</load_address>
         <run_address>0x94b4</run_address>
         <size>0x16</size>
         <input_file_ref idref="fl-f"/>
      </object_component>
      <object_component id="oc-59a">
         <name>.text:WDT_A_hold</name>
         <load_address>0x94ca</load_address>
         <run_address>0x94ca</run_address>
         <size>0x16</size>
         <input_file_ref idref="fl-1c"/>
      </object_component>
      <object_component id="oc-535">
         <name>.text:clear_buffer</name>
         <load_address>0x94e0</load_address>
         <run_address>0x94e0</run_address>
         <size>0x16</size>
         <input_file_ref idref="fl-2"/>
      </object_component>
      <object_component id="oc-5e8">
         <name>.text:clear_lora_rx_buffer</name>
         <load_address>0x94f6</load_address>
         <run_address>0x94f6</run_address>
         <size>0x16</size>
         <input_file_ref idref="fl-5"/>
      </object_component>
      <object_component id="oc-797">
         <name>.text</name>
         <load_address>0x950c</load_address>
         <run_address>0x950c</run_address>
         <size>0x16</size>
         <input_file_ref idref="fl-53"/>
      </object_component>
      <object_component id="oc-4a6">
         <name>.text:EUSCI_A_UART_receiveData</name>
         <load_address>0x9522</load_address>
         <run_address>0x9522</run_address>
         <size>0x14</size>
         <input_file_ref idref="fl-b"/>
      </object_component>
      <object_component id="oc-5db">
         <name>.text:EUSCI_A_UART_transmitData</name>
         <load_address>0x9536</load_address>
         <run_address>0x9536</run_address>
         <size>0x14</size>
         <input_file_ref idref="fl-b"/>
      </object_component>
      <object_component id="oc-5cd">
         <name>.text:memcpy</name>
         <load_address>0x954a</load_address>
         <run_address>0x954a</run_address>
         <size>0x12</size>
         <input_file_ref idref="fl-68"/>
      </object_component>
      <object_component id="oc-624">
         <name>.text:EUSCI_B_SPI_isBusy</name>
         <load_address>0x955c</load_address>
         <run_address>0x955c</run_address>
         <size>0xa</size>
         <input_file_ref idref="fl-d"/>
      </object_component>
      <object_component id="oc-5be">
         <name>.text:init_uart</name>
         <load_address>0x9566</load_address>
         <run_address>0x9566</run_address>
         <size>0xa</size>
         <input_file_ref idref="fl-1d"/>
      </object_component>
      <object_component id="oc-768">
         <name>.text</name>
         <load_address>0x9570</load_address>
         <run_address>0x9570</run_address>
         <size>0xa</size>
         <input_file_ref idref="fl-5b"/>
      </object_component>
      <object_component id="oc-5f5">
         <name>.text:EUSCI_A_UART_queryStatusFlags</name>
         <load_address>0x957a</load_address>
         <run_address>0x957a</run_address>
         <size>0x8</size>
         <input_file_ref idref="fl-b"/>
      </object_component>
      <object_component id="oc-62a">
         <name>.text:EUSCI_B_SPI_receiveData</name>
         <load_address>0x9582</load_address>
         <run_address>0x9582</run_address>
         <size>0x8</size>
         <input_file_ref idref="fl-d"/>
      </object_component>
      <object_component id="oc-61e">
         <name>.text:EUSCI_B_SPI_transmitData</name>
         <load_address>0x958a</load_address>
         <run_address>0x958a</run_address>
         <size>0x8</size>
         <input_file_ref idref="fl-d"/>
      </object_component>
      <object_component id="oc-73d">
         <name>.text:EUSCI_A_UART_clearInterrupt</name>
         <load_address>0x9592</load_address>
         <run_address>0x9592</run_address>
         <size>0x6</size>
         <input_file_ref idref="fl-b"/>
      </object_component>
      <object_component id="oc-737">
         <name>.text:EUSCI_A_UART_enable</name>
         <load_address>0x9598</load_address>
         <run_address>0x9598</run_address>
         <size>0x6</size>
         <input_file_ref idref="fl-b"/>
      </object_component>
      <object_component id="oc-6a3">
         <name>.text:EUSCI_B_SPI_clearInterrupt</name>
         <load_address>0x959e</load_address>
         <run_address>0x959e</run_address>
         <size>0x6</size>
         <input_file_ref idref="fl-d"/>
      </object_component>
      <object_component id="oc-69d">
         <name>.text:EUSCI_B_SPI_enable</name>
         <load_address>0x95a4</load_address>
         <run_address>0x95a4</run_address>
         <size>0x6</size>
         <input_file_ref idref="fl-d"/>
      </object_component>
      <object_component id="oc-6ac">
         <name>.text:EUSCI_B_SPI_enableInterrupt</name>
         <load_address>0x95aa</load_address>
         <run_address>0x95aa</run_address>
         <size>0x6</size>
         <input_file_ref idref="fl-d"/>
      </object_component>
      <object_component id="oc-5ac">
         <name>.text:PMM_unlockLPM5</name>
         <load_address>0x95b0</load_address>
         <run_address>0x95b0</run_address>
         <size>0x6</size>
         <input_file_ref idref="fl-13"/>
      </object_component>
      <object_component id="oc-554">
         <name>.text:abort</name>
         <load_address>0x95b6</load_address>
         <run_address>0x95b6</run_address>
         <size>0x6</size>
         <input_file_ref idref="fl-65"/>
      </object_component>
      <object_component id="oc-4be">
         <name>.text:_system_pre_init</name>
         <load_address>0x95bc</load_address>
         <run_address>0x95bc</run_address>
         <size>0x4</size>
         <input_file_ref idref="fl-62"/>
      </object_component>
      <object_component id="oc-649">
         <name>.text:_system_post_cinit</name>
         <load_address>0x95c0</load_address>
         <run_address>0x95c0</run_address>
         <size>0x2</size>
         <input_file_ref idref="fl-61"/>
      </object_component>
      <object_component id="oc-456">
         <name>.text:_isr:EUSCI_A0_ISR</name>
         <load_address>0x95c2</load_address>
         <run_address>0x95c2</run_address>
         <size>0x4c</size>
         <input_file_ref idref="fl-5"/>
      </object_component>
      <object_component id="oc-450">
         <name>.text:_isr:EUSCI_A1_ISR</name>
         <load_address>0x960e</load_address>
         <run_address>0x960e</run_address>
         <size>0x48</size>
         <input_file_ref idref="fl-3"/>
      </object_component>
      <object_component id="oc-46e">
         <name>.text:_isr:_c_int00_noargs</name>
         <load_address>0x9656</load_address>
         <run_address>0x9656</run_address>
         <size>0x1c</size>
         <input_file_ref idref="fl-5d"/>
      </object_component>
      <object_component id="oc-44b">
         <name>.text:_isr:__TI_ISR_TRAP</name>
         <load_address>0x9672</load_address>
         <run_address>0x9672</run_address>
         <size>0x8</size>
         <input_file_ref idref="fl-3b"/>
      </object_component>
      <object_component id="oc-510">
         <name>.common:packet</name>
         <uninitialized>true</uninitialized>
         <run_address>0x213e</run_address>
         <size>0x1c</size>
      </object_component>
      <object_component id="oc-507">
         <name>.common:previousRadioChoice</name>
         <uninitialized>true</uninitialized>
         <run_address>0x215c</run_address>
         <size>0x1</size>
      </object_component>
      <object_component id="oc-617">
         <name>.common:i</name>
         <uninitialized>true</uninitialized>
         <run_address>0x215a</run_address>
         <size>0x2</size>
      </object_component>
      <object_component id="oc-4b3">
         <name>.common:rx_buf</name>
         <uninitialized>true</uninitialized>
         <run_address>0x2102</run_address>
         <size>0x3c</size>
      </object_component>
      <object_component id="oc-5ee">
         <name>.common:hex_payload</name>
         <uninitialized>true</uninitialized>
         <run_address>0x2000</run_address>
         <size>0x102</size>
      </object_component>
      <object_component id="oc-532">
         <name>.data:testArrayRx</name>
         <load_address>0x21b8</load_address>
         <run_address>0x21b8</run_address>
         <size>0xa</size>
         <input_file_ref idref="fl-2"/>
      </object_component>
      <object_component id="oc-52f">
         <name>.data</name>
         <load_address>0x21c2</load_address>
         <run_address>0x21c2</run_address>
         <size>0x8</size>
         <input_file_ref idref="fl-2"/>
      </object_component>
      <object_component id="oc-4ac">
         <name>.data:rxBufBLE</name>
         <load_address>0x215e</load_address>
         <run_address>0x215e</run_address>
         <size>0x46</size>
         <input_file_ref idref="fl-3"/>
      </object_component>
      <object_component id="oc-4a3">
         <name>.data</name>
         <load_address>0x21ca</load_address>
         <run_address>0x21ca</run_address>
         <size>0x6</size>
         <input_file_ref idref="fl-3"/>
      </object_component>
      <object_component id="oc-4b0">
         <name>.data</name>
         <load_address>0x21a4</load_address>
         <run_address>0x21a4</run_address>
         <size>0x13</size>
         <input_file_ref idref="fl-5"/>
      </object_component>
      <object_component id="oc-76d">
         <name>.data</name>
         <load_address>0x21d0</load_address>
         <run_address>0x21d0</run_address>
         <size>0x4</size>
         <input_file_ref idref="fl-8"/>
      </object_component>
      <object_component id="oc-430">
         <name>.stack</name>
         <uninitialized>true</uninitialized>
         <run_address>0x2f60</run_address>
         <size>0x2</size>
         <input_file_ref idref="fl-5d"/>
      </object_component>
      <object_component id="oc-80c">
         <name>.stack</name>
         <uninitialized>true</uninitialized>
         <run_address>0x2f60</run_address>
         <size>0x0</size>
      </object_component>
      <object_component id="oc-70">
         <name>.int22</name>
         <load_address>0xffce</load_address>
         <run_address>0xffce</run_address>
         <size>0x2</size>
         <input_file_ref idref="fl-3a"/>
      </object_component>
      <object_component id="oc-71">
         <name>.int23</name>
         <load_address>0xffd0</load_address>
         <run_address>0xffd0</run_address>
         <size>0x2</size>
         <input_file_ref idref="fl-3c"/>
      </object_component>
      <object_component id="oc-72">
         <name>.int24</name>
         <load_address>0xffd2</load_address>
         <run_address>0xffd2</run_address>
         <size>0x2</size>
         <input_file_ref idref="fl-3d"/>
      </object_component>
      <object_component id="oc-73">
         <name>.int25</name>
         <load_address>0xffd4</load_address>
         <run_address>0xffd4</run_address>
         <size>0x2</size>
         <input_file_ref idref="fl-3e"/>
      </object_component>
      <object_component id="oc-74">
         <name>.int28</name>
         <load_address>0xffda</load_address>
         <run_address>0xffda</run_address>
         <size>0x2</size>
         <input_file_ref idref="fl-3f"/>
      </object_component>
      <object_component id="oc-75">
         <name>.int29</name>
         <load_address>0xffdc</load_address>
         <run_address>0xffdc</run_address>
         <size>0x2</size>
         <input_file_ref idref="fl-40"/>
      </object_component>
      <object_component id="oc-76">
         <name>.int30</name>
         <load_address>0xffde</load_address>
         <run_address>0xffde</run_address>
         <size>0x2</size>
         <input_file_ref idref="fl-41"/>
      </object_component>
      <object_component id="oc-77">
         <name>.int31</name>
         <load_address>0xffe0</load_address>
         <run_address>0xffe0</run_address>
         <size>0x2</size>
         <input_file_ref idref="fl-42"/>
      </object_component>
      <object_component id="oc-78">
         <name>.int32</name>
         <load_address>0xffe2</load_address>
         <run_address>0xffe2</run_address>
         <size>0x2</size>
         <input_file_ref idref="fl-3"/>
      </object_component>
      <object_component id="oc-79">
         <name>.int33</name>
         <load_address>0xffe4</load_address>
         <run_address>0xffe4</run_address>
         <size>0x2</size>
         <input_file_ref idref="fl-5"/>
      </object_component>
      <object_component id="oc-7a">
         <name>.int34</name>
         <load_address>0xffe6</load_address>
         <run_address>0xffe6</run_address>
         <size>0x2</size>
         <input_file_ref idref="fl-43"/>
      </object_component>
      <object_component id="oc-7b">
         <name>.int35</name>
         <load_address>0xffe8</load_address>
         <run_address>0xffe8</run_address>
         <size>0x2</size>
         <input_file_ref idref="fl-44"/>
      </object_component>
      <object_component id="oc-7c">
         <name>.int36</name>
         <load_address>0xffea</load_address>
         <run_address>0xffea</run_address>
         <size>0x2</size>
         <input_file_ref idref="fl-45"/>
      </object_component>
      <object_component id="oc-7d">
         <name>.int37</name>
         <load_address>0xffec</load_address>
         <run_address>0xffec</run_address>
         <size>0x2</size>
         <input_file_ref idref="fl-46"/>
      </object_component>
      <object_component id="oc-7e">
         <name>.int38</name>
         <load_address>0xffee</load_address>
         <run_address>0xffee</run_address>
         <size>0x2</size>
         <input_file_ref idref="fl-47"/>
      </object_component>
      <object_component id="oc-7f">
         <name>.int39</name>
         <load_address>0xfff0</load_address>
         <run_address>0xfff0</run_address>
         <size>0x2</size>
         <input_file_ref idref="fl-48"/>
      </object_component>
      <object_component id="oc-80">
         <name>.int40</name>
         <load_address>0xfff2</load_address>
         <run_address>0xfff2</run_address>
         <size>0x2</size>
         <input_file_ref idref="fl-49"/>
      </object_component>
      <object_component id="oc-81">
         <name>.int41</name>
         <load_address>0xfff4</load_address>
         <run_address>0xfff4</run_address>
         <size>0x2</size>
         <input_file_ref idref="fl-4a"/>
      </object_component>
      <object_component id="oc-82">
         <name>.int42</name>
         <load_address>0xfff6</load_address>
         <run_address>0xfff6</run_address>
         <size>0x2</size>
         <input_file_ref idref="fl-4b"/>
      </object_component>
      <object_component id="oc-83">
         <name>.int43</name>
         <load_address>0xfff8</load_address>
         <run_address>0xfff8</run_address>
         <size>0x2</size>
         <input_file_ref idref="fl-4c"/>
      </object_component>
      <object_component id="oc-84">
         <name>.int44</name>
         <load_address>0xfffa</load_address>
         <run_address>0xfffa</run_address>
         <size>0x2</size>
         <input_file_ref idref="fl-4d"/>
      </object_component>
      <object_component id="oc-85">
         <name>.int45</name>
         <load_address>0xfffc</load_address>
         <run_address>0xfffc</run_address>
         <size>0x2</size>
         <input_file_ref idref="fl-4e"/>
      </object_component>
      <object_component id="oc-433">
         <name>.reset</name>
         <load_address>0xfffe</load_address>
         <run_address>0xfffe</run_address>
         <size>0x2</size>
         <input_file_ref idref="fl-5d"/>
      </object_component>
      <object_component id="oc-508">
         <name>.debug_info</name>
         <load_address>0x0</load_address>
         <run_address>0x0</run_address>
         <size>0x633</size>
         <input_file_ref idref="fl-2"/>
      </object_component>
      <object_component id="oc-533">
         <name>.debug_info</name>
         <load_address>0x633</load_address>
         <run_address>0x633</run_address>
         <size>0x11b</size>
         <input_file_ref idref="fl-2"/>
      </object_component>
      <object_component id="oc-530">
         <name>.debug_info</name>
         <load_address>0x74e</load_address>
         <run_address>0x74e</run_address>
         <size>0x1d4</size>
         <input_file_ref idref="fl-2"/>
      </object_component>
      <object_component id="oc-502">
         <name>.debug_info</name>
         <load_address>0x922</load_address>
         <run_address>0x922</run_address>
         <size>0x207</size>
         <input_file_ref idref="fl-2"/>
      </object_component>
      <object_component id="oc-52a">
         <name>.debug_info</name>
         <load_address>0xb29</load_address>
         <run_address>0xb29</run_address>
         <size>0x171</size>
         <input_file_ref idref="fl-2"/>
      </object_component>
      <object_component id="oc-53c">
         <name>.debug_info</name>
         <load_address>0xc9a</load_address>
         <run_address>0xc9a</run_address>
         <size>0x24d</size>
         <input_file_ref idref="fl-2"/>
      </object_component>
      <object_component id="oc-536">
         <name>.debug_info</name>
         <load_address>0xee7</load_address>
         <run_address>0xee7</run_address>
         <size>0x1a6</size>
         <input_file_ref idref="fl-2"/>
      </object_component>
      <object_component id="oc-4c5">
         <name>.debug_info</name>
         <load_address>0x108d</load_address>
         <run_address>0x108d</run_address>
         <size>0x2b3</size>
         <input_file_ref idref="fl-2"/>
      </object_component>
      <object_component id="oc-5d6">
         <name>.debug_info</name>
         <load_address>0x1340</load_address>
         <run_address>0x1340</run_address>
         <size>0xf4</size>
         <input_file_ref idref="fl-2"/>
      </object_component>
      <object_component id="oc-4fb">
         <name>.debug_info</name>
         <load_address>0x1434</load_address>
         <run_address>0x1434</run_address>
         <size>0x26b</size>
         <input_file_ref idref="fl-2"/>
      </object_component>
      <object_component id="oc-70f">
         <name>.debug_info</name>
         <load_address>0x169f</load_address>
         <run_address>0x169f</run_address>
         <size>0x76</size>
         <input_file_ref idref="fl-2"/>
      </object_component>
      <object_component id="oc-74a">
         <name>.debug_info</name>
         <load_address>0x1715</load_address>
         <run_address>0x1715</run_address>
         <size>0xee</size>
         <input_file_ref idref="fl-2"/>
      </object_component>
      <object_component id="oc-6b3">
         <name>.debug_info</name>
         <load_address>0x1803</load_address>
         <run_address>0x1803</run_address>
         <size>0x174</size>
         <input_file_ref idref="fl-2"/>
      </object_component>
      <object_component id="oc-4f6">
         <name>.debug_info</name>
         <load_address>0x1977</load_address>
         <run_address>0x1977</run_address>
         <size>0x8b</size>
         <input_file_ref idref="fl-2"/>
      </object_component>
      <object_component id="oc-593">
         <name>.debug_info</name>
         <load_address>0x1a02</load_address>
         <run_address>0x1a02</run_address>
         <size>0x275</size>
         <input_file_ref idref="fl-2"/>
      </object_component>
      <object_component id="oc-4e8">
         <name>.debug_info</name>
         <load_address>0x1c77</load_address>
         <run_address>0x1c77</run_address>
         <size>0xbb</size>
         <input_file_ref idref="fl-2"/>
      </object_component>
      <object_component id="oc-4ed">
         <name>.debug_info</name>
         <load_address>0x1d32</load_address>
         <run_address>0x1d32</run_address>
         <size>0x3e2</size>
         <input_file_ref idref="fl-3"/>
      </object_component>
      <object_component id="oc-4ad">
         <name>.debug_info</name>
         <load_address>0x2114</load_address>
         <run_address>0x2114</run_address>
         <size>0x124</size>
         <input_file_ref idref="fl-3"/>
      </object_component>
      <object_component id="oc-4a4">
         <name>.debug_info</name>
         <load_address>0x2238</load_address>
         <run_address>0x2238</run_address>
         <size>0x1ab</size>
         <input_file_ref idref="fl-3"/>
      </object_component>
      <object_component id="oc-60b">
         <name>.debug_info</name>
         <load_address>0x23e3</load_address>
         <run_address>0x23e3</run_address>
         <size>0x287</size>
         <input_file_ref idref="fl-3"/>
      </object_component>
      <object_component id="oc-524">
         <name>.debug_info</name>
         <load_address>0x266a</load_address>
         <run_address>0x266a</run_address>
         <size>0x292</size>
         <input_file_ref idref="fl-3"/>
      </object_component>
      <object_component id="oc-451">
         <name>.debug_info</name>
         <load_address>0x28fc</load_address>
         <run_address>0x28fc</run_address>
         <size>0x194</size>
         <input_file_ref idref="fl-3"/>
      </object_component>
      <object_component id="oc-518">
         <name>.debug_info</name>
         <load_address>0x2a90</load_address>
         <run_address>0x2a90</run_address>
         <size>0x23d</size>
         <input_file_ref idref="fl-3"/>
      </object_component>
      <object_component id="oc-6c8">
         <name>.debug_info</name>
         <load_address>0x2ccd</load_address>
         <run_address>0x2ccd</run_address>
         <size>0x136</size>
         <input_file_ref idref="fl-4"/>
      </object_component>
      <object_component id="oc-5cb">
         <name>.debug_info</name>
         <load_address>0x2e03</load_address>
         <run_address>0x2e03</run_address>
         <size>0x138</size>
         <input_file_ref idref="fl-4"/>
      </object_component>
      <object_component id="oc-4b4">
         <name>.debug_info</name>
         <load_address>0x2f3b</load_address>
         <run_address>0x2f3b</run_address>
         <size>0x3f3</size>
         <input_file_ref idref="fl-5"/>
      </object_component>
      <object_component id="oc-4b1">
         <name>.debug_info</name>
         <load_address>0x332e</load_address>
         <run_address>0x332e</run_address>
         <size>0x2f3</size>
         <input_file_ref idref="fl-5"/>
      </object_component>
      <object_component id="oc-5ec">
         <name>.debug_info</name>
         <load_address>0x3621</load_address>
         <run_address>0x3621</run_address>
         <size>0x192</size>
         <input_file_ref idref="fl-5"/>
      </object_component>
      <object_component id="oc-5ff">
         <name>.debug_info</name>
         <load_address>0x37b3</load_address>
         <run_address>0x37b3</run_address>
         <size>0x1ce</size>
         <input_file_ref idref="fl-5"/>
      </object_component>
      <object_component id="oc-5e5">
         <name>.debug_info</name>
         <load_address>0x3981</load_address>
         <run_address>0x3981</run_address>
         <size>0x30e</size>
         <input_file_ref idref="fl-5"/>
      </object_component>
      <object_component id="oc-50e">
         <name>.debug_info</name>
         <load_address>0x3c8f</load_address>
         <run_address>0x3c8f</run_address>
         <size>0x203</size>
         <input_file_ref idref="fl-5"/>
      </object_component>
      <object_component id="oc-5f3">
         <name>.debug_info</name>
         <load_address>0x3e92</load_address>
         <run_address>0x3e92</run_address>
         <size>0x258</size>
         <input_file_ref idref="fl-5"/>
      </object_component>
      <object_component id="oc-515">
         <name>.debug_info</name>
         <load_address>0x40ea</load_address>
         <run_address>0x40ea</run_address>
         <size>0x470</size>
         <input_file_ref idref="fl-5"/>
      </object_component>
      <object_component id="oc-521">
         <name>.debug_info</name>
         <load_address>0x455a</load_address>
         <run_address>0x455a</run_address>
         <size>0x186</size>
         <input_file_ref idref="fl-5"/>
      </object_component>
      <object_component id="oc-5c5">
         <name>.debug_info</name>
         <load_address>0x46e0</load_address>
         <run_address>0x46e0</run_address>
         <size>0x2d3</size>
         <input_file_ref idref="fl-5"/>
      </object_component>
      <object_component id="oc-457">
         <name>.debug_info</name>
         <load_address>0x49b3</load_address>
         <run_address>0x49b3</run_address>
         <size>0x19a</size>
         <input_file_ref idref="fl-5"/>
      </object_component>
      <object_component id="oc-43a">
         <name>.debug_info</name>
         <load_address>0x4b4d</load_address>
         <run_address>0x4b4d</run_address>
         <size>0x84</size>
         <input_file_ref idref="fl-7"/>
      </object_component>
      <object_component id="oc-673">
         <name>.debug_info</name>
         <load_address>0x4bd1</load_address>
         <run_address>0x4bd1</run_address>
         <size>0x20d</size>
         <input_file_ref idref="fl-8"/>
      </object_component>
      <object_component id="oc-76e">
         <name>.debug_info</name>
         <load_address>0x4dde</load_address>
         <run_address>0x4dde</run_address>
         <size>0x14c</size>
         <input_file_ref idref="fl-8"/>
      </object_component>
      <object_component id="oc-66e">
         <name>.debug_info</name>
         <load_address>0x4f2a</load_address>
         <run_address>0x4f2a</run_address>
         <size>0x236</size>
         <input_file_ref idref="fl-8"/>
      </object_component>
      <object_component id="oc-5a8">
         <name>.debug_info</name>
         <load_address>0x5160</load_address>
         <run_address>0x5160</run_address>
         <size>0x1f8</size>
         <input_file_ref idref="fl-8"/>
      </object_component>
      <object_component id="oc-5a2">
         <name>.debug_info</name>
         <load_address>0x5358</load_address>
         <run_address>0x5358</run_address>
         <size>0x2a5</size>
         <input_file_ref idref="fl-8"/>
      </object_component>
      <object_component id="oc-772">
         <name>.debug_info</name>
         <load_address>0x55fd</load_address>
         <run_address>0x55fd</run_address>
         <size>0x1ac</size>
         <input_file_ref idref="fl-8"/>
      </object_component>
      <object_component id="oc-782">
         <name>.debug_info</name>
         <load_address>0x57a9</load_address>
         <run_address>0x57a9</run_address>
         <size>0x299</size>
         <input_file_ref idref="fl-8"/>
      </object_component>
      <object_component id="oc-71d">
         <name>.debug_info</name>
         <load_address>0x5a42</load_address>
         <run_address>0x5a42</run_address>
         <size>0x33f</size>
         <input_file_ref idref="fl-8"/>
      </object_component>
      <object_component id="oc-693">
         <name>.debug_info</name>
         <load_address>0x5d81</load_address>
         <run_address>0x5d81</run_address>
         <size>0x1e4</size>
         <input_file_ref idref="fl-8"/>
      </object_component>
      <object_component id="oc-78d">
         <name>.debug_info</name>
         <load_address>0x5f65</load_address>
         <run_address>0x5f65</run_address>
         <size>0x1a8</size>
         <input_file_ref idref="fl-b"/>
      </object_component>
      <object_component id="oc-5dc">
         <name>.debug_info</name>
         <load_address>0x610d</load_address>
         <run_address>0x610d</run_address>
         <size>0x247</size>
         <input_file_ref idref="fl-b"/>
      </object_component>
      <object_component id="oc-4a7">
         <name>.debug_info</name>
         <load_address>0x6354</load_address>
         <run_address>0x6354</run_address>
         <size>0x207</size>
         <input_file_ref idref="fl-b"/>
      </object_component>
      <object_component id="oc-5f6">
         <name>.debug_info</name>
         <load_address>0x655b</load_address>
         <run_address>0x655b</run_address>
         <size>0x233</size>
         <input_file_ref idref="fl-b"/>
      </object_component>
      <object_component id="oc-732">
         <name>.debug_info</name>
         <load_address>0x678e</load_address>
         <run_address>0x678e</run_address>
         <size>0x234</size>
         <input_file_ref idref="fl-b"/>
      </object_component>
      <object_component id="oc-744">
         <name>.debug_info</name>
         <load_address>0x69c2</load_address>
         <run_address>0x69c2</run_address>
         <size>0x244</size>
         <input_file_ref idref="fl-b"/>
      </object_component>
      <object_component id="oc-738">
         <name>.debug_info</name>
         <load_address>0x6c06</load_address>
         <run_address>0x6c06</run_address>
         <size>0x1f9</size>
         <input_file_ref idref="fl-b"/>
      </object_component>
      <object_component id="oc-73e">
         <name>.debug_info</name>
         <load_address>0x6dff</load_address>
         <run_address>0x6dff</run_address>
         <size>0x22b</size>
         <input_file_ref idref="fl-b"/>
      </object_component>
      <object_component id="oc-728">
         <name>.debug_info</name>
         <load_address>0x702a</load_address>
         <run_address>0x702a</run_address>
         <size>0x1b3</size>
         <input_file_ref idref="fl-d"/>
      </object_component>
      <object_component id="oc-61f">
         <name>.debug_info</name>
         <load_address>0x71dd</load_address>
         <run_address>0x71dd</run_address>
         <size>0x242</size>
         <input_file_ref idref="fl-d"/>
      </object_component>
      <object_component id="oc-62b">
         <name>.debug_info</name>
         <load_address>0x741f</load_address>
         <run_address>0x741f</run_address>
         <size>0x202</size>
         <input_file_ref idref="fl-d"/>
      </object_component>
      <object_component id="oc-625">
         <name>.debug_info</name>
         <load_address>0x7621</load_address>
         <run_address>0x7621</run_address>
         <size>0x1f8</size>
         <input_file_ref idref="fl-d"/>
      </object_component>
      <object_component id="oc-698">
         <name>.debug_info</name>
         <load_address>0x7819</load_address>
         <run_address>0x7819</run_address>
         <size>0x237</size>
         <input_file_ref idref="fl-d"/>
      </object_component>
      <object_component id="oc-6ad">
         <name>.debug_info</name>
         <load_address>0x7a50</load_address>
         <run_address>0x7a50</run_address>
         <size>0x228</size>
         <input_file_ref idref="fl-d"/>
      </object_component>
      <object_component id="oc-69e">
         <name>.debug_info</name>
         <load_address>0x7c78</load_address>
         <run_address>0x7c78</run_address>
         <size>0x1f4</size>
         <input_file_ref idref="fl-d"/>
      </object_component>
      <object_component id="oc-6a4">
         <name>.debug_info</name>
         <load_address>0x7e6c</load_address>
         <run_address>0x7e6c</run_address>
         <size>0x226</size>
         <input_file_ref idref="fl-d"/>
      </object_component>
      <object_component id="oc-6de">
         <name>.debug_info</name>
         <load_address>0x8092</load_address>
         <run_address>0x8092</run_address>
         <size>0x1ad</size>
         <input_file_ref idref="fl-f"/>
      </object_component>
      <object_component id="oc-633">
         <name>.debug_info</name>
         <load_address>0x823f</load_address>
         <run_address>0x823f</run_address>
         <size>0x140</size>
         <input_file_ref idref="fl-f"/>
      </object_component>
      <object_component id="oc-605">
         <name>.debug_info</name>
         <load_address>0x837f</load_address>
         <run_address>0x837f</run_address>
         <size>0x24f</size>
         <input_file_ref idref="fl-f"/>
      </object_component>
      <object_component id="oc-54e">
         <name>.debug_info</name>
         <load_address>0x85ce</load_address>
         <run_address>0x85ce</run_address>
         <size>0x24f</size>
         <input_file_ref idref="fl-f"/>
      </object_component>
      <object_component id="oc-548">
         <name>.debug_info</name>
         <load_address>0x881d</load_address>
         <run_address>0x881d</run_address>
         <size>0x251</size>
         <input_file_ref idref="fl-f"/>
      </object_component>
      <object_component id="oc-689">
         <name>.debug_info</name>
         <load_address>0x8a6e</load_address>
         <run_address>0x8a6e</run_address>
         <size>0x297</size>
         <input_file_ref idref="fl-f"/>
      </object_component>
      <object_component id="oc-676">
         <name>.debug_info</name>
         <load_address>0x8d05</load_address>
         <run_address>0x8d05</run_address>
         <size>0x246</size>
         <input_file_ref idref="fl-f"/>
      </object_component>
      <object_component id="oc-67c">
         <name>.debug_info</name>
         <load_address>0x8f4b</load_address>
         <run_address>0x8f4b</run_address>
         <size>0x26b</size>
         <input_file_ref idref="fl-f"/>
      </object_component>
      <object_component id="oc-682">
         <name>.debug_info</name>
         <load_address>0x91b6</load_address>
         <run_address>0x91b6</run_address>
         <size>0x244</size>
         <input_file_ref idref="fl-f"/>
      </object_component>
      <object_component id="oc-612">
         <name>.debug_info</name>
         <load_address>0x93fa</load_address>
         <run_address>0x93fa</run_address>
         <size>0x251</size>
         <input_file_ref idref="fl-f"/>
      </object_component>
      <object_component id="oc-5ad">
         <name>.debug_info</name>
         <load_address>0x964b</load_address>
         <run_address>0x964b</run_address>
         <size>0x196</size>
         <input_file_ref idref="fl-13"/>
      </object_component>
      <object_component id="oc-59b">
         <name>.debug_info</name>
         <load_address>0x97e1</load_address>
         <run_address>0x97e1</run_address>
         <size>0x1f3</size>
         <input_file_ref idref="fl-1c"/>
      </object_component>
      <object_component id="oc-71a">
         <name>.debug_info</name>
         <load_address>0x99d4</load_address>
         <run_address>0x99d4</run_address>
         <size>0x60e</size>
         <input_file_ref idref="fl-1d"/>
      </object_component>
      <object_component id="oc-68f">
         <name>.debug_info</name>
         <load_address>0x9fe2</load_address>
         <run_address>0x9fe2</run_address>
         <size>0x124</size>
         <input_file_ref idref="fl-1d"/>
      </object_component>
      <object_component id="oc-6aa">
         <name>.debug_info</name>
         <load_address>0xa106</load_address>
         <run_address>0xa106</run_address>
         <size>0x124</size>
         <input_file_ref idref="fl-1d"/>
      </object_component>
      <object_component id="oc-72f">
         <name>.debug_info</name>
         <load_address>0xa22a</load_address>
         <run_address>0xa22a</run_address>
         <size>0x124</size>
         <input_file_ref idref="fl-1d"/>
      </object_component>
      <object_component id="oc-750">
         <name>.debug_info</name>
         <load_address>0xa34e</load_address>
         <run_address>0xa34e</run_address>
         <size>0x124</size>
         <input_file_ref idref="fl-1d"/>
      </object_component>
      <object_component id="oc-542">
         <name>.debug_info</name>
         <load_address>0xa472</load_address>
         <run_address>0xa472</run_address>
         <size>0x1ea</size>
         <input_file_ref idref="fl-1d"/>
      </object_component>
      <object_component id="oc-6b9">
         <name>.debug_info</name>
         <load_address>0xa65c</load_address>
         <run_address>0xa65c</run_address>
         <size>0x24a</size>
         <input_file_ref idref="fl-1d"/>
      </object_component>
      <object_component id="oc-6bf">
         <name>.debug_info</name>
         <load_address>0xa8a6</load_address>
         <run_address>0xa8a6</run_address>
         <size>0x248</size>
         <input_file_ref idref="fl-1d"/>
      </object_component>
      <object_component id="oc-5bf">
         <name>.debug_info</name>
         <load_address>0xaaee</load_address>
         <run_address>0xaaee</run_address>
         <size>0x1a0</size>
         <input_file_ref idref="fl-1d"/>
      </object_component>
      <object_component id="oc-5b9">
         <name>.debug_info</name>
         <load_address>0xac8e</load_address>
         <run_address>0xac8e</run_address>
         <size>0x31f</size>
         <input_file_ref idref="fl-1d"/>
      </object_component>
      <object_component id="oc-5b3">
         <name>.debug_info</name>
         <load_address>0xafad</load_address>
         <run_address>0xafad</run_address>
         <size>0x2cf</size>
         <input_file_ref idref="fl-1d"/>
      </object_component>
      <object_component id="oc-65">
         <name>.debug_info</name>
         <load_address>0xb27c</load_address>
         <run_address>0xb27c</run_address>
         <size>0x2b9</size>
         <input_file_ref idref="fl-38"/>
      </object_component>
      <object_component id="oc-4e0">
         <name>.debug_info</name>
         <load_address>0xb535</load_address>
         <run_address>0xb535</run_address>
         <size>0x46</size>
         <input_file_ref idref="fl-38"/>
      </object_component>
      <object_component id="oc-49a">
         <name>.debug_info</name>
         <load_address>0xb57b</load_address>
         <run_address>0xb57b</run_address>
         <size>0x39</size>
         <input_file_ref idref="fl-38"/>
      </object_component>
      <object_component id="oc-435">
         <name>.debug_info</name>
         <load_address>0xb5b4</load_address>
         <run_address>0xb5b4</run_address>
         <size>0x60</size>
         <input_file_ref idref="fl-38"/>
      </object_component>
      <object_component id="oc-44a">
         <name>.debug_info</name>
         <load_address>0xb614</load_address>
         <run_address>0xb614</run_address>
         <size>0x1db</size>
         <input_file_ref idref="fl-39"/>
      </object_component>
      <object_component id="oc-6b">
         <name>.debug_info</name>
         <load_address>0xb7ef</load_address>
         <run_address>0xb7ef</run_address>
         <size>0x1f3</size>
         <input_file_ref idref="fl-39"/>
      </object_component>
      <object_component id="oc-445">
         <name>.debug_info</name>
         <load_address>0xb9e2</load_address>
         <run_address>0xb9e2</run_address>
         <size>0x46</size>
         <input_file_ref idref="fl-39"/>
      </object_component>
      <object_component id="oc-44c">
         <name>.debug_info</name>
         <load_address>0xba28</load_address>
         <run_address>0xba28</run_address>
         <size>0x110</size>
         <input_file_ref idref="fl-3b"/>
      </object_component>
      <object_component id="oc-45d">
         <name>.debug_info</name>
         <load_address>0xbb38</load_address>
         <run_address>0xbb38</run_address>
         <size>0x1d4</size>
         <input_file_ref idref="fl-4f"/>
      </object_component>
      <object_component id="oc-4b8">
         <name>.debug_info</name>
         <load_address>0xbd0c</load_address>
         <run_address>0xbd0c</run_address>
         <size>0x46</size>
         <input_file_ref idref="fl-4f"/>
      </object_component>
      <object_component id="oc-440">
         <name>.debug_info</name>
         <load_address>0xbd52</load_address>
         <run_address>0xbd52</run_address>
         <size>0x122</size>
         <input_file_ref idref="fl-50"/>
      </object_component>
      <object_component id="oc-777">
         <name>.debug_info</name>
         <load_address>0xbe74</load_address>
         <run_address>0xbe74</run_address>
         <size>0x136</size>
         <input_file_ref idref="fl-51"/>
      </object_component>
      <object_component id="oc-77c">
         <name>.debug_info</name>
         <load_address>0xbfaa</load_address>
         <run_address>0xbfaa</run_address>
         <size>0x139</size>
         <input_file_ref idref="fl-52"/>
      </object_component>
      <object_component id="oc-79a">
         <name>.debug_info</name>
         <load_address>0xc0e3</load_address>
         <run_address>0xc0e3</run_address>
         <size>0x122</size>
         <input_file_ref idref="fl-53"/>
      </object_component>
      <object_component id="oc-723">
         <name>.debug_info</name>
         <load_address>0xc205</load_address>
         <run_address>0xc205</run_address>
         <size>0x124</size>
         <input_file_ref idref="fl-54"/>
      </object_component>
      <object_component id="oc-79f">
         <name>.debug_info</name>
         <load_address>0xc329</load_address>
         <run_address>0xc329</run_address>
         <size>0x131</size>
         <input_file_ref idref="fl-57"/>
      </object_component>
      <object_component id="oc-769">
         <name>.debug_info</name>
         <load_address>0xc45a</load_address>
         <run_address>0xc45a</run_address>
         <size>0x121</size>
         <input_file_ref idref="fl-5b"/>
      </object_component>
      <object_component id="oc-431">
         <name>.debug_info</name>
         <load_address>0xc57b</load_address>
         <run_address>0xc57b</run_address>
         <size>0x101</size>
         <input_file_ref idref="fl-5d"/>
      </object_component>
      <object_component id="oc-46f">
         <name>.debug_info</name>
         <load_address>0xc67c</load_address>
         <run_address>0xc67c</run_address>
         <size>0x17b</size>
         <input_file_ref idref="fl-5d"/>
      </object_component>
      <object_component id="oc-650">
         <name>.debug_info</name>
         <load_address>0xc7f7</load_address>
         <run_address>0xc7f7</run_address>
         <size>0x40a</size>
         <input_file_ref idref="fl-60"/>
      </object_component>
      <object_component id="oc-579">
         <name>.debug_info</name>
         <load_address>0xcc01</load_address>
         <run_address>0xcc01</run_address>
         <size>0x217</size>
         <input_file_ref idref="fl-60"/>
      </object_component>
      <object_component id="oc-6f6">
         <name>.debug_info</name>
         <load_address>0xce18</load_address>
         <run_address>0xce18</run_address>
         <size>0x39</size>
         <input_file_ref idref="fl-60"/>
      </object_component>
      <object_component id="oc-707">
         <name>.debug_info</name>
         <load_address>0xce51</load_address>
         <run_address>0xce51</run_address>
         <size>0x2c</size>
         <input_file_ref idref="fl-60"/>
      </object_component>
      <object_component id="oc-65b">
         <name>.debug_info</name>
         <load_address>0xce7d</load_address>
         <run_address>0xce7d</run_address>
         <size>0x2c</size>
         <input_file_ref idref="fl-60"/>
      </object_component>
      <object_component id="oc-6fb">
         <name>.debug_info</name>
         <load_address>0xcea9</load_address>
         <run_address>0xcea9</run_address>
         <size>0xcd</size>
         <input_file_ref idref="fl-60"/>
      </object_component>
      <object_component id="oc-64a">
         <name>.debug_info</name>
         <load_address>0xcf76</load_address>
         <run_address>0xcf76</run_address>
         <size>0x151</size>
         <input_file_ref idref="fl-61"/>
      </object_component>
      <object_component id="oc-4bf">
         <name>.debug_info</name>
         <load_address>0xd0c7</load_address>
         <run_address>0xd0c7</run_address>
         <size>0x154</size>
         <input_file_ref idref="fl-62"/>
      </object_component>
      <object_component id="oc-6cb">
         <name>.debug_info</name>
         <load_address>0xd21b</load_address>
         <run_address>0xd21b</run_address>
         <size>0x2c</size>
         <input_file_ref idref="fl-63"/>
      </object_component>
      <object_component id="oc-555">
         <name>.debug_info</name>
         <load_address>0xd247</load_address>
         <run_address>0xd247</run_address>
         <size>0x123</size>
         <input_file_ref idref="fl-65"/>
      </object_component>
      <object_component id="oc-6ca">
         <name>.debug_info</name>
         <load_address>0xd36a</load_address>
         <run_address>0xd36a</run_address>
         <size>0x182</size>
         <input_file_ref idref="fl-68"/>
      </object_component>
      <object_component id="oc-5ce">
         <name>.debug_info</name>
         <load_address>0xd4ec</load_address>
         <run_address>0xd4ec</run_address>
         <size>0x17b</size>
         <input_file_ref idref="fl-68"/>
      </object_component>
      <object_component id="oc-80d">
         <name>.debug_info</name>
         <load_address>0xd667</load_address>
         <run_address>0xd667</run_address>
         <size>0xe4</size>
      </object_component>
      <object_component id="oc-5d5">
         <name>.debug_line</name>
         <load_address>0x0</load_address>
         <run_address>0x0</run_address>
         <size>0x38b</size>
         <input_file_ref idref="fl-2"/>
      </object_component>
      <object_component id="oc-61c">
         <name>.debug_line</name>
         <load_address>0x38b</load_address>
         <run_address>0x38b</run_address>
         <size>0x2d</size>
         <input_file_ref idref="fl-2"/>
      </object_component>
      <object_component id="oc-61a">
         <name>.debug_line</name>
         <load_address>0x3b8</load_address>
         <run_address>0x3b8</run_address>
         <size>0x2d</size>
         <input_file_ref idref="fl-2"/>
      </object_component>
      <object_component id="oc-505">
         <name>.debug_line</name>
[...]
         <name>dataReceived</name>
         <value>0x21c4</value>
         <object_component_ref idref="oc-52f"/>
      </symbol>
      <symbol id="sm-476">
         <name>sensor_data_ready</name>
         <value>0x941e</value>
         <object_component_ref idref="oc-529"/>
      </symbol>
      <symbol id="sm-477">
         <name>sensRequestedByteIdx</name>
         <value>0x21c3</value>
         <object_component_ref idref="oc-52f"/>
      </symbol>
      <symbol id="sm-478">
         <name>j</name>
         <value>0x21c6</value>
         <object_component_ref idref="oc-52f"/>
      </symbol>
      <symbol id="sm-479">
         <name>main</name>
         <value>0x844c</value>
         <object_component_ref idref="oc-4c4"/>
      </symbol>
      <symbol id="sm-47a">
         <name>setup</name>
         <value>0x90ca</value>
         <object_component_ref idref="oc-501"/>
      </symbol>
      <symbol id="sm-47b">
         <name>clear_buffer</name>
         <value>0x94e0</value>
         <object_component_ref idref="oc-535"/>
      </symbol>
      <symbol id="sm-47c">
         <name>currentRadioChoice</name>
         <value>0x21c5</value>
         <object_component_ref idref="oc-52f"/>
      </symbol>
      <symbol id="sm-47d">
         <name>read_sensor_data</name>
         <value>0x8dcc</value>
         <object_component_ref idref="oc-53b"/>
      </symbol>
      <symbol id="sm-47e">
         <name>pin</name>
         <value>0x21c2</value>
         <object_component_ref idref="oc-52f"/>
      </symbol>
      <symbol id="sm-47f">
         <name>timeout</name>
         <value>0x21c8</value>
         <object_component_ref idref="oc-52f"/>
      </symbol>
      <symbol id="sm-480">
         <name>testArrayRx</name>
         <value>0x21b8</value>
         <object_component_ref idref="oc-532"/>
      </symbol>
      <symbol id="sm-4c3">
         <name>rxIndexBLE</name>
         <value>0x21ca</value>
         <object_component_ref idref="oc-4a3"/>
      </symbol>
      <symbol id="sm-4c4">
         <name>init_BLE</name>
         <value>0x880c</value>
         <object_component_ref idref="oc-523"/>
      </symbol>
      <symbol id="sm-4c5">
         <name>__TI_int32</name>
         <value>0xffe2</value>
         <object_component_ref idref="oc-78"/>
      </symbol>
      <symbol id="sm-4c6">
         <name>find_pattern</name>
         <value>0x92ea</value>
         <object_component_ref idref="oc-60a"/>
      </symbol>
      <symbol id="sm-4c7">
         <name>EUSCI_A1_ISR</name>
         <value>0x960e</value>
         <object_component_ref idref="oc-450"/>
      </symbol>
      <symbol id="sm-4c8">
         <name>connectPattern</name>
         <value>0x21ce</value>
         <object_component_ref idref="oc-4a3"/>
      </symbol>
      <symbol id="sm-4c9">
         <name>BLEConnected</name>
         <value>0x21cc</value>
         <object_component_ref idref="oc-4a3"/>
      </symbol>
      <symbol id="sm-4ca">
         <name>BLE_transmit_data</name>
         <value>0x928a</value>
         <object_component_ref idref="oc-517"/>
      </symbol>
      <symbol id="sm-4cb">
         <name>rxBufBLE</name>
         <value>0x215e</value>
         <object_component_ref idref="oc-4ac"/>
      </symbol>
      <symbol id="sm-4cc">
         <name>rxCompletedBLE</name>
         <value>0x21cb</value>
         <object_component_ref idref="oc-4a3"/>
      </symbol>
      <symbol id="sm-4d6">
         <name>packetInitValue</name>
         <value>0x8162</value>
         <object_component_ref idref="oc-5ca"/>
      </symbol>
      <symbol id="sm-561">
         <name>rx_buf</name>
         <value>0x2102</value>
      </symbol>
      <symbol id="sm-562">
         <name>hex_payload</name>
         <value>0x2000</value>
      </symbol>
      <symbol id="sm-563">
         <name>resp_invalid_param</name>
         <value>0x21a6</value>
         <object_component_ref idref="oc-4b0"/>
      </symbol>
      <symbol id="sm-564">
         <name>rx_index</name>
         <value>0x21b0</value>
         <object_component_ref idref="oc-4b0"/>
      </symbol>
      <symbol id="sm-565">
         <name>timeouted</name>
         <value>0x21b6</value>
         <object_component_ref idref="oc-4b0"/>
      </symbol>
      <symbol id="sm-566">
         <name>__TI_int33</name>
         <value>0xffe4</value>
         <object_component_ref idref="oc-79"/>
      </symbol>
      <symbol id="sm-567">
         <name>lora_sleep</name>
         <value>0x936c</value>
         <object_component_ref idref="oc-51d"/>
      </symbol>
      <symbol id="sm-568">
         <name>lora_command</name>
         <value>0x8d4a</value>
         <object_component_ref idref="oc-5e1"/>
      </symbol>
      <symbol id="sm-569">
         <name>command_header</name>
         <value>0x21aa</value>
         <object_component_ref idref="oc-4b0"/>
      </symbol>
      <symbol id="sm-56a">
         <name>resp_ok</name>
         <value>0x21a4</value>
         <object_component_ref idref="oc-4b0"/>
      </symbol>
      <symbol id="sm-56b">
         <name>EUSCI_A0_ISR</name>
         <value>0x95c2</value>
         <object_component_ref idref="oc-456"/>
      </symbol>
      <symbol id="sm-56c">
         <name>nibble1</name>
         <value>0x21b3</value>
         <object_component_ref idref="oc-4b0"/>
      </symbol>
      <symbol id="sm-56d">
         <name>nibble2</name>
         <value>0x21b4</value>
         <object_component_ref idref="oc-4b0"/>
      </symbol>
      <symbol id="sm-56e">
         <name>resp_max_mac_pause</name>
         <value>0x21a8</value>
         <object_component_ref idref="oc-4b0"/>
      </symbol>
      <symbol id="sm-56f">
         <name>rx_complete</name>
         <value>0x21b1</value>
         <object_component_ref idref="oc-4b0"/>
      </symbol>
      <symbol id="sm-570">
         <name>buffer_compare</name>
         <value>0x9344</value>
         <object_component_ref idref="oc-5fb"/>
      </symbol>
      <symbol id="sm-571">
         <name>second_response</name>
         <value>0x21ae</value>
         <object_component_ref idref="oc-4b0"/>
      </symbol>
      <symbol id="sm-572">
         <name>rxdata</name>
         <value>0x21b2</value>
         <object_component_ref idref="oc-4b0"/>
      </symbol>
      <symbol id="sm-573">
         <name>tmp</name>
         <value>0x21b5</value>
         <object_component_ref idref="oc-4b0"/>
      </symbol>
      <symbol id="sm-574">
         <name>first_response</name>
         <value>0x21ac</value>
         <object_component_ref idref="oc-4b0"/>
      </symbol>
      <symbol id="sm-575">
         <name>clear_lora_rx_buffer</name>
         <value>0x94f6</value>
         <object_component_ref idref="oc-5e8"/>
      </symbol>
      <symbol id="sm-576">
         <name>buffer_to_hex_string</name>
         <value>0x8b04</value>
         <object_component_ref idref="oc-5ef"/>
      </symbol>
      <symbol id="sm-577">
         <name>init_lora</name>
         <value>0x81ca</value>
         <object_component_ref idref="oc-5c4"/>
      </symbol>
      <symbol id="sm-578">
         <name>lora_transmit_data_p2p</name>
         <value>0x8324</value>
         <object_component_ref idref="oc-511"/>
      </symbol>
      <symbol id="sm-579">
         <name>lora_wake_up</name>
         <value>0x89a4</value>
         <object_component_ref idref="oc-50a"/>
      </symbol>
      <symbol id="sm-5ea">
         <name>CS_initFLLSettle</name>
         <value>0x9254</value>
         <object_component_ref idref="oc-5a6"/>
      </symbol>
      <symbol id="sm-5eb">
         <name>CS_initFLL</name>
         <value>0x88da</value>
         <object_component_ref idref="oc-66c"/>
      </symbol>
      <symbol id="sm-5ec">
         <name>CS_getSMCLK</name>
         <value>0x943a</value>
         <object_component_ref idref="oc-691"/>
      </symbol>
      <symbol id="sm-5ed">
         <name>CS_initClockSignal</name>
         <value>0x854c</value>
         <object_component_ref idref="oc-5a0"/>
      </symbol>
      <symbol id="sm-62c">
         <name>EUSCI_A_UART_enableInterrupt</name>
         <value>0x9454</value>
         <object_component_ref idref="oc-743"/>
      </symbol>
      <symbol id="sm-62d">
         <name>EUSCI_A_UART_queryStatusFlags</name>
         <value>0x957a</value>
         <object_component_ref idref="oc-5f5"/>
      </symbol>
      <symbol id="sm-62e">
         <name>EUSCI_A_UART_init</name>
         <value>0x8ba4</value>
         <object_component_ref idref="oc-731"/>
      </symbol>
      <symbol id="sm-62f">
         <name>EUSCI_A_UART_enable</name>
         <value>0x9598</value>
         <object_component_ref idref="oc-737"/>
      </symbol>
      <symbol id="sm-630">
         <name>EUSCI_A_UART_receiveData</name>
         <value>0x9522</value>
         <object_component_ref idref="oc-4a6"/>
      </symbol>
      <symbol id="sm-631">
         <name>EUSCI_A_UART_clearInterrupt</name>
         <value>0x9592</value>
         <object_component_ref idref="oc-73d"/>
      </symbol>
      <symbol id="sm-632">
         <name>EUSCI_A_UART_transmitData</name>
         <value>0x9536</value>
         <object_component_ref idref="oc-5db"/>
      </symbol>
      <symbol id="sm-669">
         <name>EUSCI_B_SPI_isBusy</name>
         <value>0x955c</value>
         <object_component_ref idref="oc-624"/>
      </symbol>
      <symbol id="sm-66a">
         <name>EUSCI_B_SPI_receiveData</name>
         <value>0x9582</value>
         <object_component_ref idref="oc-62a"/>
      </symbol>
      <symbol id="sm-66b">
         <name>EUSCI_B_SPI_clearInterrupt</name>
         <value>0x959e</value>
         <object_component_ref idref="oc-6a3"/>
      </symbol>
      <symbol id="sm-66c">
         <name>EUSCI_B_SPI_enable</name>
         <value>0x95a4</value>
         <object_component_ref idref="oc-69d"/>
      </symbol>
      <symbol id="sm-66d">
         <name>EUSCI_B_SPI_transmitData</name>
         <value>0x958a</value>
         <object_component_ref idref="oc-61e"/>
      </symbol>
      <symbol id="sm-66e">
         <name>EUSCI_B_SPI_initMaster</name>
         <value>0x907a</value>
         <object_component_ref idref="oc-697"/>
      </symbol>
      <symbol id="sm-66f">
         <name>EUSCI_B_SPI_enableInterrupt</name>
         <value>0x95aa</value>
         <object_component_ref idref="oc-6ac"/>
      </symbol>
      <symbol id="sm-6bf">
         <name>GPIO_setAsInputPin</name>
         <value>0x93de</value>
         <object_component_ref idref="oc-681"/>
      </symbol>
      <symbol id="sm-6c0">
         <name>GPIO_setOutputHighOnPin</name>
         <value>0x9488</value>
         <object_component_ref idref="oc-547"/>
      </symbol>
      <symbol id="sm-6c1">
         <name>GPIO_setAsInputPinWithPullUpResistor</name>
         <value>0x9394</value>
         <object_component_ref idref="oc-67b"/>
      </symbol>
      <symbol id="sm-6c2">
         <name>GPIO_setAsOutputPin</name>
         <value>0x9400</value>
         <object_component_ref idref="oc-675"/>
      </symbol>
      <symbol id="sm-6c3">
         <name>GPIO_setOutputLowOnPin</name>
         <value>0x949e</value>
         <object_component_ref idref="oc-54d"/>
      </symbol>
      <symbol id="sm-6c4">
         <name>GPIO_toggleOutputOnPin</name>
         <value>0x94b4</value>
         <object_component_ref idref="oc-604"/>
      </symbol>
      <symbol id="sm-6c5">
         <name>GPIO_getInputPinValue</name>
         <value>0x946e</value>
         <object_component_ref idref="oc-611"/>
      </symbol>
      <symbol id="sm-6c6">
         <name>GPIO_setAsPeripheralModuleFunctionInputPin</name>
         <value>0x911a</value>
         <object_component_ref idref="oc-688"/>
      </symbol>
      <symbol id="sm-6d2">
         <name>PMM_unlockLPM5</name>
         <value>0x95b0</value>
         <object_component_ref idref="oc-5ac"/>
      </symbol>
      <symbol id="sm-6e3">
         <name>WDT_A_hold</name>
         <value>0x94ca</value>
         <object_component_ref idref="oc-59a"/>
      </symbol>
      <symbol id="sm-72e">
         <name>init_ble_uart</name>
         <value>0x8ec8</value>
         <object_component_ref idref="oc-6be"/>
      </symbol>
      <symbol id="sm-72f">
         <name>init_gpio</name>
         <value>0x8cc4</value>
         <object_component_ref idref="oc-5b2"/>
      </symbol>
      <symbol id="sm-730">
         <name>read_dipswitch_setting</name>
         <value>0x92ba</value>
         <object_component_ref idref="oc-541"/>
      </symbol>
      <symbol id="sm-731">
         <name>init_lora_uart</name>
         <value>0x8f40</value>
         <object_component_ref idref="oc-6b8"/>
      </symbol>
      <symbol id="sm-732">
         <name>init_uart</name>
         <value>0x9566</value>
         <object_component_ref idref="oc-5be"/>
      </symbol>
      <symbol id="sm-733">
         <name>init_spi</name>
         <value>0x8728</value>
         <object_component_ref idref="oc-5b8"/>
      </symbol>
      <symbol id="sm-754">
         <name>__TI_decompress_lzss</name>
         <value>0x863a</value>
         <object_component_ref idref="oc-64"/>
      </symbol>
      <symbol id="sm-765">
         <name>__TI_decompress_none</name>
         <value>0x9218</value>
         <object_component_ref idref="oc-6a"/>
      </symbol>
      <symbol id="sm-768">
         <name>__TI_int22</name>
         <value>0xffce</value>
         <object_component_ref idref="oc-70"/>
      </symbol>
      <symbol id="sm-770">
         <name>__TI_ISR_TRAP</name>
         <value>0x9672</value>
         <object_component_ref idref="oc-44b"/>
      </symbol>
      <symbol id="sm-773">
         <name>__TI_int23</name>
         <value>0xffd0</value>
         <object_component_ref idref="oc-71"/>
      </symbol>
      <symbol id="sm-776">
         <name>__TI_int24</name>
         <value>0xffd2</value>
         <object_component_ref idref="oc-72"/>
      </symbol>
      <symbol id="sm-779">
         <name>__TI_int25</name>
         <value>0xffd4</value>
         <object_component_ref idref="oc-73"/>
      </symbol>
      <symbol id="sm-77c">
         <name>__TI_int28</name>
         <value>0xffda</value>
         <object_component_ref idref="oc-74"/>
      </symbol>
      <symbol id="sm-77f">
         <name>__TI_int29</name>
         <value>0xffdc</value>
         <object_component_ref idref="oc-75"/>
      </symbol>
      <symbol id="sm-782">
         <name>__TI_int30</name>
         <value>0xffde</value>
         <object_component_ref idref="oc-76"/>
      </symbol>
      <symbol id="sm-785">
         <name>__TI_int31</name>
         <value>0xffe0</value>
         <object_component_ref idref="oc-77"/>
      </symbol>
      <symbol id="sm-788">
         <name>__TI_int34</name>
         <value>0xffe6</value>
         <object_component_ref idref="oc-7a"/>
      </symbol>
      <symbol id="sm-78b">
         <name>__TI_int35</name>
         <value>0xffe8</value>
         <object_component_ref idref="oc-7b"/>
      </symbol>
      <symbol id="sm-78e">
         <name>__TI_int36</name>
         <value>0xffea</value>
         <object_component_ref idref="oc-7c"/>
      </symbol>
      <symbol id="sm-791">
         <name>__TI_int37</name>
         <value>0xffec</value>
         <object_component_ref idref="oc-7d"/>
      </symbol>
      <symbol id="sm-794">
         <name>__TI_int38</name>
         <value>0xffee</value>
         <object_component_ref idref="oc-7e"/>
      </symbol>
      <symbol id="sm-797">
         <name>__TI_int39</name>
         <value>0xfff0</value>
         <object_component_ref idref="oc-7f"/>
      </symbol>
      <symbol id="sm-79a">
         <name>__TI_int40</name>
         <value>0xfff2</value>
         <object_component_ref idref="oc-80"/>
      </symbol>
      <symbol id="sm-79d">
         <name>__TI_int41</name>
         <value>0xfff4</value>
         <object_component_ref idref="oc-81"/>
      </symbol>
      <symbol id="sm-7a0">
         <name>__TI_int42</name>
         <value>0xfff6</value>
         <object_component_ref idref="oc-82"/>
      </symbol>
      <symbol id="sm-7a3">
         <name>__TI_int43</name>
         <value>0xfff8</value>
         <object_component_ref idref="oc-83"/>
      </symbol>
      <symbol id="sm-7a6">
         <name>__TI_int44</name>
         <value>0xfffa</value>
         <object_component_ref idref="oc-84"/>
      </symbol>
      <symbol id="sm-7a9">
         <name>__TI_int45</name>
         <value>0xfffc</value>
         <object_component_ref idref="oc-85"/>
      </symbol>
      <symbol id="sm-7b9">
         <name>__TI_zero_init_nomemset</name>
         <value>0x91da</value>
         <object_component_ref idref="oc-45c"/>
      </symbol>
      <symbol id="sm-7c4">
         <name>__memcpy_far</name>
         <value>0x915a</value>
         <object_component_ref idref="oc-43f"/>
      </symbol>
      <symbol id="sm-7d0">
         <name>__mspabi_remi</name>
         <value>0x9318</value>
         <object_component_ref idref="oc-776"/>
      </symbol>
      <symbol id="sm-7d1">
         <name>__mspabi_divi</name>
         <value>0x9318</value>
         <object_component_ref idref="oc-776"/>
      </symbol>
      <symbol id="sm-7dd">
         <name>__mspabi_remli</name>
         <value>0x919a</value>
         <object_component_ref idref="oc-77b"/>
      </symbol>
      <symbol id="sm-7de">
         <name>__mspabi_divli</name>
         <value>0x919a</value>
         <object_component_ref idref="oc-77b"/>
      </symbol>
      <symbol id="sm-7e8">
         <name>__mspabi_remu</name>
         <value>0x950c</value>
         <object_component_ref idref="oc-797"/>
      </symbol>
      <symbol id="sm-7e9">
         <name>__mspabi_divu</name>
         <value>0x950c</value>
         <object_component_ref idref="oc-797"/>
      </symbol>
      <symbol id="sm-7f7">
         <name>__mspabi_remul</name>
         <value>0x9022</value>
         <object_component_ref idref="oc-722"/>
      </symbol>
      <symbol id="sm-7f8">
         <name>__mspabi_divul</name>
         <value>0x9022</value>
         <object_component_ref idref="oc-722"/>
      </symbol>
      <symbol id="sm-802">
         <name>__mspabi_mpyl_f5hw</name>
         <value>0x93ba</value>
         <object_component_ref idref="oc-79e"/>
      </symbol>
      <symbol id="sm-80e">
         <name>__mspabi_slli</name>
         <value>0x9570</value>
         <object_component_ref idref="oc-768"/>
      </symbol>
      <symbol id="sm-81f">
         <name>_stack</name>
         <value>0x2f60</value>
         <object_component_ref idref="oc-430"/>
      </symbol>
      <symbol id="sm-820">
         <name>_c_int00_noargs</name>
         <value>0x9656</value>
         <object_component_ref idref="oc-46e"/>
      </symbol>
      <symbol id="sm-821">
         <name>_reset_vector</name>
         <value>0xfffe</value>
         <object_component_ref idref="oc-433"/>
      </symbol>
      <symbol id="sm-845">
         <name>__TI_auto_init_nobinit_nopinit_hold_wdt</name>
         <value>0x8fb8</value>
         <object_component_ref idref="oc-578"/>
      </symbol>
      <symbol id="sm-84e">
         <name>_system_post_cinit</name>
         <value>0x95c0</value>
         <object_component_ref idref="oc-649"/>
      </symbol>
      <symbol id="sm-857">
         <name>_system_pre_init</name>
         <value>0x95bc</value>
         <object_component_ref idref="oc-4be"/>
      </symbol>
      <symbol id="sm-868">
         <name>C$$EXIT</name>
         <value>0x95b6</value>
         <object_component_ref idref="oc-554"/>
      </symbol>
      <symbol id="sm-869">
         <name>abort</name>
         <value>0x95b6</value>
         <object_component_ref idref="oc-554"/>
      </symbol>
      <symbol id="sm-879">
         <name>memcpy</name>
         <value>0x954a</value>
         <object_component_ref idref="oc-5cd"/>
      </symbol>
   </symbol_table>
   <title>Link successful</title>
</link_info>
