<?xml version="1.0" encoding="ISO-8859-1" ?>
<link_info>
   <banner>MSP430 Linker Unix v18.12.3.LTS</banner>
   <copyright>Copyright (c) 2003-2018 Texas Instruments Incorporated</copyright>
   <link_time>0x5e18b462</link_time>
   <link_errors>0x0</link_errors>
   <output_file>radio_module.out</output_file>
   <entry_point>
      <name>_c_int00_noargs</name>
      <address>0x96e4</address>
   </entry_point>
   <input_file_list>
      <input_file id="fl-2">
         <path>./</path>
         <kind>object</kind>
         <file>main.obj</file>
         <name>main.obj</name>
      </input_file>
      <input_file id="fl-3">
         <path>./communication/</path>
         <kind>object</kind>
         <file>bl652.obj</file>
         <name>bl652.obj</name>
      </input_file>
      <input_file id="fl-4">
         <path>./communication/</path>
         <kind>object</kind>
         <file>data_packet.obj</file>
         <name>data_packet.obj</name>
      </input_file>
      <input_file id="fl-5">
         <path>./communication/</path>
         <kind>object</kind>
         <file>radio_comm.obj</file>
         <name>radio_comm.obj</name>
      </input_file>
      <input_file id="fl-6">
         <path>./communication/</path>
         <kind>object</kind>
         <file>rn2483.obj</file>
         <name>rn2483.obj</name>
      </input_file>
      <input_file id="fl-7">
         <path>./communication/</path>
         <kind>object</kind>
         <file>sensing_module_comm.obj</file>
         <name>sensing_module_comm.obj</name>
      </input_file>
      <input_file id="fl-8">
         <path>./driverlib/MSP430FR2xx_4xx/</path>
         <kind>object</kind>
         <file>adc.obj</file>
         <name>adc.obj</name>
      </input_file>
      <input_file id="fl-9">
         <path>./driverlib/MSP430FR2xx_4xx/</path>
         <kind>object</kind>
         <file>crc.obj</file>
         <name>crc.obj</name>
      </input_file>
      <input_file id="fl-a">
         <path>./driverlib/MSP430FR2xx_4xx/</path>
         <kind>object</kind>
         <file>cs.obj</file>
         <name>cs.obj</name>
      </input_file>
      <input_file id="fl-b">
         <path>./driverlib/MSP430FR2xx_4xx/</path>
         <kind>object</kind>
         <file>ecomp.obj</file>
         <name>ecomp.obj</name>
      </input_file>
      <input_file id="fl-c">
         <path>./driverlib/MSP430FR2xx_4xx/</path>
         <kind>object</kind>
         <file>eusci_a_spi.obj</file>
         <name>eusci_a_spi.obj</name>
      </input_file>
      <input_file id="fl-d">
         <path>./driverlib/MSP430FR2xx_4xx/</path>
         <kind>object</kind>
         <file>eusci_a_uart.obj</file>
         <name>eusci_a_uart.obj</name>
      </input_file>
      <input_file id="fl-e">
         <path>./driverlib/MSP430FR2xx_4xx/</path>
         <kind>object</kind>
         <file>eusci_b_i2c.obj</file>
         <name>eusci_b_i2c.obj</name>
      </input_file>
      <input_file id="fl-f">
         <path>./driverlib/MSP430FR2xx_4xx/</path>
         <kind>object</kind>
         <file>eusci_b_spi.obj</file>
         <name>eusci_b_spi.obj</name>
      </input_file>
      <input_file id="fl-10">
         <path>./driverlib/MSP430FR2xx_4xx/</path>
         <kind>object</kind>
         <file>framctl.obj</file>
         <name>framctl.obj</name>
      </input_file>
      <input_file id="fl-11">
         <path>./driverlib/MSP430FR2xx_4xx/</path>
         <kind>object</kind>
         <file>gpio.obj</file>
         <name>gpio.obj</name>
      </input_file>
      <input_file id="fl-12">
         <path>./driverlib/MSP430FR2xx_4xx/</path>
         <kind>object</kind>
         <file>icc.obj</file>
         <name>icc.obj</name>
      </input_file>
      <input_file id="fl-13">
         <path>./driverlib/MSP430FR2xx_4xx/</path>
         <kind>object</kind>
         <file>lcd_e.obj</file>
         <name>lcd_e.obj</name>
      </input_file>
      <input_file id="fl-14">
         <path>./driverlib/MSP430FR2xx_4xx/</path>
         <kind>object</kind>
         <file>mpy32.obj</file>
         <name>mpy32.obj</name>
      </input_file>
      <input_file id="fl-15">
         <path>./driverlib/MSP430FR2xx_4xx/</path>
         <kind>object</kind>
         <file>pmm.obj</file>
         <name>pmm.obj</name>
      </input_file>
      <input_file id="fl-16">
         <path>./driverlib/MSP430FR2xx_4xx/</path>
         <kind>object</kind>
         <file>rtc.obj</file>
         <name>rtc.obj</name>
      </input_file>
      <input_file id="fl-17">
         <path>./driverlib/MSP430FR2xx_4xx/</path>
         <kind>object</kind>
         <file>sac.obj</file>
         <name>sac.obj</name>
      </input_file>
      <input_file id="fl-18">
         <path>./driverlib/MSP430FR2xx_4xx/</path>
         <kind>object</kind>
         <file>sfr.obj</file>
         <name>sfr.obj</name>
      </input_file>
      <input_file id="fl-19">
         <path>./driverlib/MSP430FR2xx_4xx/</path>
         <kind>object</kind>
         <file>sysctl.obj</file>
         <name>sysctl.obj</name>
      </input_file>
      <input_file id="fl-1a">
         <path>./driverlib/MSP430FR2xx_4xx/</path>
         <kind>object</kind>
         <file>tia.obj</file>
         <name>tia.obj</name>
      </input_file>
      <input_file id="fl-1b">
         <path>./driverlib/MSP430FR2xx_4xx/</path>
         <kind>object</kind>
         <file>timer_a.obj</file>
         <name>timer_a.obj</name>
      </input_file>
      <input_file id="fl-1c">
         <path>./driverlib/MSP430FR2xx_4xx/</path>
         <kind>object</kind>
         <file>timer_b.obj</file>
         <name>timer_b.obj</name>
      </input_file>
      <input_file id="fl-1d">
         <path>./driverlib/MSP430FR2xx_4xx/</path>
         <kind>object</kind>
         <file>tlv.obj</file>
         <name>tlv.obj</name>
      </input_file>
      <input_file id="fl-1e">
         <path>./driverlib/MSP430FR2xx_4xx/</path>
         <kind>object</kind>
         <file>wdt_a.obj</file>
         <name>wdt_a.obj</name>
      </input_file>
      <input_file id="fl-1f">
         <path>./mcu_config/</path>
         <kind>object</kind>
         <file>peripherals.obj</file>
         <name>peripherals.obj</name>
      </input_file>
      <input_file id="fl-24">
         <kind>object</kind>
         <file>&lt;internal&gt;</file>
         <name>&lt;internal&gt;</name>
      </input_file>
      <input_file id="fl-3a">
         <path>/Applications/ti/ccs900/ccs/tools/compiler/ti-cgt-msp430_18.12.3.LTS/lib/</path>
         <kind>archive</kind>
         <file>rts430x_lc_sd_eabi.lib</file>
         <name>copy_decompress_lzss.c.obj</name>
      </input_file>
      <input_file id="fl-3b">
         <path>/Applications/ti/ccs900/ccs/tools/compiler/ti-cgt-msp430_18.12.3.LTS/lib/</path>
         <kind>archive</kind>
         <file>rts430x_lc_sd_eabi.lib</file>
         <name>copy_decompress_none.c.obj</name>
      </input_file>
      <input_file id="fl-3c">
         <path>/Applications/ti/ccs900/ccs/tools/compiler/ti-cgt-msp430_18.12.3.LTS/lib/</path>
         <kind>archive</kind>
         <file>rts430x_lc_sd_eabi.lib</file>
         <name>int22.asm.obj</name>
      </input_file>
      <input_file id="fl-3d">
         <path>/Applications/ti/ccs900/ccs/tools/compiler/ti-cgt-msp430_18.12.3.LTS/lib/</path>
         <kind>archive</kind>
         <file>rts430x_lc_sd_eabi.lib</file>
         <name>isr_trap.asm.obj</name>
      </input_file>
      <input_file id="fl-3e">
         <path>/Applications/ti/ccs900/ccs/tools/compiler/ti-cgt-msp430_18.12.3.LTS/lib/</path>
         <kind>archive</kind>
         <file>rts430x_lc_sd_eabi.lib</file>
         <name>int23.asm.obj</name>
      </input_file>
      <input_file id="fl-3f">
         <path>/Applications/ti/ccs900/ccs/tools/compiler/ti-cgt-msp430_18.12.3.LTS/lib/</path>
         <kind>archive</kind>
         <file>rts430x_lc_sd_eabi.lib</file>
         <name>int24.asm.obj</name>
      </input_file>
      <input_file id="fl-40">
         <path>/Applications/ti/ccs900/ccs/tools/compiler/ti-cgt-msp430_18.12.3.LTS/lib/</path>
         <kind>archive</kind>
         <file>rts430x_lc_sd_eabi.lib</file>
         <name>int25.asm.obj</name>
      </input_file>
      <input_file id="fl-41">
         <path>/Applications/ti/ccs900/ccs/tools/compiler/ti-cgt-msp430_18.12.3.LTS/lib/</path>
         <kind>archive</kind>
         <file>rts430x_lc_sd_eabi.lib</file>
         <name>int28.asm.obj</name>
      </input_file>
      <input_file id="fl-42">
         <path>/Applications/ti/ccs900/ccs/tools/compiler/ti-cgt-msp430_18.12.3.LTS/lib/</path>
         <kind>archive</kind>
         <file>rts430x_lc_sd_eabi.lib</file>
         <name>int29.asm.obj</name>
      </input_file>
      <input_file id="fl-43">
         <path>/Applications/ti/ccs900/ccs/tools/compiler/ti-cgt-msp430_18.12.3.LTS/lib/</path>
         <kind>archive</kind>
         <file>rts430x_lc_sd_eabi.lib</file>
         <name>int30.asm.obj</name>
      </input_file>
      <input_file id="fl-44">
         <path>/Applications/ti/ccs900/ccs/tools/compiler/ti-cgt-msp430_18.12.3.LTS/lib/</path>
         <kind>archive</kind>
         <file>rts430x_lc_sd_eabi.lib</file>
         <name>int31.asm.obj</name>
      </input_file>
      <input_file id="fl-45">
         <path>/Applications/ti/ccs900/ccs/tools/compiler/ti-cgt-msp430_18.12.3.LTS/lib/</path>
         <kind>archive</kind>
         <file>rts430x_lc_sd_eabi.lib</file>
         <name>int34.asm.obj</name>
      </input_file>
      <input_file id="fl-46">
         <path>/Applications/ti/ccs900/ccs/tools/compiler/ti-cgt-msp430_18.12.3.LTS/lib/</path>
         <kind>archive</kind>
         <file>rts430x_lc_sd_eabi.lib</file>
         <name>int35.asm.obj</name>
      </input_file>
      <input_file id="fl-47">
         <path>/Applications/ti/ccs900/ccs/tools/compiler/ti-cgt-msp430_18.12.3.LTS/lib/</path>
         <kind>archive</kind>
         <file>rts430x_lc_sd_eabi.lib</file>
         <name>int36.asm.obj</name>
      </input_file>
      <input_file id="fl-48">
         <path>/Applications/ti/ccs900/ccs/tools/compiler/ti-cgt-msp430_18.12.3.LTS/lib/</path>
         <kind>archive</kind>
         <file>rts430x_lc_sd_eabi.lib</file>
         <name>int37.asm.obj</name>
      </input_file>
      <input_file id="fl-49">
         <path>/Applications/ti/ccs900/ccs/tools/compiler/ti-cgt-msp430_18.12.3.LTS/lib/</path>
         <kind>archive</kind>
         <file>rts430x_lc_sd_eabi.lib</file>
         <name>int38.asm.obj</name>
      </input_file>
      <input_file id="fl-4a">
         <path>/Applications/ti/ccs900/ccs/tools/compiler/ti-cgt-msp430_18.12.3.LTS/lib/</path>
         <kind>archive</kind>
         <file>rts430x_lc_sd_eabi.lib</file>
         <name>int39.asm.obj</name>
      </input_file>
      <input_file id="fl-4b">
         <path>/Applications/ti/ccs900/ccs/tools/compiler/ti-cgt-msp430_18.12.3.LTS/lib/</path>
         <kind>archive</kind>
         <file>rts430x_lc_sd_eabi.lib</file>
         <name>int40.asm.obj</name>
      </input_file>
      <input_file id="fl-4c">
         <path>/Applications/ti/ccs900/ccs/tools/compiler/ti-cgt-msp430_18.12.3.LTS/lib/</path>
         <kind>archive</kind>
         <file>rts430x_lc_sd_eabi.lib</file>
         <name>int41.asm.obj</name>
      </input_file>
      <input_file id="fl-4d">
         <path>/Applications/ti/ccs900/ccs/tools/compiler/ti-cgt-msp430_18.12.3.LTS/lib/</path>
         <kind>archive</kind>
         <file>rts430x_lc_sd_eabi.lib</file>
         <name>int42.asm.obj</name>
      </input_file>
      <input_file id="fl-4e">
         <path>/Applications/ti/ccs900/ccs/tools/compiler/ti-cgt-msp430_18.12.3.LTS/lib/</path>
         <kind>archive</kind>
         <file>rts430x_lc_sd_eabi.lib</file>
         <name>int43.asm.obj</name>
      </input_file>
      <input_file id="fl-4f">
         <path>/Applications/ti/ccs900/ccs/tools/compiler/ti-cgt-msp430_18.12.3.LTS/lib/</path>
         <kind>archive</kind>
         <file>rts430x_lc_sd_eabi.lib</file>
         <name>int44.asm.obj</name>
      </input_file>
      <input_file id="fl-50">
         <path>/Applications/ti/ccs900/ccs/tools/compiler/ti-cgt-msp430_18.12.3.LTS/lib/</path>
         <kind>archive</kind>
         <file>rts430x_lc_sd_eabi.lib</file>
         <name>int45.asm.obj</name>
      </input_file>
      <input_file id="fl-51">
         <path>/Applications/ti/ccs900/ccs/tools/compiler/ti-cgt-msp430_18.12.3.LTS/lib/</path>
         <kind>archive</kind>
         <file>rts430x_lc_sd_eabi.lib</file>
         <name>copy_zero_init.c.obj</name>
      </input_file>
      <input_file id="fl-52">
         <path>/Applications/ti/ccs900/ccs/tools/compiler/ti-cgt-msp430_18.12.3.LTS/lib/</path>
         <kind>archive</kind>
         <file>rts430x_lc_sd_eabi.lib</file>
         <name>cpy_util.asm.obj</name>
      </input_file>
      <input_file id="fl-53">
         <path>/Applications/ti/ccs900/ccs/tools/compiler/ti-cgt-msp430_18.12.3.LTS/lib/</path>
         <kind>archive</kind>
         <file>rts430x_lc_sd_eabi.lib</file>
         <name>fs_cmp.asm.obj</name>
      </input_file>
      <input_file id="fl-54">
         <path>/Applications/ti/ccs900/ccs/tools/compiler/ti-cgt-msp430_18.12.3.LTS/lib/</path>
         <kind>archive</kind>
         <file>rts430x_lc_sd_eabi.lib</file>
         <name>div16s.asm.obj</name>
      </input_file>
      <input_file id="fl-55">
         <path>/Applications/ti/ccs900/ccs/tools/compiler/ti-cgt-msp430_18.12.3.LTS/lib/</path>
         <kind>archive</kind>
         <file>rts430x_lc_sd_eabi.lib</file>
         <name>div32s.asm.obj</name>
      </input_file>
      <input_file id="fl-56">
         <path>/Applications/ti/ccs900/ccs/tools/compiler/ti-cgt-msp430_18.12.3.LTS/lib/</path>
         <kind>archive</kind>
         <file>rts430x_lc_sd_eabi.lib</file>
         <name>div16u.asm.obj</name>
      </input_file>
      <input_file id="fl-57">
         <path>/Applications/ti/ccs900/ccs/tools/compiler/ti-cgt-msp430_18.12.3.LTS/lib/</path>
         <kind>archive</kind>
         <file>rts430x_lc_sd_eabi.lib</file>
         <name>div32u.asm.obj</name>
      </input_file>
      <input_file id="fl-58">
         <path>/Applications/ti/ccs900/ccs/tools/compiler/ti-cgt-msp430_18.12.3.LTS/lib/</path>
         <kind>archive</kind>
         <file>rts430x_lc_sd_eabi.lib</file>
         <name>mult16_f5hw.asm.obj</name>
      </input_file>
      <input_file id="fl-59">
         <path>/Applications/ti/ccs900/ccs/tools/compiler/ti-cgt-msp430_18.12.3.LTS/lib/</path>
         <kind>archive</kind>
         <file>rts430x_lc_sd_eabi.lib</file>
         <name>mult32.asm.obj</name>
      </input_file>
      <input_file id="fl-5a">
         <path>/Applications/ti/ccs900/ccs/tools/compiler/ti-cgt-msp430_18.12.3.LTS/lib/</path>
         <kind>archive</kind>
         <file>rts430x_lc_sd_eabi.lib</file>
         <name>mult32_f5hw.asm.obj</name>
      </input_file>
      <input_file id="fl-5b">
         <path>/Applications/ti/ccs900/ccs/tools/compiler/ti-cgt-msp430_18.12.3.LTS/lib/</path>
         <kind>archive</kind>
         <file>rts430x_lc_sd_eabi.lib</file>
         <name>mult64_f5hw.asm.obj</name>
      </input_file>
      <input_file id="fl-5c">
         <path>/Applications/ti/ccs900/ccs/tools/compiler/ti-cgt-msp430_18.12.3.LTS/lib/</path>
         <kind>archive</kind>
         <file>rts430x_lc_sd_eabi.lib</file>
         <name>mult1632_f5hw.asm.obj</name>
      </input_file>
      <input_file id="fl-5d">
         <path>/Applications/ti/ccs900/ccs/tools/compiler/ti-cgt-msp430_18.12.3.LTS/lib/</path>
         <kind>archive</kind>
         <file>rts430x_lc_sd_eabi.lib</file>
         <name>mult3264_f5hw.asm.obj</name>
      </input_file>
      <input_file id="fl-5e">
         <path>/Applications/ti/ccs900/ccs/tools/compiler/ti-cgt-msp430_18.12.3.LTS/lib/</path>
         <kind>archive</kind>
         <file>rts430x_lc_sd_eabi.lib</file>
         <name>lsl16.asm.obj</name>
      </input_file>
      <input_file id="fl-5f">
         <path>/Applications/ti/ccs900/ccs/tools/compiler/ti-cgt-msp430_18.12.3.LTS/lib/</path>
         <kind>archive</kind>
         <file>rts430x_lc_sd_eabi.lib</file>
         <name>lsr16.asm.obj</name>
      </input_file>
      <input_file id="fl-60">
         <path>/Applications/ti/ccs900/ccs/tools/compiler/ti-cgt-msp430_18.12.3.LTS/lib/</path>
         <kind>archive</kind>
         <file>rts430x_lc_sd_eabi.lib</file>
         <name>boot.c.obj</name>
      </input_file>
      <input_file id="fl-61">
         <path>/Applications/ti/ccs900/ccs/tools/compiler/ti-cgt-msp430_18.12.3.LTS/lib/</path>
         <kind>archive</kind>
         <file>rts430x_lc_sd_eabi.lib</file>
         <name>mpu_init.c.obj</name>
      </input_file>
      <input_file id="fl-62">
         <path>/Applications/ti/ccs900/ccs/tools/compiler/ti-cgt-msp430_18.12.3.LTS/lib/</path>
         <kind>archive</kind>
         <file>rts430x_lc_sd_eabi.lib</file>
         <name>args_main.c.obj</name>
      </input_file>
      <input_file id="fl-63">
         <path>/Applications/ti/ccs900/ccs/tools/compiler/ti-cgt-msp430_18.12.3.LTS/lib/</path>
         <kind>archive</kind>
         <file>rts430x_lc_sd_eabi.lib</file>
         <name>autoinit.c.obj</name>
      </input_file>
      <input_file id="fl-64">
         <path>/Applications/ti/ccs900/ccs/tools/compiler/ti-cgt-msp430_18.12.3.LTS/lib/</path>
         <kind>archive</kind>
         <file>rts430x_lc_sd_eabi.lib</file>
         <name>startup.c.obj</name>
      </input_file>
      <input_file id="fl-65">
         <path>/Applications/ti/ccs900/ccs/tools/compiler/ti-cgt-msp430_18.12.3.LTS/lib/</path>
         <kind>archive</kind>
         <file>rts430x_lc_sd_eabi.lib</file>
         <name>pre_init.c.obj</name>
      </input_file>
      <input_file id="fl-66">
         <path>/Applications/ti/ccs900/ccs/tools/compiler/ti-cgt-msp430_18.12.3.LTS/lib/</path>
         <kind>archive</kind>
         <file>rts430x_lc_sd_eabi.lib</file>
         <name>cpy_tbl.c.obj</name>
      </input_file>
      <input_file id="fl-67">
         <path>/Applications/ti/ccs900/ccs/tools/compiler/ti-cgt-msp430_18.12.3.LTS/lib/</path>
         <kind>archive</kind>
         <file>rts430x_lc_sd_eabi.lib</file>
         <name>mult16.asm.obj</name>
      </input_file>
      <input_file id="fl-68">
         <path>/Applications/ti/ccs900/ccs/tools/compiler/ti-cgt-msp430_18.12.3.LTS/lib/</path>
         <kind>archive</kind>
         <file>rts430x_lc_sd_eabi.lib</file>
         <name>exit.c.obj</name>
      </input_file>
      <input_file id="fl-69">
         <path>/Applications/ti/ccs900/ccs/tools/compiler/ti-cgt-msp430_18.12.3.LTS/lib/</path>
         <kind>archive</kind>
         <file>rts430x_lc_sd_eabi.lib</file>
         <name>exit_gvars.c.obj</name>
      </input_file>
      <input_file id="fl-6a">
         <path>/Applications/ti/ccs900/ccs/tools/compiler/ti-cgt-msp430_18.12.3.LTS/lib/</path>
         <kind>archive</kind>
         <file>rts430x_lc_sd_eabi.lib</file>
         <name>_lock.c.obj</name>
      </input_file>
      <input_file id="fl-6b">
         <path>/Applications/ti/ccs900/ccs/tools/compiler/ti-cgt-msp430_18.12.3.LTS/lib/</path>
         <kind>archive</kind>
         <file>rts430x_lc_sd_eabi.lib</file>
         <name>memcpy.c.obj</name>
      </input_file>
   </input_file_list>
   <object_component_list>
      <object_component id="oc-82c">
         <name>.cinit..data.load</name>
         <load_address>0x8000</load_address>
         <run_address>0x8000</run_address>
         <size>0x71</size>
      </object_component>
      <object_component id="oc-829">
         <name>__TI_handler_table</name>
         <load_address>0x8074</load_address>
         <run_address>0x8074</run_address>
         <size>0xc</size>
      </object_component>
      <object_component id="oc-82b">
         <name>.cinit..bss.load</name>
         <load_address>0x8080</load_address>
         <run_address>0x8080</run_address>
         <size>0x6</size>
      </object_component>
      <object_component id="oc-82a">
         <name>__TI_cinit_table</name>
         <load_address>0x8086</load_address>
         <run_address>0x8086</run_address>
         <size>0x10</size>
      </object_component>
      <object_component id="oc-7c9">
         <name>.binit</name>
         <load_address>0x8096</load_address>
         <run_address>0x8096</run_address>
         <size>0x0</size>
      </object_component>
      <object_component id="oc-4f1">
         <name>.const:.string</name>
         <load_address>0x8096</load_address>
         <run_address>0x8096</run_address>
         <size>0xa6</size>
         <input_file_ref idref="fl-6"/>
      </object_component>
      <object_component id="oc-6ab">
         <name>.const:GPIO_PORT_TO_BASE</name>
         <load_address>0x813c</load_address>
         <run_address>0x813c</run_address>
         <size>0x1c</size>
         <input_file_ref idref="fl-11"/>
      </object_component>
      <object_component id="oc-59b">
         <name>.const:packetInitValue</name>
         <load_address>0x8158</load_address>
         <run_address>0x8158</run_address>
         <size>0x1c</size>
         <input_file_ref idref="fl-4"/>
      </object_component>
      <object_component id="oc-663">
         <name>.const:$P$T0$1</name>
         <load_address>0x8174</load_address>
         <run_address>0x8174</run_address>
         <size>0x12</size>
         <input_file_ref idref="fl-1f"/>
      </object_component>
      <object_component id="oc-67e">
         <name>.const:$P$T1$2</name>
         <load_address>0x8186</load_address>
         <run_address>0x8186</run_address>
         <size>0x12</size>
         <input_file_ref idref="fl-1f"/>
      </object_component>
      <object_component id="oc-743">
         <name>.const:$P$T2$3</name>
         <load_address>0x8198</load_address>
         <run_address>0x8198</run_address>
         <size>0x10</size>
         <input_file_ref idref="fl-1f"/>
      </object_component>
      <object_component id="oc-764">
         <name>.const:$P$T3$4</name>
         <load_address>0x81a8</load_address>
         <run_address>0x81a8</run_address>
         <size>0x10</size>
         <input_file_ref idref="fl-1f"/>
      </object_component>
      <object_component id="oc-4e5">
         <name>.const:.string</name>
         <load_address>0x81b8</load_address>
         <run_address>0x81b8</run_address>
         <size>0x8</size>
         <input_file_ref idref="fl-3"/>
      </object_component>
      <object_component id="oc-69a">
         <name>.text:init_lora</name>
         <load_address>0x81c0</load_address>
         <run_address>0x81c0</run_address>
         <size>0x15a</size>
         <input_file_ref idref="fl-6"/>
      </object_component>
      <object_component id="oc-5e7">
         <name>.text:lora_transmit_data_p2p</name>
         <load_address>0x831a</load_address>
         <run_address>0x831a</run_address>
         <size>0x128</size>
         <input_file_ref idref="fl-6"/>
      </object_component>
      <object_component id="oc-571">
         <name>.text:CS_initClockSignal</name>
         <load_address>0x8442</load_address>
         <run_address>0x8442</run_address>
         <size>0xee</size>
         <input_file_ref idref="fl-a"/>
      </object_component>
      <object_component id="oc-64">
         <name>.text:decompress:lzss:__TI_decompress_lzss</name>
         <load_address>0x8530</load_address>
         <run_address>0x8530</run_address>
         <size>0xee</size>
         <input_file_ref idref="fl-3a"/>
      </object_component>
      <object_component id="oc-589">
         <name>.text:init_spi</name>
         <load_address>0x861e</load_address>
         <run_address>0x861e</run_address>
         <size>0xe4</size>
         <input_file_ref idref="fl-1f"/>
      </object_component>
      <object_component id="oc-51e">
         <name>.text:send_data_radio</name>
         <load_address>0x8702</load_address>
         <run_address>0x8702</run_address>
         <size>0xd6</size>
         <input_file_ref idref="fl-5"/>
      </object_component>
      <object_component id="oc-5ed">
         <name>.text:init_BLE</name>
         <load_address>0x87d8</load_address>
         <run_address>0x87d8</run_address>
         <size>0xce</size>
         <input_file_ref idref="fl-3"/>
      </object_component>
      <object_component id="oc-641">
         <name>.text:CS_initFLL</name>
         <load_address>0x88a6</load_address>
         <run_address>0x88a6</run_address>
         <size>0xca</size>
         <input_file_ref idref="fl-a"/>
      </object_component>
      <object_component id="oc-5e1">
         <name>.text:lora_wake_up</name>
         <load_address>0x8970</load_address>
         <run_address>0x8970</run_address>
         <size>0xb0</size>
         <input_file_ref idref="fl-6"/>
      </object_component>
      <object_component id="oc-730">
         <name>.text:privateCSComputeCLKFrequency</name>
         <load_address>0x8a20</load_address>
         <run_address>0x8a20</run_address>
         <size>0xb0</size>
         <input_file_ref idref="fl-a"/>
      </object_component>
      <object_component id="oc-6d0">
         <name>.text:buffer_to_hex_string</name>
         <load_address>0x8ad0</load_address>
         <run_address>0x8ad0</run_address>
         <size>0xa0</size>
         <input_file_ref idref="fl-6"/>
      </object_component>
      <object_component id="oc-746">
         <name>.text:EUSCI_A_UART_init</name>
         <load_address>0x8b70</load_address>
         <run_address>0x8b70</run_address>
         <size>0x90</size>
         <input_file_ref idref="fl-d"/>
      </object_component>
      <object_component id="oc-79f">
         <name>.text:privateCSSourceClockFromDCO</name>
         <load_address>0x8c00</load_address>
         <run_address>0x8c00</run_address>
         <size>0x90</size>
         <input_file_ref idref="fl-a"/>
      </object_component>
      <object_component id="oc-583">
         <name>.text:init_gpio</name>
         <load_address>0x8c90</load_address>
         <run_address>0x8c90</run_address>
         <size>0x86</size>
         <input_file_ref idref="fl-1f"/>
      </object_component>
      <object_component id="oc-6c2">
         <name>.text:lora_command</name>
         <load_address>0x8d16</load_address>
         <run_address>0x8d16</run_address>
         <size>0x82</size>
         <input_file_ref idref="fl-6"/>
      </object_component>
      <object_component id="oc-78f">
         <name>.text:privateDCORange</name>
         <load_address>0x8d98</load_address>
         <run_address>0x8d98</run_address>
         <size>0x7c</size>
         <input_file_ref idref="fl-a"/>
      </object_component>
      <object_component id="oc-693">
         <name>.text:init_ble_uart</name>
         <load_address>0x8e14</load_address>
         <run_address>0x8e14</run_address>
         <size>0x78</size>
         <input_file_ref idref="fl-1f"/>
      </object_component>
      <object_component id="oc-68d">
         <name>.text:init_lora_uart</name>
         <load_address>0x8e8c</load_address>
         <run_address>0x8e8c</run_address>
         <size>0x78</size>
         <input_file_ref idref="fl-1f"/>
      </object_component>
      <object_component id="oc-513">
         <name>.text:read_sensor_data</name>
         <load_address>0x8f04</load_address>
         <run_address>0x8f04</run_address>
         <size>0x74</size>
         <input_file_ref idref="fl-7"/>
      </object_component>
      <object_component id="oc-549">
         <name>.text:__TI_auto_init_nobinit_nopinit_hold_wdt:__TI_auto_init_nobinit_nopinit_hold_wdt</name>
         <load_address>0x8f78</load_address>
         <run_address>0x8f78</run_address>
         <size>0x6a</size>
         <input_file_ref idref="fl-63"/>
      </object_component>
      <object_component id="oc-5f3">
         <name>.text:BLE_transmit_data</name>
         <load_address>0x8fe2</load_address>
         <run_address>0x8fe2</run_address>
         <size>0x5a</size>
         <input_file_ref idref="fl-3"/>
      </object_component>
      <object_component id="oc-501">
         <name>.text:setup</name>
         <load_address>0x903c</load_address>
         <run_address>0x903c</run_address>
         <size>0x5a</size>
         <input_file_ref idref="fl-2"/>
      </object_component>
      <object_component id="oc-737">
         <name>.text</name>
         <load_address>0x9096</load_address>
         <run_address>0x9096</run_address>
         <size>0x58</size>
         <input_file_ref idref="fl-57"/>
      </object_component>
      <object_component id="oc-66c">
         <name>.text:EUSCI_B_SPI_initMaster</name>
         <load_address>0x90ee</load_address>
         <run_address>0x90ee</run_address>
         <size>0x50</size>
         <input_file_ref idref="fl-f"/>
      </object_component>
      <object_component id="oc-519">
         <name>.text</name>
         <load_address>0x913e</load_address>
         <run_address>0x913e</run_address>
         <size>0x4a</size>
         <input_file_ref idref="fl-53"/>
      </object_component>
      <object_component id="oc-4c4">
         <name>.text:main</name>
         <load_address>0x9188</load_address>
         <run_address>0x9188</run_address>
         <size>0x42</size>
         <input_file_ref idref="fl-2"/>
      </object_component>
      <object_component id="oc-65d">
         <name>.text:GPIO_setAsPeripheralModuleFunctionInputPin</name>
         <load_address>0x91ca</load_address>
         <run_address>0x91ca</run_address>
         <size>0x40</size>
         <input_file_ref idref="fl-11"/>
      </object_component>
      <object_component id="oc-43f">
         <name>.text:__memcpy_far</name>
         <load_address>0x920a</load_address>
         <run_address>0x920a</run_address>
         <size>0x40</size>
         <input_file_ref idref="fl-52"/>
      </object_component>
      <object_component id="oc-79a">
         <name>.text</name>
         <load_address>0x924a</load_address>
         <run_address>0x924a</run_address>
         <size>0x40</size>
         <input_file_ref idref="fl-55"/>
      </object_component>
      <object_component id="oc-45c">
         <name>.text:decompress:ZI:__TI_zero_init_nomemset:__TI_zero_init_nomemset</name>
         <load_address>0x928a</load_address>
         <run_address>0x928a</run_address>
         <size>0x3e</size>
         <input_file_ref idref="fl-51"/>
      </object_component>
      <object_component id="oc-6a">
         <name>.text:decompress:none:__TI_decompress_none</name>
         <load_address>0x92c8</load_address>
         <run_address>0x92c8</run_address>
         <size>0x3c</size>
         <input_file_ref idref="fl-3b"/>
      </object_component>
      <object_component id="oc-577">
         <name>.text:CS_initFLLSettle</name>
         <load_address>0x9304</load_address>
         <run_address>0x9304</run_address>
         <size>0x36</size>
         <input_file_ref idref="fl-a"/>
      </object_component>
      <object_component id="oc-5db">
         <name>.text:read_dipswitch_setting</name>
         <load_address>0x933a</load_address>
         <run_address>0x933a</run_address>
         <size>0x30</size>
         <input_file_ref idref="fl-1f"/>
      </object_component>
      <object_component id="oc-6e9">
         <name>.text:find_pattern</name>
         <load_address>0x936a</load_address>
         <run_address>0x936a</run_address>
         <size>0x2e</size>
         <input_file_ref idref="fl-3"/>
      </object_component>
      <object_component id="oc-795">
         <name>.text</name>
         <load_address>0x9398</load_address>
         <run_address>0x9398</run_address>
         <size>0x2c</size>
         <input_file_ref idref="fl-54"/>
      </object_component>
      <object_component id="oc-6dc">
         <name>.text:buffer_compare</name>
         <load_address>0x93c4</load_address>
         <run_address>0x93c4</run_address>
         <size>0x28</size>
         <input_file_ref idref="fl-6"/>
      </object_component>
      <object_component id="oc-5f9">
         <name>.text:lora_sleep</name>
         <load_address>0x93ec</load_address>
         <run_address>0x93ec</run_address>
         <size>0x28</size>
         <input_file_ref idref="fl-6"/>
      </object_component>
      <object_component id="oc-650">
         <name>.text:GPIO_setAsInputPinWithPullUpResistor</name>
         <load_address>0x9414</load_address>
         <run_address>0x9414</run_address>
         <size>0x26</size>
         <input_file_ref idref="fl-11"/>
      </object_component>
      <object_component id="oc-7bf">
         <name>.text</name>
         <load_address>0x943a</load_address>
         <run_address>0x943a</run_address>
         <size>0x24</size>
         <input_file_ref idref="fl-5a"/>
      </object_component>
      <object_component id="oc-656">
         <name>.text:GPIO_setAsInputPin</name>
         <load_address>0x945e</load_address>
         <run_address>0x945e</run_address>
         <size>0x22</size>
         <input_file_ref idref="fl-11"/>
      </object_component>
      <object_component id="oc-64a">
         <name>.text:GPIO_setAsOutputPin</name>
         <load_address>0x9480</load_address>
         <run_address>0x9480</run_address>
         <size>0x1e</size>
         <input_file_ref idref="fl-11"/>
      </object_component>
      <object_component id="oc-666">
         <name>.text:CS_getSMCLK</name>
         <load_address>0x949e</load_address>
         <run_address>0x949e</run_address>
         <size>0x1a</size>
         <input_file_ref idref="fl-a"/>
      </object_component>
      <object_component id="oc-758">
         <name>.text:EUSCI_A_UART_enableInterrupt</name>
         <load_address>0x94b8</load_address>
         <run_address>0x94b8</run_address>
         <size>0x1a</size>
         <input_file_ref idref="fl-d"/>
      </object_component>
      <object_component id="oc-5a5">
         <name>.text:GPIO_getInputPinValue</name>
         <load_address>0x94d2</load_address>
         <run_address>0x94d2</run_address>
         <size>0x1a</size>
         <input_file_ref idref="fl-11"/>
      </object_component>
      <object_component id="oc-507">
         <name>.text:sensor_data_ready</name>
         <load_address>0x94ec</load_address>
         <run_address>0x94ec</run_address>
         <size>0x18</size>
         <input_file_ref idref="fl-7"/>
      </object_component>
      <object_component id="oc-5ff">
         <name>.text:GPIO_setOutputHighOnPin</name>
         <load_address>0x9504</load_address>
         <run_address>0x9504</run_address>
         <size>0x16</size>
         <input_file_ref idref="fl-11"/>
      </object_component>
      <object_component id="oc-605">
         <name>.text:GPIO_setOutputLowOnPin</name>
         <load_address>0x951a</load_address>
         <run_address>0x951a</run_address>
         <size>0x16</size>
         <input_file_ref idref="fl-11"/>
      </object_component>
      <object_component id="oc-6e3">
         <name>.text:GPIO_toggleOutputOnPin</name>
         <load_address>0x9530</load_address>
         <run_address>0x9530</run_address>
         <size>0x16</size>
         <input_file_ref idref="fl-11"/>
      </object_component>
      <object_component id="oc-56b">
         <name>.text:WDT_A_hold</name>
         <load_address>0x9546</load_address>
         <run_address>0x9546</run_address>
         <size>0x16</size>
         <input_file_ref idref="fl-1e"/>
      </object_component>
      <object_component id="oc-5b5">
         <name>.text:clear_buffer</name>
         <load_address>0x955c</load_address>
         <run_address>0x955c</run_address>
         <size>0x16</size>
         <input_file_ref idref="fl-7"/>
      </object_component>
      <object_component id="oc-6c9">
         <name>.text:clear_lora_rx_buffer</name>
         <load_address>0x9572</load_address>
         <run_address>0x9572</run_address>
         <size>0x16</size>
         <input_file_ref idref="fl-6"/>
      </object_component>
      <object_component id="oc-7b8">
         <name>.text</name>
         <load_address>0x9588</load_address>
         <run_address>0x9588</run_address>
         <size>0x16</size>
         <input_file_ref idref="fl-56"/>
      </object_component>
      <object_component id="oc-4a6">
         <name>.text:EUSCI_A_UART_receiveData</name>
         <load_address>0x959e</load_address>
         <run_address>0x959e</run_address>
         <size>0x14</size>
         <input_file_ref idref="fl-d"/>
      </object_component>
      <object_component id="oc-6bc">
         <name>.text:EUSCI_A_UART_transmitData</name>
         <load_address>0x95b2</load_address>
         <run_address>0x95b2</run_address>
         <size>0x14</size>
         <input_file_ref idref="fl-d"/>
      </object_component>
      <object_component id="oc-595">
         <name>.text:init_radio</name>
         <load_address>0x95c6</load_address>
         <run_address>0x95c6</run_address>
         <size>0x12</size>
         <input_file_ref idref="fl-5"/>
      </object_component>
      <object_component id="oc-59e">
         <name>.text:memcpy</name>
         <load_address>0x95d8</load_address>
         <run_address>0x95d8</run_address>
         <size>0x12</size>
         <input_file_ref idref="fl-6b"/>
      </object_component>
      <object_component id="oc-5c7">
         <name>.text:EUSCI_B_SPI_isBusy</name>
         <load_address>0x95ea</load_address>
         <run_address>0x95ea</run_address>
         <size>0xa</size>
         <input_file_ref idref="fl-f"/>
      </object_component>
      <object_component id="oc-58f">
         <name>.text:init_uart</name>
         <load_address>0x95f4</load_address>
         <run_address>0x95f4</run_address>
         <size>0xa</size>
         <input_file_ref idref="fl-1f"/>
      </object_component>
      <object_component id="oc-787">
         <name>.text</name>
         <load_address>0x95fe</load_address>
         <run_address>0x95fe</run_address>
         <size>0xa</size>
         <input_file_ref idref="fl-5e"/>
      </object_component>
      <object_component id="oc-6d6">
         <name>.text:EUSCI_A_UART_queryStatusFlags</name>
         <load_address>0x9608</load_address>
         <run_address>0x9608</run_address>
         <size>0x8</size>
         <input_file_ref idref="fl-d"/>
      </object_component>
      <object_component id="oc-5cd">
         <name>.text:EUSCI_B_SPI_receiveData</name>
         <load_address>0x9610</load_address>
         <run_address>0x9610</run_address>
         <size>0x8</size>
         <input_file_ref idref="fl-f"/>
      </object_component>
      <object_component id="oc-5be">
         <name>.text:EUSCI_B_SPI_transmitData</name>
         <load_address>0x9618</load_address>
         <run_address>0x9618</run_address>
         <size>0x8</size>
         <input_file_ref idref="fl-f"/>
      </object_component>
      <object_component id="oc-752">
         <name>.text:EUSCI_A_UART_clearInterrupt</name>
         <load_address>0x9620</load_address>
         <run_address>0x9620</run_address>
         <size>0x6</size>
         <input_file_ref idref="fl-d"/>
      </object_component>
      <object_component id="oc-74c">
         <name>.text:EUSCI_A_UART_enable</name>
         <load_address>0x9626</load_address>
         <run_address>0x9626</run_address>
         <size>0x6</size>
         <input_file_ref idref="fl-d"/>
      </object_component>
      <object_component id="oc-678">
         <name>.text:EUSCI_B_SPI_clearInterrupt</name>
         <load_address>0x962c</load_address>
         <run_address>0x962c</run_address>
         <size>0x6</size>
         <input_file_ref idref="fl-f"/>
      </object_component>
      <object_component id="oc-672">
         <name>.text:EUSCI_B_SPI_enable</name>
         <load_address>0x9632</load_address>
         <run_address>0x9632</run_address>
         <size>0x6</size>
         <input_file_ref idref="fl-f"/>
      </object_component>
      <object_component id="oc-681">
         <name>.text:EUSCI_B_SPI_enableInterrupt</name>
         <load_address>0x9638</load_address>
         <run_address>0x9638</run_address>
         <size>0x6</size>
         <input_file_ref idref="fl-f"/>
      </object_component>
      <object_component id="oc-57d">
         <name>.text:PMM_unlockLPM5</name>
         <load_address>0x963e</load_address>
         <run_address>0x963e</run_address>
         <size>0x6</size>
         <input_file_ref idref="fl-15"/>
      </object_component>
      <object_component id="oc-525">
         <name>.text:abort</name>
         <load_address>0x9644</load_address>
         <run_address>0x9644</run_address>
         <size>0x6</size>
         <input_file_ref idref="fl-68"/>
      </object_component>
      <object_component id="oc-4be">
         <name>.text:_system_pre_init</name>
         <load_address>0x964a</load_address>
         <run_address>0x964a</run_address>
         <size>0x4</size>
         <input_file_ref idref="fl-65"/>
      </object_component>
      <object_component id="oc-61e">
         <name>.text:_system_post_cinit</name>
         <load_address>0x964e</load_address>
         <run_address>0x964e</run_address>
         <size>0x2</size>
         <input_file_ref idref="fl-64"/>
      </object_component>
      <object_component id="oc-456">
         <name>.text:_isr:EUSCI_A0_ISR</name>
         <load_address>0x9650</load_address>
         <run_address>0x9650</run_address>
         <size>0x4c</size>
         <input_file_ref idref="fl-6"/>
      </object_component>
      <object_component id="oc-450">
         <name>.text:_isr:EUSCI_A1_ISR</name>
         <load_address>0x969c</load_address>
         <run_address>0x969c</run_address>
         <size>0x48</size>
         <input_file_ref idref="fl-3"/>
      </object_component>
      <object_component id="oc-46e">
         <name>.text:_isr:_c_int00_noargs</name>
         <load_address>0x96e4</load_address>
         <run_address>0x96e4</run_address>
         <size>0x1c</size>
         <input_file_ref idref="fl-60"/>
      </object_component>
      <object_component id="oc-44b">
         <name>.text:_isr:__TI_ISR_TRAP</name>
         <load_address>0x9700</load_address>
         <run_address>0x9700</run_address>
         <size>0x8</size>
         <input_file_ref idref="fl-3d"/>
      </object_component>
      <object_component id="oc-510">
         <name>.common:packet</name>
         <uninitialized>true</uninitialized>
         <run_address>0x213e</run_address>
         <size>0x1c</size>
      </object_component>
      <object_component id="oc-5d8">
         <name>.common:previousRadioChoice</name>
         <uninitialized>true</uninitialized>
         <run_address>0x215c</run_address>
         <size>0x1</size>
      </object_component>
      <object_component id="oc-4b3">
         <name>.common:rx_buf</name>
         <uninitialized>true</uninitialized>
         <run_address>0x2102</run_address>
         <size>0x3c</size>
      </object_component>
      <object_component id="oc-6cf">
         <name>.common:hex_payload</name>
         <uninitialized>true</uninitialized>
         <run_address>0x2000</run_address>
         <size>0x102</size>
      </object_component>
      <object_component id="oc-5bb">
         <name>.common:i</name>
         <uninitialized>true</uninitialized>
         <run_address>0x215a</run_address>
         <size>0x2</size>
      </object_component>
      <object_component id="oc-50d">
         <name>.data</name>
         <load_address>0x21b7</load_address>
         <run_address>0x21b7</run_address>
         <size>0x1</size>
         <input_file_ref idref="fl-2"/>
      </object_component>
      <object_component id="oc-4ac">
         <name>.data:rxBufBLE</name>
         <load_address>0x215e</load_address>
         <run_address>0x215e</run_address>
         <size>0x46</size>
         <input_file_ref idref="fl-3"/>
      </object_component>
      <object_component id="oc-4a3">
         <name>.data</name>
         <load_address>0x21b8</load_address>
         <run_address>0x21b8</run_address>
         <size>0x8</size>
         <input_file_ref idref="fl-3"/>
      </object_component>
      <object_component id="oc-5d5">
         <name>.data</name>
         <load_address>0x21c8</load_address>
         <run_address>0x21c8</run_address>
         <size>0x1</size>
         <input_file_ref idref="fl-5"/>
      </object_component>
      <object_component id="oc-4b0">
         <name>.data</name>
         <load_address>0x21a4</load_address>
         <run_address>0x21a4</run_address>
         <size>0x13</size>
         <input_file_ref idref="fl-6"/>
      </object_component>
      <object_component id="oc-5c4">
         <name>.data</name>
         <load_address>0x21c4</load_address>
         <run_address>0x21c4</run_address>
         <size>0x4</size>
         <input_file_ref idref="fl-7"/>
      </object_component>
      <object_component id="oc-78c">
         <name>.data</name>
         <load_address>0x21c0</load_address>
         <run_address>0x21c0</run_address>
         <size>0x4</size>
         <input_file_ref idref="fl-a"/>
      </object_component>
      <object_component id="oc-430">
         <name>.stack</name>
         <uninitialized>true</uninitialized>
         <run_address>0x2f60</run_address>
         <size>0x2</size>
         <input_file_ref idref="fl-60"/>
      </object_component>
      <object_component id="oc-82d">
         <name>.stack</name>
         <uninitialized>true</uninitialized>
         <run_address>0x2f60</run_address>
         <size>0x0</size>
      </object_component>
      <object_component id="oc-70">
         <name>.int22</name>
         <load_address>0xffce</load_address>
         <run_address>0xffce</run_address>
         <size>0x2</size>
         <input_file_ref idref="fl-3c"/>
      </object_component>
      <object_component id="oc-71">
         <name>.int23</name>
         <load_address>0xffd0</load_address>
         <run_address>0xffd0</run_address>
         <size>0x2</size>
         <input_file_ref idref="fl-3e"/>
      </object_component>
      <object_component id="oc-72">
         <name>.int24</name>
         <load_address>0xffd2</load_address>
         <run_address>0xffd2</run_address>
         <size>0x2</size>
         <input_file_ref idref="fl-3f"/>
      </object_component>
      <object_component id="oc-73">
         <name>.int25</name>
         <load_address>0xffd4</load_address>
         <run_address>0xffd4</run_address>
         <size>0x2</size>
         <input_file_ref idref="fl-40"/>
      </object_component>
      <object_component id="oc-74">
         <name>.int28</name>
         <load_address>0xffda</load_address>
         <run_address>0xffda</run_address>
         <size>0x2</size>
         <input_file_ref idref="fl-41"/>
      </object_component>
      <object_component id="oc-75">
         <name>.int29</name>
         <load_address>0xffdc</load_address>
         <run_address>0xffdc</run_address>
         <size>0x2</size>
         <input_file_ref idref="fl-42"/>
      </object_component>
      <object_component id="oc-76">
         <name>.int30</name>
         <load_address>0xffde</load_address>
         <run_address>0xffde</run_address>
         <size>0x2</size>
         <input_file_ref idref="fl-43"/>
      </object_component>
      <object_component id="oc-77">
         <name>.int31</name>
         <load_address>0xffe0</load_address>
         <run_address>0xffe0</run_address>
         <size>0x2</size>
         <input_file_ref idref="fl-44"/>
      </object_component>
      <object_component id="oc-78">
         <name>.int32</name>
         <load_address>0xffe2</load_address>
         <run_address>0xffe2</run_address>
         <size>0x2</size>
         <input_file_ref idref="fl-3"/>
      </object_component>
      <object_component id="oc-79">
         <name>.int33</name>
         <load_address>0xffe4</load_address>
         <run_address>0xffe4</run_address>
         <size>0x2</size>
         <input_file_ref idref="fl-6"/>
      </object_component>
      <object_component id="oc-7a">
         <name>.int34</name>
         <load_address>0xffe6</load_address>
         <run_address>0xffe6</run_address>
         <size>0x2</size>
         <input_file_ref idref="fl-45"/>
      </object_component>
      <object_component id="oc-7b">
         <name>.int35</name>
         <load_address>0xffe8</load_address>
         <run_address>0xffe8</run_address>
         <size>0x2</size>
         <input_file_ref idref="fl-46"/>
      </object_component>
      <object_component id="oc-7c">
         <name>.int36</name>
         <load_address>0xffea</load_address>
         <run_address>0xffea</run_address>
         <size>0x2</size>
         <input_file_ref idref="fl-47"/>
      </object_component>
      <object_component id="oc-7d">
         <name>.int37</name>
         <load_address>0xffec</load_address>
         <run_address>0xffec</run_address>
         <size>0x2</size>
         <input_file_ref idref="fl-48"/>
      </object_component>
      <object_component id="oc-7e">
         <name>.int38</name>
         <load_address>0xffee</load_address>
         <run_address>0xffee</run_address>
         <size>0x2</size>
         <input_file_ref idref="fl-49"/>
      </object_component>
      <object_component id="oc-7f">
         <name>.int39</name>
         <load_address>0xfff0</load_address>
         <run_address>0xfff0</run_address>
         <size>0x2</size>
         <input_file_ref idref="fl-4a"/>
      </object_component>
      <object_component id="oc-80">
         <name>.int40</name>
         <load_address>0xfff2</load_address>
         <run_address>0xfff2</run_address>
         <size>0x2</size>
         <input_file_ref idref="fl-4b"/>
      </object_component>
      <object_component id="oc-81">
         <name>.int41</name>
         <load_address>0xfff4</load_address>
         <run_address>0xfff4</run_address>
         <size>0x2</size>
         <input_file_ref idref="fl-4c"/>
      </object_component>
      <object_component id="oc-82">
         <name>.int42</name>
         <load_address>0xfff6</load_address>
         <run_address>0xfff6</run_address>
         <size>0x2</size>
         <input_file_ref idref="fl-4d"/>
      </object_component>
      <object_component id="oc-83">
         <name>.int43</name>
         <load_address>0xfff8</load_address>
         <run_address>0xfff8</run_address>
         <size>0x2</size>
         <input_file_ref idref="fl-4e"/>
      </object_component>
      <object_component id="oc-84">
         <name>.int44</name>
         <load_address>0xfffa</load_address>
         <run_address>0xfffa</run_address>
         <size>0x2</size>
         <input_file_ref idref="fl-4f"/>
      </object_component>
      <object_component id="oc-85">
         <name>.int45</name>
         <load_address>0xfffc</load_address>
         <run_address>0xfffc</run_address>
         <size>0x2</size>
         <input_file_ref idref="fl-50"/>
      </object_component>
      <object_component id="oc-433">
         <name>.reset</name>
         <load_address>0xfffe</load_address>
         <run_address>0xfffe</run_address>
         <size>0x2</size>
         <input_file_ref idref="fl-60"/>
      </object_component>
      <object_component id="oc-511">
         <name>.debug_info</name>
         <load_address>0x0</load_address>
         <run_address>0x0</run_address>
         <size>0x3a9</size>
         <input_file_ref idref="fl-2"/>
      </object_component>
      <object_component id="oc-50e">
         <name>.debug_info</name>
         <load_address>0x3a9</load_address>
         <run_address>0x3a9</run_address>
         <size>0x10b</size>
         <input_file_ref idref="fl-2"/>
      </object_component>
      <object_component id="oc-502">
         <name>.debug_info</name>
         <load_address>0x4b4</load_address>
         <run_address>0x4b4</run_address>
         <size>0x1dc</size>
         <input_file_ref idref="fl-2"/>
      </object_component>
      <object_component id="oc-4c5">
         <name>.debug_info</name>
         <load_address>0x690</load_address>
         <run_address>0x690</run_address>
         <size>0x196</size>
         <input_file_ref idref="fl-2"/>
      </object_component>
      <object_component id="oc-5b0">
         <name>.debug_info</name>
         <load_address>0x826</load_address>
         <run_address>0x826</run_address>
         <size>0xf4</size>
         <input_file_ref idref="fl-2"/>
      </object_component>
      <object_component id="oc-4fb">
         <name>.debug_info</name>
         <load_address>0x91a</load_address>
         <run_address>0x91a</run_address>
         <size>0x26b</size>
         <input_file_ref idref="fl-2"/>
      </object_component>
      <object_component id="oc-724">
         <name>.debug_info</name>
         <load_address>0xb85</load_address>
         <run_address>0xb85</run_address>
         <size>0x76</size>
         <input_file_ref idref="fl-2"/>
      </object_component>
      <object_component id="oc-75f">
         <name>.debug_info</name>
         <load_address>0xbfb</load_address>
         <run_address>0xbfb</run_address>
         <size>0xee</size>
         <input_file_ref idref="fl-2"/>
      </object_component>
      <object_component id="oc-688">
         <name>.debug_info</name>
         <load_address>0xce9</load_address>
         <run_address>0xce9</run_address>
         <size>0x174</size>
         <input_file_ref idref="fl-2"/>
      </object_component>
      <object_component id="oc-4f6">
         <name>.debug_info</name>
         <load_address>0xe5d</load_address>
         <run_address>0xe5d</run_address>
         <size>0x8b</size>
         <input_file_ref idref="fl-2"/>
      </object_component>
      <object_component id="oc-564">
         <name>.debug_info</name>
         <load_address>0xee8</load_address>
         <run_address>0xee8</run_address>
         <size>0x275</size>
         <input_file_ref idref="fl-2"/>
      </object_component>
      <object_component id="oc-4e8">
         <name>.debug_info</name>
         <load_address>0x115d</load_address>
         <run_address>0x115d</run_address>
         <size>0xbb</size>
         <input_file_ref idref="fl-2"/>
      </object_component>
      <object_component id="oc-4ed">
         <name>.debug_info</name>
         <load_address>0x1218</load_address>
         <run_address>0x1218</run_address>
         <size>0x3e2</size>
         <input_file_ref idref="fl-3"/>
      </object_component>
      <object_component id="oc-4ad">
         <name>.debug_info</name>
         <load_address>0x15fa</load_address>
         <run_address>0x15fa</run_address>
         <size>0x124</size>
         <input_file_ref idref="fl-3"/>
      </object_component>
      <object_component id="oc-4a4">
         <name>.debug_info</name>
         <load_address>0x171e</load_address>
         <run_address>0x171e</run_address>
         <size>0x1ce</size>
         <input_file_ref idref="fl-3"/>
      </object_component>
      <object_component id="oc-6ea">
         <name>.debug_info</name>
         <load_address>0x18ec</load_address>
         <run_address>0x18ec</run_address>
         <size>0x287</size>
         <input_file_ref idref="fl-3"/>
      </object_component>
      <object_component id="oc-5ee">
         <name>.debug_info</name>
         <load_address>0x1b73</load_address>
         <run_address>0x1b73</run_address>
         <size>0x292</size>
         <input_file_ref idref="fl-3"/>
      </object_component>
      <object_component id="oc-451">
         <name>.debug_info</name>
         <load_address>0x1e05</load_address>
         <run_address>0x1e05</run_address>
         <size>0x194</size>
         <input_file_ref idref="fl-3"/>
      </object_component>
      <object_component id="oc-5f4">
         <name>.debug_info</name>
         <load_address>0x1f99</load_address>
         <run_address>0x1f99</run_address>
         <size>0x2a1</size>
         <input_file_ref idref="fl-3"/>
      </object_component>
      <object_component id="oc-6a3">
         <name>.debug_info</name>
         <load_address>0x223a</load_address>
         <run_address>0x223a</run_address>
         <size>0x136</size>
         <input_file_ref idref="fl-4"/>
      </object_component>
      <object_component id="oc-59c">
         <name>.debug_info</name>
         <load_address>0x2370</load_address>
         <run_address>0x2370</run_address>
         <size>0x138</size>
         <input_file_ref idref="fl-4"/>
      </object_component>
      <object_component id="oc-5d9">
         <name>.debug_info</name>
         <load_address>0x24a8</load_address>
         <run_address>0x24a8</run_address>
         <size>0x3ab</size>
         <input_file_ref idref="fl-5"/>
      </object_component>
      <object_component id="oc-5d6">
         <name>.debug_info</name>
         <load_address>0x2853</load_address>
         <run_address>0x2853</run_address>
         <size>0x13d</size>
         <input_file_ref idref="fl-5"/>
      </object_component>
      <object_component id="oc-51f">
         <name>.debug_info</name>
         <load_address>0x2990</load_address>
         <run_address>0x2990</run_address>
         <size>0x36c</size>
         <input_file_ref idref="fl-5"/>
      </object_component>
      <object_component id="oc-596">
         <name>.debug_info</name>
         <load_address>0x2cfc</load_address>
         <run_address>0x2cfc</run_address>
         <size>0x1bb</size>
         <input_file_ref idref="fl-5"/>
      </object_component>
      <object_component id="oc-4b4">
         <name>.debug_info</name>
         <load_address>0x2eb7</load_address>
         <run_address>0x2eb7</run_address>
         <size>0x3f3</size>
         <input_file_ref idref="fl-6"/>
      </object_component>
      <object_component id="oc-4b1">
         <name>.debug_info</name>
         <load_address>0x32aa</load_address>
         <run_address>0x32aa</run_address>
         <size>0x2f3</size>
         <input_file_ref idref="fl-6"/>
      </object_component>
      <object_component id="oc-6ca">
         <name>.debug_info</name>
         <load_address>0x359d</load_address>
         <run_address>0x359d</run_address>
         <size>0x192</size>
         <input_file_ref idref="fl-6"/>
      </object_component>
      <object_component id="oc-6dd">
         <name>.debug_info</name>
         <load_address>0x372f</load_address>
         <run_address>0x372f</run_address>
         <size>0x1ce</size>
         <input_file_ref idref="fl-6"/>
      </object_component>
      <object_component id="oc-6c3">
         <name>.debug_info</name>
         <load_address>0x38fd</load_address>
         <run_address>0x38fd</run_address>
         <size>0x30e</size>
         <input_file_ref idref="fl-6"/>
      </object_component>
      <object_component id="oc-5e2">
         <name>.debug_info</name>
         <load_address>0x3c0b</load_address>
         <run_address>0x3c0b</run_address>
         <size>0x203</size>
         <input_file_ref idref="fl-6"/>
      </object_component>
      <object_component id="oc-6d1">
         <name>.debug_info</name>
         <load_address>0x3e0e</load_address>
         <run_address>0x3e0e</run_address>
         <size>0x258</size>
         <input_file_ref idref="fl-6"/>
      </object_component>
      <object_component id="oc-5e8">
         <name>.debug_info</name>
         <load_address>0x4066</load_address>
         <run_address>0x4066</run_address>
         <size>0x470</size>
         <input_file_ref idref="fl-6"/>
      </object_component>
      <object_component id="oc-5fa">
         <name>.debug_info</name>
         <load_address>0x44d6</load_address>
         <run_address>0x44d6</run_address>
         <size>0x186</size>
         <input_file_ref idref="fl-6"/>
      </object_component>
      <object_component id="oc-69b">
         <name>.debug_info</name>
         <load_address>0x465c</load_address>
         <run_address>0x465c</run_address>
         <size>0x2d3</size>
         <input_file_ref idref="fl-6"/>
      </object_component>
      <object_component id="oc-457">
         <name>.debug_info</name>
         <load_address>0x492f</load_address>
         <run_address>0x492f</run_address>
         <size>0x19a</size>
         <input_file_ref idref="fl-6"/>
      </object_component>
      <object_component id="oc-5bc">
         <name>.debug_info</name>
         <load_address>0x4ac9</load_address>
         <run_address>0x4ac9</run_address>
         <size>0x2c4</size>
         <input_file_ref idref="fl-7"/>
      </object_component>
      <object_component id="oc-5c5">
         <name>.debug_info</name>
         <load_address>0x4d8d</load_address>
         <run_address>0x4d8d</run_address>
         <size>0x143</size>
         <input_file_ref idref="fl-7"/>
      </object_component>
      <object_component id="oc-508">
         <name>.debug_info</name>
         <load_address>0x4ed0</load_address>
         <run_address>0x4ed0</run_address>
         <size>0x1c8</size>
         <input_file_ref idref="fl-7"/>
      </object_component>
      <object_component id="oc-5b6">
         <name>.debug_info</name>
         <load_address>0x5098</load_address>
         <run_address>0x5098</run_address>
         <size>0x1fd</size>
         <input_file_ref idref="fl-7"/>
      </object_component>
      <object_component id="oc-514">
         <name>.debug_info</name>
         <load_address>0x5295</load_address>
         <run_address>0x5295</run_address>
         <size>0x2b7</size>
         <input_file_ref idref="fl-7"/>
      </object_component>
      <object_component id="oc-43a">
         <name>.debug_info</name>
         <load_address>0x554c</load_address>
         <run_address>0x554c</run_address>
         <size>0x84</size>
         <input_file_ref idref="fl-9"/>
      </object_component>
      <object_component id="oc-648">
         <name>.debug_info</name>
         <load_address>0x55d0</load_address>
         <run_address>0x55d0</run_address>
         <size>0x20d</size>
         <input_file_ref idref="fl-a"/>
      </object_component>
      <object_component id="oc-78d">
         <name>.debug_info</name>
         <load_address>0x57dd</load_address>
         <run_address>0x57dd</run_address>
         <size>0x14c</size>
         <input_file_ref idref="fl-a"/>
      </object_component>
      <object_component id="oc-642">
         <name>.debug_info</name>
         <load_address>0x5929</load_address>
         <run_address>0x5929</run_address>
         <size>0x236</size>
         <input_file_ref idref="fl-a"/>
      </object_component>
      <object_component id="oc-578">
         <name>.debug_info</name>
         <load_address>0x5b5f</load_address>
         <run_address>0x5b5f</run_address>
         <size>0x1f8</size>
         <input_file_ref idref="fl-a"/>
      </object_component>
      <object_component id="oc-572">
         <name>.debug_info</name>
         <load_address>0x5d57</load_address>
         <run_address>0x5d57</run_address>
         <size>0x2a5</size>
         <input_file_ref idref="fl-a"/>
      </object_component>
      <object_component id="oc-790">
         <name>.debug_info</name>
         <load_address>0x5ffc</load_address>
         <run_address>0x5ffc</run_address>
         <size>0x1ac</size>
         <input_file_ref idref="fl-a"/>
      </object_component>
      <object_component id="oc-7a0">
         <name>.debug_info</name>
         <load_address>0x61a8</load_address>
         <run_address>0x61a8</run_address>
         <size>0x299</size>
         <input_file_ref idref="fl-a"/>
      </object_component>
      <object_component id="oc-731">
         <name>.debug_info</name>
         <load_address>0x6441</load_address>
         <run_address>0x6441</run_address>
         <size>0x33f</size>
         <input_file_ref idref="fl-a"/>
      </object_component>
      <object_component id="oc-667">
         <name>.debug_info</name>
         <load_address>0x6780</load_address>
         <run_address>0x6780</run_address>
         <size>0x1e4</size>
         <input_file_ref idref="fl-a"/>
      </object_component>
      <object_component id="oc-7ac">
         <name>.debug_info</name>
         <load_address>0x6964</load_address>
         <run_address>0x6964</run_address>
         <size>0x1a8</size>
         <input_file_ref idref="fl-d"/>
      </object_component>
      <object_component id="oc-6bd">
         <name>.debug_info</name>
         <load_address>0x6b0c</load_address>
         <run_address>0x6b0c</run_address>
         <size>0x247</size>
         <input_file_ref idref="fl-d"/>
      </object_component>
      <object_component id="oc-4a7">
         <name>.debug_info</name>
         <load_address>0x6d53</load_address>
         <run_address>0x6d53</run_address>
         <size>0x207</size>
         <input_file_ref idref="fl-d"/>
      </object_component>
      <object_component id="oc-6d7">
         <name>.debug_info</name>
         <load_address>0x6f5a</load_address>
         <run_address>0x6f5a</run_address>
         <size>0x233</size>
         <input_file_ref idref="fl-d"/>
      </object_component>
      <object_component id="oc-747">
         <name>.debug_info</name>
         <load_address>0x718d</load_address>
         <run_address>0x718d</run_address>
         <size>0x234</size>
         <input_file_ref idref="fl-d"/>
      </object_component>
      <object_component id="oc-759">
         <name>.debug_info</name>
         <load_address>0x73c1</load_address>
         <run_address>0x73c1</run_address>
         <size>0x244</size>
         <input_file_ref idref="fl-d"/>
      </object_component>
      <object_component id="oc-74d">
         <name>.debug_info</name>
         <load_address>0x7605</load_address>
         <run_address>0x7605</run_address>
         <size>0x1f9</size>
         <input_file_ref idref="fl-d"/>
      </object_component>
      <object_component id="oc-753">
         <name>.debug_info</name>
         <load_address>0x77fe</load_address>
         <run_address>0x77fe</run_address>
         <size>0x22b</size>
         <input_file_ref idref="fl-d"/>
      </object_component>
      <object_component id="oc-73d">
         <name>.debug_info</name>
         <load_address>0x7a29</load_address>
         <run_address>0x7a29</run_address>
         <size>0x1b3</size>
         <input_file_ref idref="fl-f"/>
      </object_component>
      <object_component id="oc-5bf">
         <name>.debug_info</name>
         <load_address>0x7bdc</load_address>
         <run_address>0x7bdc</run_address>
         <size>0x242</size>
         <input_file_ref idref="fl-f"/>
      </object_component>
      <object_component id="oc-5ce">
         <name>.debug_info</name>
         <load_address>0x7e1e</load_address>
         <run_address>0x7e1e</run_address>
         <size>0x202</size>
         <input_file_ref idref="fl-f"/>
      </object_component>
      <object_component id="oc-5c8">
         <name>.debug_info</name>
         <load_address>0x8020</load_address>
         <run_address>0x8020</run_address>
         <size>0x1f8</size>
         <input_file_ref idref="fl-f"/>
      </object_component>
      <object_component id="oc-66d">
         <name>.debug_info</name>
         <load_address>0x8218</load_address>
         <run_address>0x8218</run_address>
         <size>0x237</size>
         <input_file_ref idref="fl-f"/>
      </object_component>
      <object_component id="oc-682">
         <name>.debug_info</name>
         <load_address>0x844f</load_address>
         <run_address>0x844f</run_address>
         <size>0x228</size>
         <input_file_ref idref="fl-f"/>
      </object_component>
      <object_component id="oc-673">
         <name>.debug_info</name>
         <load_address>0x8677</load_address>
         <run_address>0x8677</run_address>
         <size>0x1f4</size>
         <input_file_ref idref="fl-f"/>
      </object_component>
      <object_component id="oc-679">
         <name>.debug_info</name>
         <load_address>0x886b</load_address>
         <run_address>0x886b</run_address>
         <size>0x226</size>
         <input_file_ref idref="fl-f"/>
      </object_component>
      <object_component id="oc-76f">
         <name>.debug_info</name>
         <load_address>0x8a91</load_address>
         <run_address>0x8a91</run_address>
         <size>0x1ad</size>
         <input_file_ref idref="fl-11"/>
      </object_component>
      <object_component id="oc-6ac">
         <name>.debug_info</name>
         <load_address>0x8c3e</load_address>
         <run_address>0x8c3e</run_address>
         <size>0x140</size>
         <input_file_ref idref="fl-11"/>
      </object_component>
      <object_component id="oc-6e4">
         <name>.debug_info</name>
         <load_address>0x8d7e</load_address>
         <run_address>0x8d7e</run_address>
         <size>0x24f</size>
         <input_file_ref idref="fl-11"/>
      </object_component>
      <object_component id="oc-606">
         <name>.debug_info</name>
         <load_address>0x8fcd</load_address>
         <run_address>0x8fcd</run_address>
         <size>0x24f</size>
         <input_file_ref idref="fl-11"/>
      </object_component>
      <object_component id="oc-600">
         <name>.debug_info</name>
         <load_address>0x921c</load_address>
         <run_address>0x921c</run_address>
         <size>0x251</size>
         <input_file_ref idref="fl-11"/>
      </object_component>
      <object_component id="oc-65e">
         <name>.debug_info</name>
         <load_address>0x946d</load_address>
         <run_address>0x946d</run_address>
         <size>0x297</size>
         <input_file_ref idref="fl-11"/>
      </object_component>
      <object_component id="oc-64b">
         <name>.debug_info</name>
         <load_address>0x9704</load_address>
         <run_address>0x9704</run_address>
         <size>0x246</size>
         <input_file_ref idref="fl-11"/>
      </object_component>
      <object_component id="oc-651">
         <name>.debug_info</name>
         <load_address>0x994a</load_address>
         <run_address>0x994a</run_address>
         <size>0x26b</size>
         <input_file_ref idref="fl-11"/>
      </object_component>
      <object_component id="oc-657">
         <name>.debug_info</name>
         <load_address>0x9bb5</load_address>
         <run_address>0x9bb5</run_address>
         <size>0x244</size>
         <input_file_ref idref="fl-11"/>
      </object_component>
      <object_component id="oc-5a6">
         <name>.debug_info</name>
         <load_address>0x9df9</load_address>
         <run_address>0x9df9</run_address>
         <size>0x251</size>
         <input_file_ref idref="fl-11"/>
      </object_component>
      <object_component id="oc-57e">
         <name>.debug_info</name>
         <load_address>0xa04a</load_address>
         <run_address>0xa04a</run_address>
         <size>0x196</size>
         <input_file_ref idref="fl-15"/>
      </object_component>
      <object_component id="oc-56c">
         <name>.debug_info</name>
         <load_address>0xa1e0</load_address>
         <run_address>0xa1e0</run_address>
         <size>0x1f3</size>
         <input_file_ref idref="fl-1e"/>
      </object_component>
      <object_component id="oc-72f">
         <name>.debug_info</name>
         <load_address>0xa3d3</load_address>
         <run_address>0xa3d3</run_address>
         <size>0x60e</size>
         <input_file_ref idref="fl-1f"/>
      </object_component>
      <object_component id="oc-664">
         <name>.debug_info</name>
         <load_address>0xa9e1</load_address>
         <run_address>0xa9e1</run_address>
         <size>0x124</size>
         <input_file_ref idref="fl-1f"/>
      </object_component>
      <object_component id="oc-67f">
         <name>.debug_info</name>
         <load_address>0xab05</load_address>
         <run_address>0xab05</run_address>
         <size>0x124</size>
         <input_file_ref idref="fl-1f"/>
      </object_component>
      <object_component id="oc-744">
         <name>.debug_info</name>
         <load_address>0xac29</load_address>
         <run_address>0xac29</run_address>
         <size>0x124</size>
         <input_file_ref idref="fl-1f"/>
      </object_component>
      <object_component id="oc-765">
         <name>.debug_info</name>
         <load_address>0xad4d</load_address>
         <run_address>0xad4d</run_address>
         <size>0x124</size>
         <input_file_ref idref="fl-1f"/>
      </object_component>
      <object_component id="oc-5dc">
         <name>.debug_info</name>
         <load_address>0xae71</load_address>
         <run_address>0xae71</run_address>
         <size>0x1ea</size>
         <input_file_ref idref="fl-1f"/>
      </object_component>
      <object_component id="oc-68e">
         <name>.debug_info</name>
         <load_address>0xb05b</load_address>
         <run_address>0xb05b</run_address>
         <size>0x24a</size>
         <input_file_ref idref="fl-1f"/>
      </object_component>
      <object_component id="oc-694">
         <name>.debug_info</name>
         <load_address>0xb2a5</load_address>
         <run_address>0xb2a5</run_address>
         <size>0x248</size>
         <input_file_ref idref="fl-1f"/>
      </object_component>
      <object_component id="oc-590">
         <name>.debug_info</name>
         <load_address>0xb4ed</load_address>
         <run_address>0xb4ed</run_address>
         <size>0x1a0</size>
         <input_file_ref idref="fl-1f"/>
      </object_component>
      <object_component id="oc-58a">
         <name>.debug_info</name>
         <load_address>0xb68d</load_address>
         <run_address>0xb68d</run_address>
         <size>0x31f</size>
         <input_file_ref idref="fl-1f"/>
      </object_component>
      <object_component id="oc-584">
         <name>.debug_info</name>
         <load_address>0xb9ac</load_address>
         <run_address>0xb9ac</run_address>
         <size>0x2cf</size>
         <input_file_ref idref="fl-1f"/>
      </object_component>
      <object_component id="oc-65">
         <name>.debug_info</name>
         <load_address>0xbc7b</load_address>
         <run_address>0xbc7b</run_address>
         <size>0x2b9</size>
         <input_file_ref idref="fl-3a"/>
      </object_component>
      <object_component id="oc-4e0">
         <name>.debug_info</name>
         <load_address>0xbf34</load_address>
         <run_address>0xbf34</run_address>
         <size>0x46</size>
         <input_file_ref idref="fl-3a"/>
      </object_component>
      <object_component id="oc-49a">
         <name>.debug_info</name>
         <load_address>0xbf7a</load_address>
         <run_address>0xbf7a</run_address>
         <size>0x39</size>
         <input_file_ref idref="fl-3a"/>
      </object_component>
      <object_component id="oc-435">
         <name>.debug_info</name>
         <load_address>0xbfb3</load_address>
         <run_address>0xbfb3</run_address>
         <size>0x60</size>
         <input_file_ref idref="fl-3a"/>
      </object_component>
      <object_component id="oc-44a">
         <name>.debug_info</name>
         <load_address>0xc013</load_address>
         <run_address>0xc013</run_address>
         <size>0x1db</size>
         <input_file_ref idref="fl-3b"/>
      </object_component>
      <object_component id="oc-6b">
         <name>.debug_info</name>
         <load_address>0xc1ee</load_address>
         <run_address>0xc1ee</run_address>
         <size>0x1f3</size>
         <input_file_ref idref="fl-3b"/>
      </object_component>
      <object_component id="oc-445">
         <name>.debug_info</name>
         <load_address>0xc3e1</load_address>
         <run_address>0xc3e1</run_address>
         <size>0x46</size>
         <input_file_ref idref="fl-3b"/>
      </object_component>
      <object_component id="oc-44c">
         <name>.debug_info</name>
         <load_address>0xc427</load_address>
         <run_address>0xc427</run_address>
         <size>0x110</size>
         <input_file_ref idref="fl-3d"/>
      </object_component>
      <object_component id="oc-45d">
         <name>.debug_info</name>
         <load_address>0xc537</load_address>
         <run_address>0xc537</run_address>
         <size>0x1d4</size>
         <input_file_ref idref="fl-51"/>
      </object_component>
      <object_component id="oc-4b8">
         <name>.debug_info</name>
         <load_address>0xc70b</load_address>
         <run_address>0xc70b</run_address>
         <size>0x46</size>
         <input_file_ref idref="fl-51"/>
      </object_component>
      <object_component id="oc-440">
         <name>.debug_info</name>
         <load_address>0xc751</load_address>
         <run_address>0xc751</run_address>
         <size>0x122</size>
         <input_file_ref idref="fl-52"/>
      </object_component>
      <object_component id="oc-51a">
         <name>.debug_info</name>
         <load_address>0xc873</load_address>
         <run_address>0xc873</run_address>
         <size>0x12e</size>
         <input_file_ref idref="fl-53"/>
      </object_component>
      <object_component id="oc-796">
         <name>.debug_info</name>
         <load_address>0xc9a1</load_address>
         <run_address>0xc9a1</run_address>
         <size>0x136</size>
         <input_file_ref idref="fl-54"/>
      </object_component>
      <object_component id="oc-79b">
         <name>.debug_info</name>
         <load_address>0xcad7</load_address>
         <run_address>0xcad7</run_address>
         <size>0x139</size>
         <input_file_ref idref="fl-55"/>
      </object_component>
      <object_component id="oc-7b9">
         <name>.debug_info</name>
         <load_address>0xcc10</load_address>
         <run_address>0xcc10</run_address>
         <size>0x122</size>
         <input_file_ref idref="fl-56"/>
      </object_component>
      <object_component id="oc-738">
         <name>.debug_info</name>
         <load_address>0xcd32</load_address>
         <run_address>0xcd32</run_address>
         <size>0x124</size>
         <input_file_ref idref="fl-57"/>
      </object_component>
      <object_component id="oc-7c0">
         <name>.debug_info</name>
         <load_address>0xce56</load_address>
         <run_address>0xce56</run_address>
         <size>0x131</size>
         <input_file_ref idref="fl-5a"/>
      </object_component>
      <object_component id="oc-788">
         <name>.debug_info</name>
         <load_address>0xcf87</load_address>
         <run_address>0xcf87</run_address>
         <size>0x121</size>
         <input_file_ref idref="fl-5e"/>
      </object_component>
      <object_component id="oc-431">
         <name>.debug_info</name>
         <load_address>0xd0a8</load_address>
         <run_address>0xd0a8</run_address>
         <size>0x101</size>
         <input_file_ref idref="fl-60"/>
      </object_component>
      <object_component id="oc-46f">
         <name>.debug_info</name>
         <load_address>0xd1a9</load_address>
         <run_address>0xd1a9</run_address>
         <size>0x17b</size>
         <input_file_ref idref="fl-60"/>
      </object_component>
      <object_component id="oc-625">
         <name>.debug_info</name>
         <load_address>0xd324</load_address>
         <run_address>0xd324</run_address>
         <size>0x40a</size>
         <input_file_ref idref="fl-63"/>
      </object_component>
      <object_component id="oc-54a">
         <name>.debug_info</name>
         <load_address>0xd72e</load_address>
         <run_address>0xd72e</run_address>
         <size>0x217</size>
         <input_file_ref idref="fl-63"/>
      </object_component>
      <object_component id="oc-70b">
         <name>.debug_info</name>
         <load_address>0xd945</load_address>
         <run_address>0xd945</run_address>
         <size>0x39</size>
         <input_file_ref idref="fl-63"/>
      </object_component>
      <object_component id="oc-71c">
         <name>.debug_info</name>
         <load_address>0xd97e</load_address>
[...]
         <object_component_ref idref="oc-50d"/>
      </symbol>
      <symbol id="sm-48b">
         <name>rxIndexBLE</name>
         <value>0x21b8</value>
         <object_component_ref idref="oc-4a3"/>
      </symbol>
      <symbol id="sm-48c">
         <name>init_BLE</name>
         <value>0x87d8</value>
         <object_component_ref idref="oc-5ed"/>
      </symbol>
      <symbol id="sm-48d">
         <name>__TI_int32</name>
         <value>0xffe2</value>
         <object_component_ref idref="oc-78"/>
      </symbol>
      <symbol id="sm-48e">
         <name>seqNumber</name>
         <value>0x21bc</value>
         <object_component_ref idref="oc-4a3"/>
      </symbol>
      <symbol id="sm-48f">
         <name>find_pattern</name>
         <value>0x936a</value>
         <object_component_ref idref="oc-6e9"/>
      </symbol>
      <symbol id="sm-490">
         <name>EUSCI_A1_ISR</name>
         <value>0x969c</value>
         <object_component_ref idref="oc-450"/>
      </symbol>
      <symbol id="sm-491">
         <name>connectPattern</name>
         <value>0x21be</value>
         <object_component_ref idref="oc-4a3"/>
      </symbol>
      <symbol id="sm-492">
         <name>BLEConnected</name>
         <value>0x21ba</value>
         <object_component_ref idref="oc-4a3"/>
      </symbol>
      <symbol id="sm-493">
         <name>BLE_transmit_data</name>
         <value>0x8fe2</value>
         <object_component_ref idref="oc-5f3"/>
      </symbol>
      <symbol id="sm-494">
         <name>rxBufBLE</name>
         <value>0x215e</value>
         <object_component_ref idref="oc-4ac"/>
      </symbol>
      <symbol id="sm-495">
         <name>rxCompletedBLE</name>
         <value>0x21b9</value>
         <object_component_ref idref="oc-4a3"/>
      </symbol>
      <symbol id="sm-49f">
         <name>packetInitValue</name>
         <value>0x8158</value>
         <object_component_ref idref="oc-59b"/>
      </symbol>
      <symbol id="sm-4c3">
         <name>previousRadioChoice</name>
         <value>0x215c</value>
      </symbol>
      <symbol id="sm-4c4">
         <name>init_radio</name>
         <value>0x95c6</value>
         <object_component_ref idref="oc-595"/>
      </symbol>
      <symbol id="sm-4c5">
         <name>currentRadioChoice</name>
         <value>0x21c8</value>
         <object_component_ref idref="oc-5d5"/>
      </symbol>
      <symbol id="sm-4c6">
         <name>send_data_radio</name>
         <value>0x8702</value>
         <object_component_ref idref="oc-51e"/>
      </symbol>
      <symbol id="sm-551">
         <name>rx_buf</name>
         <value>0x2102</value>
      </symbol>
      <symbol id="sm-552">
         <name>hex_payload</name>
         <value>0x2000</value>
      </symbol>
      <symbol id="sm-553">
         <name>resp_invalid_param</name>
         <value>0x21a6</value>
         <object_component_ref idref="oc-4b0"/>
      </symbol>
      <symbol id="sm-554">
         <name>rx_index</name>
         <value>0x21b0</value>
         <object_component_ref idref="oc-4b0"/>
      </symbol>
      <symbol id="sm-555">
         <name>timeouted</name>
         <value>0x21b6</value>
         <object_component_ref idref="oc-4b0"/>
      </symbol>
      <symbol id="sm-556">
         <name>__TI_int33</name>
         <value>0xffe4</value>
         <object_component_ref idref="oc-79"/>
      </symbol>
      <symbol id="sm-557">
         <name>lora_sleep</name>
         <value>0x93ec</value>
         <object_component_ref idref="oc-5f9"/>
      </symbol>
      <symbol id="sm-558">
         <name>lora_command</name>
         <value>0x8d16</value>
         <object_component_ref idref="oc-6c2"/>
      </symbol>
      <symbol id="sm-559">
         <name>command_header</name>
         <value>0x21aa</value>
         <object_component_ref idref="oc-4b0"/>
      </symbol>
      <symbol id="sm-55a">
         <name>resp_ok</name>
         <value>0x21a4</value>
         <object_component_ref idref="oc-4b0"/>
      </symbol>
      <symbol id="sm-55b">
         <name>EUSCI_A0_ISR</name>
         <value>0x9650</value>
         <object_component_ref idref="oc-456"/>
      </symbol>
      <symbol id="sm-55c">
         <name>nibble1</name>
         <value>0x21b3</value>
         <object_component_ref idref="oc-4b0"/>
      </symbol>
      <symbol id="sm-55d">
         <name>nibble2</name>
         <value>0x21b4</value>
         <object_component_ref idref="oc-4b0"/>
      </symbol>
      <symbol id="sm-55e">
         <name>resp_max_mac_pause</name>
         <value>0x21a8</value>
         <object_component_ref idref="oc-4b0"/>
      </symbol>
      <symbol id="sm-55f">
         <name>rx_complete</name>
         <value>0x21b1</value>
         <object_component_ref idref="oc-4b0"/>
      </symbol>
      <symbol id="sm-560">
         <name>buffer_compare</name>
         <value>0x93c4</value>
         <object_component_ref idref="oc-6dc"/>
      </symbol>
      <symbol id="sm-561">
         <name>second_response</name>
         <value>0x21ae</value>
         <object_component_ref idref="oc-4b0"/>
      </symbol>
      <symbol id="sm-562">
         <name>rxdata</name>
         <value>0x21b2</value>
         <object_component_ref idref="oc-4b0"/>
      </symbol>
      <symbol id="sm-563">
         <name>tmp</name>
         <value>0x21b5</value>
         <object_component_ref idref="oc-4b0"/>
      </symbol>
      <symbol id="sm-564">
         <name>first_response</name>
         <value>0x21ac</value>
         <object_component_ref idref="oc-4b0"/>
      </symbol>
      <symbol id="sm-565">
         <name>clear_lora_rx_buffer</name>
         <value>0x9572</value>
         <object_component_ref idref="oc-6c9"/>
      </symbol>
      <symbol id="sm-566">
         <name>buffer_to_hex_string</name>
         <value>0x8ad0</value>
         <object_component_ref idref="oc-6d0"/>
      </symbol>
      <symbol id="sm-567">
         <name>init_lora</name>
         <value>0x81c0</value>
         <object_component_ref idref="oc-69a"/>
      </symbol>
      <symbol id="sm-568">
         <name>lora_transmit_data_p2p</name>
         <value>0x831a</value>
         <object_component_ref idref="oc-5e7"/>
      </symbol>
      <symbol id="sm-569">
         <name>lora_wake_up</name>
         <value>0x8970</value>
         <object_component_ref idref="oc-5e1"/>
      </symbol>
      <symbol id="sm-591">
         <name>i</name>
         <value>0x215a</value>
      </symbol>
      <symbol id="sm-592">
         <name>sensor_data_ready</name>
         <value>0x94ec</value>
         <object_component_ref idref="oc-507"/>
      </symbol>
      <symbol id="sm-593">
         <name>j</name>
         <value>0x21c4</value>
         <object_component_ref idref="oc-5c4"/>
      </symbol>
      <symbol id="sm-594">
         <name>clear_buffer</name>
         <value>0x955c</value>
         <object_component_ref idref="oc-5b5"/>
      </symbol>
      <symbol id="sm-595">
         <name>read_sensor_data</name>
         <value>0x8f04</value>
         <object_component_ref idref="oc-513"/>
      </symbol>
      <symbol id="sm-596">
         <name>timeout</name>
         <value>0x21c6</value>
         <object_component_ref idref="oc-5c4"/>
      </symbol>
      <symbol id="sm-607">
         <name>CS_initFLLSettle</name>
         <value>0x9304</value>
         <object_component_ref idref="oc-577"/>
      </symbol>
      <symbol id="sm-608">
         <name>CS_initFLL</name>
         <value>0x88a6</value>
         <object_component_ref idref="oc-641"/>
      </symbol>
      <symbol id="sm-609">
         <name>CS_getSMCLK</name>
         <value>0x949e</value>
         <object_component_ref idref="oc-666"/>
      </symbol>
      <symbol id="sm-60a">
         <name>CS_initClockSignal</name>
         <value>0x8442</value>
         <object_component_ref idref="oc-571"/>
      </symbol>
      <symbol id="sm-649">
         <name>EUSCI_A_UART_enableInterrupt</name>
         <value>0x94b8</value>
         <object_component_ref idref="oc-758"/>
      </symbol>
      <symbol id="sm-64a">
         <name>EUSCI_A_UART_queryStatusFlags</name>
         <value>0x9608</value>
         <object_component_ref idref="oc-6d6"/>
      </symbol>
      <symbol id="sm-64b">
         <name>EUSCI_A_UART_init</name>
         <value>0x8b70</value>
         <object_component_ref idref="oc-746"/>
      </symbol>
      <symbol id="sm-64c">
         <name>EUSCI_A_UART_enable</name>
         <value>0x9626</value>
         <object_component_ref idref="oc-74c"/>
      </symbol>
      <symbol id="sm-64d">
         <name>EUSCI_A_UART_receiveData</name>
         <value>0x959e</value>
         <object_component_ref idref="oc-4a6"/>
      </symbol>
      <symbol id="sm-64e">
         <name>EUSCI_A_UART_clearInterrupt</name>
         <value>0x9620</value>
         <object_component_ref idref="oc-752"/>
      </symbol>
      <symbol id="sm-64f">
         <name>EUSCI_A_UART_transmitData</name>
         <value>0x95b2</value>
         <object_component_ref idref="oc-6bc"/>
      </symbol>
      <symbol id="sm-686">
         <name>EUSCI_B_SPI_isBusy</name>
         <value>0x95ea</value>
         <object_component_ref idref="oc-5c7"/>
      </symbol>
      <symbol id="sm-687">
         <name>EUSCI_B_SPI_receiveData</name>
         <value>0x9610</value>
         <object_component_ref idref="oc-5cd"/>
      </symbol>
      <symbol id="sm-688">
         <name>EUSCI_B_SPI_clearInterrupt</name>
         <value>0x962c</value>
         <object_component_ref idref="oc-678"/>
      </symbol>
      <symbol id="sm-689">
         <name>EUSCI_B_SPI_enable</name>
         <value>0x9632</value>
         <object_component_ref idref="oc-672"/>
      </symbol>
      <symbol id="sm-68a">
         <name>EUSCI_B_SPI_transmitData</name>
         <value>0x9618</value>
         <object_component_ref idref="oc-5be"/>
      </symbol>
      <symbol id="sm-68b">
         <name>EUSCI_B_SPI_initMaster</name>
         <value>0x90ee</value>
         <object_component_ref idref="oc-66c"/>
      </symbol>
      <symbol id="sm-68c">
         <name>EUSCI_B_SPI_enableInterrupt</name>
         <value>0x9638</value>
         <object_component_ref idref="oc-681"/>
      </symbol>
      <symbol id="sm-6dc">
         <name>GPIO_setAsInputPin</name>
         <value>0x945e</value>
         <object_component_ref idref="oc-656"/>
      </symbol>
      <symbol id="sm-6dd">
         <name>GPIO_setOutputHighOnPin</name>
         <value>0x9504</value>
         <object_component_ref idref="oc-5ff"/>
      </symbol>
      <symbol id="sm-6de">
         <name>GPIO_setAsInputPinWithPullUpResistor</name>
         <value>0x9414</value>
         <object_component_ref idref="oc-650"/>
      </symbol>
      <symbol id="sm-6df">
         <name>GPIO_setAsOutputPin</name>
         <value>0x9480</value>
         <object_component_ref idref="oc-64a"/>
      </symbol>
      <symbol id="sm-6e0">
         <name>GPIO_setOutputLowOnPin</name>
         <value>0x951a</value>
         <object_component_ref idref="oc-605"/>
      </symbol>
      <symbol id="sm-6e1">
         <name>GPIO_toggleOutputOnPin</name>
         <value>0x9530</value>
         <object_component_ref idref="oc-6e3"/>
      </symbol>
      <symbol id="sm-6e2">
         <name>GPIO_getInputPinValue</name>
         <value>0x94d2</value>
         <object_component_ref idref="oc-5a5"/>
      </symbol>
      <symbol id="sm-6e3">
         <name>GPIO_setAsPeripheralModuleFunctionInputPin</name>
         <value>0x91ca</value>
         <object_component_ref idref="oc-65d"/>
      </symbol>
      <symbol id="sm-6ef">
         <name>PMM_unlockLPM5</name>
         <value>0x963e</value>
         <object_component_ref idref="oc-57d"/>
      </symbol>
      <symbol id="sm-700">
         <name>WDT_A_hold</name>
         <value>0x9546</value>
         <object_component_ref idref="oc-56b"/>
      </symbol>
      <symbol id="sm-74b">
         <name>init_ble_uart</name>
         <value>0x8e14</value>
         <object_component_ref idref="oc-693"/>
      </symbol>
      <symbol id="sm-74c">
         <name>init_gpio</name>
         <value>0x8c90</value>
         <object_component_ref idref="oc-583"/>
      </symbol>
      <symbol id="sm-74d">
         <name>read_dipswitch_setting</name>
         <value>0x933a</value>
         <object_component_ref idref="oc-5db"/>
      </symbol>
      <symbol id="sm-74e">
         <name>init_lora_uart</name>
         <value>0x8e8c</value>
         <object_component_ref idref="oc-68d"/>
      </symbol>
      <symbol id="sm-74f">
         <name>init_uart</name>
         <value>0x95f4</value>
         <object_component_ref idref="oc-58f"/>
      </symbol>
      <symbol id="sm-750">
         <name>init_spi</name>
         <value>0x861e</value>
         <object_component_ref idref="oc-589"/>
      </symbol>
      <symbol id="sm-771">
         <name>__TI_decompress_lzss</name>
         <value>0x8530</value>
         <object_component_ref idref="oc-64"/>
      </symbol>
      <symbol id="sm-782">
         <name>__TI_decompress_none</name>
         <value>0x92c8</value>
         <object_component_ref idref="oc-6a"/>
      </symbol>
      <symbol id="sm-785">
         <name>__TI_int22</name>
         <value>0xffce</value>
         <object_component_ref idref="oc-70"/>
      </symbol>
      <symbol id="sm-78d">
         <name>__TI_ISR_TRAP</name>
         <value>0x9700</value>
         <object_component_ref idref="oc-44b"/>
      </symbol>
      <symbol id="sm-790">
         <name>__TI_int23</name>
         <value>0xffd0</value>
         <object_component_ref idref="oc-71"/>
      </symbol>
      <symbol id="sm-793">
         <name>__TI_int24</name>
         <value>0xffd2</value>
         <object_component_ref idref="oc-72"/>
      </symbol>
      <symbol id="sm-796">
         <name>__TI_int25</name>
         <value>0xffd4</value>
         <object_component_ref idref="oc-73"/>
      </symbol>
      <symbol id="sm-799">
         <name>__TI_int28</name>
         <value>0xffda</value>
         <object_component_ref idref="oc-74"/>
      </symbol>
      <symbol id="sm-79c">
         <name>__TI_int29</name>
         <value>0xffdc</value>
         <object_component_ref idref="oc-75"/>
      </symbol>
      <symbol id="sm-79f">
         <name>__TI_int30</name>
         <value>0xffde</value>
         <object_component_ref idref="oc-76"/>
      </symbol>
      <symbol id="sm-7a2">
         <name>__TI_int31</name>
         <value>0xffe0</value>
         <object_component_ref idref="oc-77"/>
      </symbol>
      <symbol id="sm-7a5">
         <name>__TI_int34</name>
         <value>0xffe6</value>
         <object_component_ref idref="oc-7a"/>
      </symbol>
      <symbol id="sm-7a8">
         <name>__TI_int35</name>
         <value>0xffe8</value>
         <object_component_ref idref="oc-7b"/>
      </symbol>
      <symbol id="sm-7ab">
         <name>__TI_int36</name>
         <value>0xffea</value>
         <object_component_ref idref="oc-7c"/>
      </symbol>
      <symbol id="sm-7ae">
         <name>__TI_int37</name>
         <value>0xffec</value>
         <object_component_ref idref="oc-7d"/>
      </symbol>
      <symbol id="sm-7b1">
         <name>__TI_int38</name>
         <value>0xffee</value>
         <object_component_ref idref="oc-7e"/>
      </symbol>
      <symbol id="sm-7b4">
         <name>__TI_int39</name>
         <value>0xfff0</value>
         <object_component_ref idref="oc-7f"/>
      </symbol>
      <symbol id="sm-7b7">
         <name>__TI_int40</name>
         <value>0xfff2</value>
         <object_component_ref idref="oc-80"/>
      </symbol>
      <symbol id="sm-7ba">
         <name>__TI_int41</name>
         <value>0xfff4</value>
         <object_component_ref idref="oc-81"/>
      </symbol>
      <symbol id="sm-7bd">
         <name>__TI_int42</name>
         <value>0xfff6</value>
         <object_component_ref idref="oc-82"/>
      </symbol>
      <symbol id="sm-7c0">
         <name>__TI_int43</name>
         <value>0xfff8</value>
         <object_component_ref idref="oc-83"/>
      </symbol>
      <symbol id="sm-7c3">
         <name>__TI_int44</name>
         <value>0xfffa</value>
         <object_component_ref idref="oc-84"/>
      </symbol>
      <symbol id="sm-7c6">
         <name>__TI_int45</name>
         <value>0xfffc</value>
         <object_component_ref idref="oc-85"/>
      </symbol>
      <symbol id="sm-7d6">
         <name>__TI_zero_init_nomemset</name>
         <value>0x928a</value>
         <object_component_ref idref="oc-45c"/>
      </symbol>
      <symbol id="sm-7e1">
         <name>__memcpy_far</name>
         <value>0x920a</value>
         <object_component_ref idref="oc-43f"/>
      </symbol>
      <symbol id="sm-7f1">
         <name>__mspabi_cmpf</name>
         <value>0x913e</value>
         <object_component_ref idref="oc-519"/>
      </symbol>
      <symbol id="sm-7fd">
         <name>__mspabi_remi</name>
         <value>0x9398</value>
         <object_component_ref idref="oc-795"/>
      </symbol>
      <symbol id="sm-7fe">
         <name>__mspabi_divi</name>
         <value>0x9398</value>
         <object_component_ref idref="oc-795"/>
      </symbol>
      <symbol id="sm-80a">
         <name>__mspabi_remli</name>
         <value>0x924a</value>
         <object_component_ref idref="oc-79a"/>
      </symbol>
      <symbol id="sm-80b">
         <name>__mspabi_divli</name>
         <value>0x924a</value>
         <object_component_ref idref="oc-79a"/>
      </symbol>
      <symbol id="sm-815">
         <name>__mspabi_remu</name>
         <value>0x9588</value>
         <object_component_ref idref="oc-7b8"/>
      </symbol>
      <symbol id="sm-816">
         <name>__mspabi_divu</name>
         <value>0x9588</value>
         <object_component_ref idref="oc-7b8"/>
      </symbol>
      <symbol id="sm-824">
         <name>__mspabi_remul</name>
         <value>0x9096</value>
         <object_component_ref idref="oc-737"/>
      </symbol>
      <symbol id="sm-825">
         <name>__mspabi_divul</name>
         <value>0x9096</value>
         <object_component_ref idref="oc-737"/>
      </symbol>
      <symbol id="sm-82f">
         <name>__mspabi_mpyl_f5hw</name>
         <value>0x943a</value>
         <object_component_ref idref="oc-7bf"/>
      </symbol>
      <symbol id="sm-83b">
         <name>__mspabi_slli</name>
         <value>0x95fe</value>
         <object_component_ref idref="oc-787"/>
      </symbol>
      <symbol id="sm-84c">
         <name>_stack</name>
         <value>0x2f60</value>
         <object_component_ref idref="oc-430"/>
      </symbol>
      <symbol id="sm-84d">
         <name>_c_int00_noargs</name>
         <value>0x96e4</value>
         <object_component_ref idref="oc-46e"/>
      </symbol>
      <symbol id="sm-84e">
         <name>_reset_vector</name>
         <value>0xfffe</value>
         <object_component_ref idref="oc-433"/>
      </symbol>
      <symbol id="sm-872">
         <name>__TI_auto_init_nobinit_nopinit_hold_wdt</name>
         <value>0x8f78</value>
         <object_component_ref idref="oc-549"/>
      </symbol>
      <symbol id="sm-87b">
         <name>_system_post_cinit</name>
         <value>0x964e</value>
         <object_component_ref idref="oc-61e"/>
      </symbol>
      <symbol id="sm-884">
         <name>_system_pre_init</name>
         <value>0x964a</value>
         <object_component_ref idref="oc-4be"/>
      </symbol>
      <symbol id="sm-895">
         <name>C$$EXIT</name>
         <value>0x9644</value>
         <object_component_ref idref="oc-525"/>
      </symbol>
      <symbol id="sm-896">
         <name>abort</name>
         <value>0x9644</value>
         <object_component_ref idref="oc-525"/>
      </symbol>
      <symbol id="sm-8a6">
         <name>memcpy</name>
         <value>0x95d8</value>
         <object_component_ref idref="oc-59e"/>
      </symbol>
   </symbol_table>
   <title>Link successful</title>
</link_info>
