<?xml version="1.0" encoding="ISO-8859-1" ?>
<link_info>
   <banner>MSP430 Linker Unix v18.12.2.LTS</banner>
   <copyright>Copyright (c) 2003-2018 Texas Instruments Incorporated</copyright>
   <link_time>0x5d694bc7</link_time>
   <link_errors>0x0</link_errors>
   <output_file>sensing_module.out</output_file>
   <entry_point>
      <name>_c_int00_noargs</name>
      <address>0x4090</address>
   </entry_point>
   <input_file_list>
      <input_file id="fl-2">
         <path>./</path>
         <kind>object</kind>
         <file>clock_system.obj</file>
         <name>clock_system.obj</name>
      </input_file>
      <input_file id="fl-3">
         <path>./</path>
         <kind>object</kind>
         <file>main.obj</file>
         <name>main.obj</name>
      </input_file>
      <input_file id="fl-4">
         <path>./</path>
         <kind>object</kind>
         <file>mic.obj</file>
         <name>mic.obj</name>
      </input_file>
      <input_file id="fl-5">
         <path>./</path>
         <kind>object</kind>
         <file>peripherals.obj</file>
         <name>peripherals.obj</name>
      </input_file>
      <input_file id="fl-6">
         <path>./driverlib/MSP430F5xx_6xx/</path>
         <kind>object</kind>
         <file>adc10_a.obj</file>
         <name>adc10_a.obj</name>
      </input_file>
      <input_file id="fl-7">
         <path>./driverlib/MSP430F5xx_6xx/</path>
         <kind>object</kind>
         <file>adc12_a.obj</file>
         <name>adc12_a.obj</name>
      </input_file>
      <input_file id="fl-8">
         <path>./driverlib/MSP430F5xx_6xx/</path>
         <kind>object</kind>
         <file>aes.obj</file>
         <name>aes.obj</name>
      </input_file>
      <input_file id="fl-9">
         <path>./driverlib/MSP430F5xx_6xx/</path>
         <kind>object</kind>
         <file>battbak.obj</file>
         <name>battbak.obj</name>
      </input_file>
      <input_file id="fl-a">
         <path>./driverlib/MSP430F5xx_6xx/</path>
         <kind>object</kind>
         <file>comp_b.obj</file>
         <name>comp_b.obj</name>
      </input_file>
      <input_file id="fl-b">
         <path>./driverlib/MSP430F5xx_6xx/</path>
         <kind>object</kind>
         <file>crc.obj</file>
         <name>crc.obj</name>
      </input_file>
      <input_file id="fl-c">
         <path>./driverlib/MSP430F5xx_6xx/</path>
         <kind>object</kind>
         <file>ctsd16.obj</file>
         <name>ctsd16.obj</name>
      </input_file>
      <input_file id="fl-d">
         <path>./driverlib/MSP430F5xx_6xx/</path>
         <kind>object</kind>
         <file>dac12_a.obj</file>
         <name>dac12_a.obj</name>
      </input_file>
      <input_file id="fl-e">
         <path>./driverlib/MSP430F5xx_6xx/</path>
         <kind>object</kind>
         <file>dma.obj</file>
         <name>dma.obj</name>
      </input_file>
      <input_file id="fl-f">
         <path>./driverlib/MSP430F5xx_6xx/</path>
         <kind>object</kind>
         <file>eusci_a_spi.obj</file>
         <name>eusci_a_spi.obj</name>
      </input_file>
      <input_file id="fl-10">
         <path>./driverlib/MSP430F5xx_6xx/</path>
         <kind>object</kind>
         <file>eusci_a_uart.obj</file>
         <name>eusci_a_uart.obj</name>
      </input_file>
      <input_file id="fl-11">
         <path>./driverlib/MSP430F5xx_6xx/</path>
         <kind>object</kind>
         <file>eusci_b_i2c.obj</file>
         <name>eusci_b_i2c.obj</name>
      </input_file>
      <input_file id="fl-12">
         <path>./driverlib/MSP430F5xx_6xx/</path>
         <kind>object</kind>
         <file>eusci_b_spi.obj</file>
         <name>eusci_b_spi.obj</name>
      </input_file>
      <input_file id="fl-13">
         <path>./driverlib/MSP430F5xx_6xx/</path>
         <kind>object</kind>
         <file>flashctl.obj</file>
         <name>flashctl.obj</name>
      </input_file>
      <input_file id="fl-14">
         <path>./driverlib/MSP430F5xx_6xx/</path>
         <kind>object</kind>
         <file>gpio.obj</file>
         <name>gpio.obj</name>
      </input_file>
      <input_file id="fl-15">
         <path>./driverlib/MSP430F5xx_6xx/</path>
         <kind>object</kind>
         <file>lcd_b.obj</file>
         <name>lcd_b.obj</name>
      </input_file>
      <input_file id="fl-16">
         <path>./driverlib/MSP430F5xx_6xx/</path>
         <kind>object</kind>
         <file>lcd_c.obj</file>
         <name>lcd_c.obj</name>
      </input_file>
      <input_file id="fl-17">
         <path>./driverlib/MSP430F5xx_6xx/</path>
         <kind>object</kind>
         <file>ldopwr.obj</file>
         <name>ldopwr.obj</name>
      </input_file>
      <input_file id="fl-18">
         <path>./driverlib/MSP430F5xx_6xx/</path>
         <kind>object</kind>
         <file>mpy32.obj</file>
         <name>mpy32.obj</name>
      </input_file>
      <input_file id="fl-19">
         <path>./driverlib/MSP430F5xx_6xx/</path>
         <kind>object</kind>
         <file>oa.obj</file>
         <name>oa.obj</name>
      </input_file>
      <input_file id="fl-1a">
         <path>./driverlib/MSP430F5xx_6xx/</path>
         <kind>object</kind>
         <file>pmap.obj</file>
         <name>pmap.obj</name>
      </input_file>
      <input_file id="fl-1b">
         <path>./driverlib/MSP430F5xx_6xx/</path>
         <kind>object</kind>
         <file>pmm.obj</file>
         <name>pmm.obj</name>
      </input_file>
      <input_file id="fl-1c">
         <path>./driverlib/MSP430F5xx_6xx/</path>
         <kind>object</kind>
         <file>ram.obj</file>
         <name>ram.obj</name>
      </input_file>
      <input_file id="fl-1d">
         <path>./driverlib/MSP430F5xx_6xx/</path>
         <kind>object</kind>
         <file>ref.obj</file>
         <name>ref.obj</name>
      </input_file>
      <input_file id="fl-1e">
         <path>./driverlib/MSP430F5xx_6xx/</path>
         <kind>object</kind>
         <file>rtc_a.obj</file>
         <name>rtc_a.obj</name>
      </input_file>
      <input_file id="fl-1f">
         <path>./driverlib/MSP430F5xx_6xx/</path>
         <kind>object</kind>
         <file>rtc_b.obj</file>
         <name>rtc_b.obj</name>
      </input_file>
      <input_file id="fl-20">
         <path>./driverlib/MSP430F5xx_6xx/</path>
         <kind>object</kind>
         <file>rtc_c.obj</file>
         <name>rtc_c.obj</name>
      </input_file>
      <input_file id="fl-21">
         <path>./driverlib/MSP430F5xx_6xx/</path>
         <kind>object</kind>
         <file>sd24_b.obj</file>
         <name>sd24_b.obj</name>
      </input_file>
      <input_file id="fl-22">
         <path>./driverlib/MSP430F5xx_6xx/</path>
         <kind>object</kind>
         <file>sfr.obj</file>
         <name>sfr.obj</name>
      </input_file>
      <input_file id="fl-23">
         <path>./driverlib/MSP430F5xx_6xx/</path>
         <kind>object</kind>
         <file>sysctl.obj</file>
         <name>sysctl.obj</name>
      </input_file>
      <input_file id="fl-24">
         <path>./driverlib/MSP430F5xx_6xx/</path>
         <kind>object</kind>
         <file>tec.obj</file>
         <name>tec.obj</name>
      </input_file>
      <input_file id="fl-25">
         <path>./driverlib/MSP430F5xx_6xx/</path>
         <kind>object</kind>
         <file>timer_a.obj</file>
         <name>timer_a.obj</name>
      </input_file>
      <input_file id="fl-26">
         <path>./driverlib/MSP430F5xx_6xx/</path>
         <kind>object</kind>
         <file>timer_b.obj</file>
         <name>timer_b.obj</name>
      </input_file>
      <input_file id="fl-27">
         <path>./driverlib/MSP430F5xx_6xx/</path>
         <kind>object</kind>
         <file>timer_d.obj</file>
         <name>timer_d.obj</name>
      </input_file>
      <input_file id="fl-28">
         <path>./driverlib/MSP430F5xx_6xx/</path>
         <kind>object</kind>
         <file>tlv.obj</file>
         <name>tlv.obj</name>
      </input_file>
      <input_file id="fl-29">
         <path>./driverlib/MSP430F5xx_6xx/</path>
         <kind>object</kind>
         <file>ucs.obj</file>
         <name>ucs.obj</name>
      </input_file>
      <input_file id="fl-2a">
         <path>./driverlib/MSP430F5xx_6xx/</path>
         <kind>object</kind>
         <file>usci_a_spi.obj</file>
         <name>usci_a_spi.obj</name>
      </input_file>
      <input_file id="fl-2b">
         <path>./driverlib/MSP430F5xx_6xx/</path>
         <kind>object</kind>
         <file>usci_a_uart.obj</file>
         <name>usci_a_uart.obj</name>
      </input_file>
      <input_file id="fl-2c">
         <path>./driverlib/MSP430F5xx_6xx/</path>
         <kind>object</kind>
         <file>usci_b_i2c.obj</file>
         <name>usci_b_i2c.obj</name>
      </input_file>
      <input_file id="fl-2d">
         <path>./driverlib/MSP430F5xx_6xx/</path>
         <kind>object</kind>
         <file>usci_b_spi.obj</file>
         <name>usci_b_spi.obj</name>
      </input_file>
      <input_file id="fl-2e">
         <path>./driverlib/MSP430F5xx_6xx/</path>
         <kind>object</kind>
         <file>wdt_a.obj</file>
         <name>wdt_a.obj</name>
      </input_file>
      <input_file id="fl-34">
         <kind>object</kind>
         <file>&lt;internal&gt;</file>
         <name>&lt;internal&gt;</name>
      </input_file>
      <input_file id="fl-4f">
         <path>/Applications/ti/ccs900/ccs/tools/compiler/ti-cgt-msp430_18.12.2.LTS/lib/</path>
         <kind>archive</kind>
         <file>rts430x_lc_rd_eabi.lib</file>
         <name>div16s.asm.obj</name>
      </input_file>
      <input_file id="fl-50">
         <path>/Applications/ti/ccs900/ccs/tools/compiler/ti-cgt-msp430_18.12.2.LTS/lib/</path>
         <kind>archive</kind>
         <file>rts430x_lc_rd_eabi.lib</file>
         <name>div16u.asm.obj</name>
      </input_file>
      <input_file id="fl-51">
         <path>/Applications/ti/ccs900/ccs/tools/compiler/ti-cgt-msp430_18.12.2.LTS/lib/</path>
         <kind>archive</kind>
         <file>rts430x_lc_rd_eabi.lib</file>
         <name>div32s.asm.obj</name>
      </input_file>
      <input_file id="fl-52">
         <path>/Applications/ti/ccs900/ccs/tools/compiler/ti-cgt-msp430_18.12.2.LTS/lib/</path>
         <kind>archive</kind>
         <file>rts430x_lc_rd_eabi.lib</file>
         <name>div32u.asm.obj</name>
      </input_file>
      <input_file id="fl-53">
         <path>/Applications/ti/ccs900/ccs/tools/compiler/ti-cgt-msp430_18.12.2.LTS/lib/</path>
         <kind>archive</kind>
         <file>rts430x_lc_rd_eabi.lib</file>
         <name>int40.asm.obj</name>
      </input_file>
      <input_file id="fl-54">
         <path>/Applications/ti/ccs900/ccs/tools/compiler/ti-cgt-msp430_18.12.2.LTS/lib/</path>
         <kind>archive</kind>
         <file>rts430x_lc_rd_eabi.lib</file>
         <name>int41.asm.obj</name>
      </input_file>
      <input_file id="fl-55">
         <path>/Applications/ti/ccs900/ccs/tools/compiler/ti-cgt-msp430_18.12.2.LTS/lib/</path>
         <kind>archive</kind>
         <file>rts430x_lc_rd_eabi.lib</file>
         <name>int42.asm.obj</name>
      </input_file>
      <input_file id="fl-56">
         <path>/Applications/ti/ccs900/ccs/tools/compiler/ti-cgt-msp430_18.12.2.LTS/lib/</path>
         <kind>archive</kind>
         <file>rts430x_lc_rd_eabi.lib</file>
         <name>int43.asm.obj</name>
      </input_file>
      <input_file id="fl-57">
         <path>/Applications/ti/ccs900/ccs/tools/compiler/ti-cgt-msp430_18.12.2.LTS/lib/</path>
         <kind>archive</kind>
         <file>rts430x_lc_rd_eabi.lib</file>
         <name>int44.asm.obj</name>
      </input_file>
      <input_file id="fl-58">
         <path>/Applications/ti/ccs900/ccs/tools/compiler/ti-cgt-msp430_18.12.2.LTS/lib/</path>
         <kind>archive</kind>
         <file>rts430x_lc_rd_eabi.lib</file>
         <name>int45.asm.obj</name>
      </input_file>
      <input_file id="fl-59">
         <path>/Applications/ti/ccs900/ccs/tools/compiler/ti-cgt-msp430_18.12.2.LTS/lib/</path>
         <kind>archive</kind>
         <file>rts430x_lc_rd_eabi.lib</file>
         <name>int46.asm.obj</name>
      </input_file>
      <input_file id="fl-5a">
         <path>/Applications/ti/ccs900/ccs/tools/compiler/ti-cgt-msp430_18.12.2.LTS/lib/</path>
         <kind>archive</kind>
         <file>rts430x_lc_rd_eabi.lib</file>
         <name>int47.asm.obj</name>
      </input_file>
      <input_file id="fl-5b">
         <path>/Applications/ti/ccs900/ccs/tools/compiler/ti-cgt-msp430_18.12.2.LTS/lib/</path>
         <kind>archive</kind>
         <file>rts430x_lc_rd_eabi.lib</file>
         <name>int49.asm.obj</name>
      </input_file>
      <input_file id="fl-5c">
         <path>/Applications/ti/ccs900/ccs/tools/compiler/ti-cgt-msp430_18.12.2.LTS/lib/</path>
         <kind>archive</kind>
         <file>rts430x_lc_rd_eabi.lib</file>
         <name>int50.asm.obj</name>
      </input_file>
      <input_file id="fl-5d">
         <path>/Applications/ti/ccs900/ccs/tools/compiler/ti-cgt-msp430_18.12.2.LTS/lib/</path>
         <kind>archive</kind>
         <file>rts430x_lc_rd_eabi.lib</file>
         <name>int51.asm.obj</name>
      </input_file>
      <input_file id="fl-5e">
         <path>/Applications/ti/ccs900/ccs/tools/compiler/ti-cgt-msp430_18.12.2.LTS/lib/</path>
         <kind>archive</kind>
         <file>rts430x_lc_rd_eabi.lib</file>
         <name>int54.asm.obj</name>
      </input_file>
      <input_file id="fl-5f">
         <path>/Applications/ti/ccs900/ccs/tools/compiler/ti-cgt-msp430_18.12.2.LTS/lib/</path>
         <kind>archive</kind>
         <file>rts430x_lc_rd_eabi.lib</file>
         <name>int55.asm.obj</name>
      </input_file>
      <input_file id="fl-60">
         <path>/Applications/ti/ccs900/ccs/tools/compiler/ti-cgt-msp430_18.12.2.LTS/lib/</path>
         <kind>archive</kind>
         <file>rts430x_lc_rd_eabi.lib</file>
         <name>int57.asm.obj</name>
      </input_file>
      <input_file id="fl-61">
         <path>/Applications/ti/ccs900/ccs/tools/compiler/ti-cgt-msp430_18.12.2.LTS/lib/</path>
         <kind>archive</kind>
         <file>rts430x_lc_rd_eabi.lib</file>
         <name>int59.asm.obj</name>
      </input_file>
      <input_file id="fl-62">
         <path>/Applications/ti/ccs900/ccs/tools/compiler/ti-cgt-msp430_18.12.2.LTS/lib/</path>
         <kind>archive</kind>
         <file>rts430x_lc_rd_eabi.lib</file>
         <name>int60.asm.obj</name>
      </input_file>
      <input_file id="fl-63">
         <path>/Applications/ti/ccs900/ccs/tools/compiler/ti-cgt-msp430_18.12.2.LTS/lib/</path>
         <kind>archive</kind>
         <file>rts430x_lc_rd_eabi.lib</file>
         <name>int61.asm.obj</name>
      </input_file>
      <input_file id="fl-64">
         <path>/Applications/ti/ccs900/ccs/tools/compiler/ti-cgt-msp430_18.12.2.LTS/lib/</path>
         <kind>archive</kind>
         <file>rts430x_lc_rd_eabi.lib</file>
         <name>int62.asm.obj</name>
      </input_file>
      <input_file id="fl-65">
         <path>/Applications/ti/ccs900/ccs/tools/compiler/ti-cgt-msp430_18.12.2.LTS/lib/</path>
         <kind>archive</kind>
         <file>rts430x_lc_rd_eabi.lib</file>
         <name>isr_trap.asm.obj</name>
      </input_file>
      <input_file id="fl-66">
         <path>/Applications/ti/ccs900/ccs/tools/compiler/ti-cgt-msp430_18.12.2.LTS/lib/</path>
         <kind>archive</kind>
         <file>rts430x_lc_rd_eabi.lib</file>
         <name>lsl16.asm.obj</name>
      </input_file>
      <input_file id="fl-67">
         <path>/Applications/ti/ccs900/ccs/tools/compiler/ti-cgt-msp430_18.12.2.LTS/lib/</path>
         <kind>archive</kind>
         <file>rts430x_lc_rd_eabi.lib</file>
         <name>lsr16.asm.obj</name>
      </input_file>
      <input_file id="fl-68">
         <path>/Applications/ti/ccs900/ccs/tools/compiler/ti-cgt-msp430_18.12.2.LTS/lib/</path>
         <kind>archive</kind>
         <file>rts430x_lc_rd_eabi.lib</file>
         <name>mult16_f5hw.asm.obj</name>
      </input_file>
      <input_file id="fl-69">
         <path>/Applications/ti/ccs900/ccs/tools/compiler/ti-cgt-msp430_18.12.2.LTS/lib/</path>
         <kind>archive</kind>
         <file>rts430x_lc_rd_eabi.lib</file>
         <name>mult1632_f5hw.asm.obj</name>
      </input_file>
      <input_file id="fl-6a">
         <path>/Applications/ti/ccs900/ccs/tools/compiler/ti-cgt-msp430_18.12.2.LTS/lib/</path>
         <kind>archive</kind>
         <file>rts430x_lc_rd_eabi.lib</file>
         <name>mult32_f5hw.asm.obj</name>
      </input_file>
      <input_file id="fl-6b">
         <path>/Applications/ti/ccs900/ccs/tools/compiler/ti-cgt-msp430_18.12.2.LTS/lib/</path>
         <kind>archive</kind>
         <file>rts430x_lc_rd_eabi.lib</file>
         <name>mult3264_f5hw.asm.obj</name>
      </input_file>
      <input_file id="fl-6c">
         <path>/Applications/ti/ccs900/ccs/tools/compiler/ti-cgt-msp430_18.12.2.LTS/lib/</path>
         <kind>archive</kind>
         <file>rts430x_lc_rd_eabi.lib</file>
         <name>mult64_f5hw.asm.obj</name>
      </input_file>
      <input_file id="fl-6d">
         <path>/Applications/ti/ccs900/ccs/tools/compiler/ti-cgt-msp430_18.12.2.LTS/lib/</path>
         <kind>archive</kind>
         <file>rts430x_lc_rd_eabi.lib</file>
         <name>boot.c.obj</name>
      </input_file>
      <input_file id="fl-6e">
         <path>/Applications/ti/ccs900/ccs/tools/compiler/ti-cgt-msp430_18.12.2.LTS/lib/</path>
         <kind>archive</kind>
         <file>rts430x_lc_rd_eabi.lib</file>
         <name>autoinit.c.obj</name>
      </input_file>
      <input_file id="fl-6f">
         <path>/Applications/ti/ccs900/ccs/tools/compiler/ti-cgt-msp430_18.12.2.LTS/lib/</path>
         <kind>archive</kind>
         <file>rts430x_lc_rd_eabi.lib</file>
         <name>copy_zero_init.c.obj</name>
      </input_file>
      <input_file id="fl-70">
         <path>/Applications/ti/ccs900/ccs/tools/compiler/ti-cgt-msp430_18.12.2.LTS/lib/</path>
         <kind>archive</kind>
         <file>rts430x_lc_rd_eabi.lib</file>
         <name>cpy_tbl.c.obj</name>
      </input_file>
      <input_file id="fl-71">
         <path>/Applications/ti/ccs900/ccs/tools/compiler/ti-cgt-msp430_18.12.2.LTS/lib/</path>
         <kind>archive</kind>
         <file>rts430x_lc_rd_eabi.lib</file>
         <name>mpu_init.c.obj</name>
      </input_file>
      <input_file id="fl-72">
         <path>/Applications/ti/ccs900/ccs/tools/compiler/ti-cgt-msp430_18.12.2.LTS/lib/</path>
         <kind>archive</kind>
         <file>rts430x_lc_rd_eabi.lib</file>
         <name>pre_init.c.obj</name>
      </input_file>
      <input_file id="fl-73">
         <path>/Applications/ti/ccs900/ccs/tools/compiler/ti-cgt-msp430_18.12.2.LTS/lib/</path>
         <kind>archive</kind>
         <file>rts430x_lc_rd_eabi.lib</file>
         <name>startup.c.obj</name>
      </input_file>
      <input_file id="fl-74">
         <path>/Applications/ti/ccs900/ccs/tools/compiler/ti-cgt-msp430_18.12.2.LTS/lib/</path>
         <kind>archive</kind>
         <file>rts430x_lc_rd_eabi.lib</file>
         <name>copy_decompress_none.c.obj</name>
      </input_file>
      <input_file id="fl-75">
         <path>/Applications/ti/ccs900/ccs/tools/compiler/ti-cgt-msp430_18.12.2.LTS/lib/</path>
         <kind>archive</kind>
         <file>rts430x_lc_rd_eabi.lib</file>
         <name>copy_decompress_lzss.c.obj</name>
      </input_file>
      <input_file id="fl-76">
         <path>/Applications/ti/ccs900/ccs/tools/compiler/ti-cgt-msp430_18.12.2.LTS/lib/</path>
         <kind>archive</kind>
         <file>rts430x_lc_rd_eabi.lib</file>
         <name>exit.c.obj</name>
      </input_file>
      <input_file id="fl-77">
         <path>/Applications/ti/ccs900/ccs/tools/compiler/ti-cgt-msp430_18.12.2.LTS/lib/</path>
         <kind>archive</kind>
         <file>rts430x_lc_rd_eabi.lib</file>
         <name>_lock.c.obj</name>
      </input_file>
      <input_file id="fl-78">
         <path>/Applications/ti/ccs900/ccs/tools/compiler/ti-cgt-msp430_18.12.2.LTS/lib/</path>
         <kind>archive</kind>
         <file>rts430x_lc_rd_eabi.lib</file>
         <name>args_main.c.obj</name>
      </input_file>
      <input_file id="fl-79">
         <path>/Applications/ti/ccs900/ccs/tools/compiler/ti-cgt-msp430_18.12.2.LTS/lib/</path>
         <kind>archive</kind>
         <file>rts430x_lc_rd_eabi.lib</file>
         <name>memcpy.c.obj</name>
      </input_file>
      <input_file id="fl-7a">
         <path>/Applications/ti/ccs900/ccs/tools/compiler/ti-cgt-msp430_18.12.2.LTS/lib/</path>
         <kind>archive</kind>
         <file>rts430x_lc_rd_eabi.lib</file>
         <name>mult16.asm.obj</name>
      </input_file>
      <input_file id="fl-7b">
         <path>/Applications/ti/ccs900/ccs/tools/compiler/ti-cgt-msp430_18.12.2.LTS/lib/</path>
         <kind>archive</kind>
         <file>rts430x_lc_rd_eabi.lib</file>
         <name>exit_gvars.c.obj</name>
      </input_file>
   </input_file_list>
   <object_component_list>
      <object_component id="oc-470">
         <name>.common:currResult</name>
         <uninitialized>true</uninitialized>
         <run_address>0x1c16</run_address>
         <size>0x4</size>
      </object_component>
      <object_component id="oc-458">
         <name>.data</name>
         <load_address>0x1c00</load_address>
         <run_address>0x1c00</run_address>
         <size>0xe</size>
         <input_file_ref idref="fl-3"/>
      </object_component>
      <object_component id="oc-704">
         <name>.data</name>
         <load_address>0x1c0e</load_address>
         <run_address>0x1c0e</run_address>
         <size>0x8</size>
         <input_file_ref idref="fl-29"/>
      </object_component>
      <object_component id="oc-3cb">
         <name>.stack</name>
         <uninitialized>true</uninitialized>
         <run_address>0x3bb0</run_address>
         <size>0x4</size>
         <input_file_ref idref="fl-6d"/>
      </object_component>
      <object_component id="oc-79d">
         <name>.stack</name>
         <uninitialized>true</uninitialized>
         <run_address>0x3bb0</run_address>
         <size>0x0</size>
      </object_component>
      <object_component id="oc-707">
         <name>.text:privateUCSSourceClockFromDCO</name>
         <load_address>0x10000</load_address>
         <run_address>0x10000</run_address>
         <size>0x13c</size>
         <input_file_ref idref="fl-29"/>
      </object_component>
      <object_component id="oc-678">
         <name>.text:UCS_initFLL</name>
         <load_address>0x1013c</load_address>
         <run_address>0x1013c</run_address>
         <size>0xe2</size>
         <input_file_ref idref="fl-29"/>
      </object_component>
      <object_component id="oc-66a">
         <name>.text:PMM_setVCoreUp</name>
         <load_address>0x1021e</load_address>
         <run_address>0x1021e</run_address>
         <size>0xe0</size>
         <input_file_ref idref="fl-1b"/>
      </object_component>
      <object_component id="oc-6c9">
         <name>.text:privateUCSComputeCLKFrequency</name>
         <load_address>0x102fe</load_address>
         <run_address>0x102fe</run_address>
         <size>0xde</size>
         <input_file_ref idref="fl-29"/>
      </object_component>
      <object_component id="oc-5ed">
         <name>.text:init_radio_spi</name>
         <load_address>0x103dc</load_address>
         <run_address>0x103dc</run_address>
         <size>0xc8</size>
         <input_file_ref idref="fl-5"/>
      </object_component>
      <object_component id="oc-536">
         <name>.text:init_sdc</name>
         <load_address>0x104a4</load_address>
         <run_address>0x104a4</run_address>
         <size>0xbe</size>
         <input_file_ref idref="fl-5"/>
      </object_component>
      <object_component id="oc-597">
         <name>.text:UCS_initClockSignal</name>
         <load_address>0x10562</load_address>
         <run_address>0x10562</run_address>
         <size>0xa6</size>
         <input_file_ref idref="fl-29"/>
      </object_component>
      <object_component id="oc-670">
         <name>.text:PMM_setVCoreDown</name>
         <load_address>0x10608</load_address>
         <run_address>0x10608</run_address>
         <size>0xa2</size>
         <input_file_ref idref="fl-1b"/>
      </object_component>
      <object_component id="oc-542">
         <name>.text:init_i2c</name>
         <load_address>0x106aa</load_address>
         <run_address>0x106aa</run_address>
         <size>0x86</size>
         <input_file_ref idref="fl-5"/>
      </object_component>
      <object_component id="oc-5f3">
         <name>.text:init_bme680_spi</name>
         <load_address>0x10730</load_address>
         <run_address>0x10730</run_address>
         <size>0x80</size>
         <input_file_ref idref="fl-5"/>
      </object_component>
      <object_component id="oc-6e">
         <name>.text:decompress:lzss:__TI_decompress_lzss</name>
         <load_address>0x107b0</load_address>
         <run_address>0x107b0</run_address>
         <size>0x76</size>
         <input_file_ref idref="fl-75"/>
      </object_component>
      <object_component id="oc-4c6">
         <name>.text:setup</name>
         <load_address>0x10826</load_address>
         <run_address>0x10826</run_address>
         <size>0x6c</size>
         <input_file_ref idref="fl-3"/>
      </object_component>
      <object_component id="oc-60e">
         <name>.text:EUSCI_B_I2C_initMaster</name>
         <load_address>0x10892</load_address>
         <run_address>0x10892</run_address>
         <size>0x60</size>
         <input_file_ref idref="fl-11"/>
      </object_component>
      <object_component id="oc-6a4">
         <name>.text:EUSCI_A_SPI_initMaster</name>
         <load_address>0x108f2</load_address>
         <run_address>0x108f2</run_address>
         <size>0x5c</size>
         <input_file_ref idref="fl-f"/>
      </object_component>
      <object_component id="oc-6d0">
         <name>.text</name>
         <load_address>0x1094e</load_address>
         <run_address>0x1094e</run_address>
         <size>0x58</size>
         <input_file_ref idref="fl-52"/>
      </object_component>
      <object_component id="oc-503">
         <name>.text:__TI_auto_init_nobinit_nopinit_hold_wdt:__TI_auto_init_nobinit_nopinit_hold_wdt</name>
         <load_address>0x109a6</load_address>
         <run_address>0x109a6</run_address>
         <size>0x54</size>
         <input_file_ref idref="fl-6e"/>
      </object_component>
      <object_component id="oc-591">
         <name>.text:PMM_setVCore</name>
         <load_address>0x109fa</load_address>
         <run_address>0x109fa</run_address>
         <size>0x52</size>
         <input_file_ref idref="fl-1b"/>
      </object_component>
      <object_component id="oc-5c0">
         <name>.text:SD24_B_init</name>
         <load_address>0x10a4c</load_address>
         <run_address>0x10a4c</run_address>
         <size>0x50</size>
         <input_file_ref idref="fl-21"/>
      </object_component>
      <object_component id="oc-551">
         <name>.text:Timer_A_initContinuousMode</name>
         <load_address>0x10a9c</load_address>
         <run_address>0x10a9c</run_address>
         <size>0x50</size>
         <input_file_ref idref="fl-25"/>
      </object_component>
      <object_component id="oc-530">
         <name>.text:init_gpio</name>
         <load_address>0x10aec</load_address>
         <run_address>0x10aec</run_address>
         <size>0x48</size>
         <input_file_ref idref="fl-5"/>
      </object_component>
      <object_component id="oc-483">
         <name>.text:main</name>
         <load_address>0x10b34</load_address>
         <run_address>0x10b34</run_address>
         <size>0x42</size>
         <input_file_ref idref="fl-3"/>
      </object_component>
      <object_component id="oc-70d">
         <name>.text</name>
         <load_address>0x10b76</load_address>
         <run_address>0x10b76</run_address>
         <size>0x40</size>
         <input_file_ref idref="fl-51"/>
      </object_component>
      <object_component id="oc-5b0">
         <name>.text:GPIO_setAsInputPinWithPullUpResistor</name>
         <load_address>0x10bb6</load_address>
         <run_address>0x10bb6</run_address>
         <size>0x3e</size>
         <input_file_ref idref="fl-14"/>
      </object_component>
      <object_component id="oc-59d">
         <name>.text:UCS_initFLLSettle</name>
         <load_address>0x10bf4</load_address>
         <run_address>0x10bf4</run_address>
         <size>0x36</size>
         <input_file_ref idref="fl-29"/>
      </object_component>
      <object_component id="oc-712">
         <name>.text</name>
         <load_address>0x10c2a</load_address>
         <run_address>0x10c2a</run_address>
         <size>0x2c</size>
         <input_file_ref idref="fl-4f"/>
      </object_component>
      <object_component id="oc-5cf">
         <name>.text:SD24_B_initConverter</name>
         <load_address>0x10c56</load_address>
         <run_address>0x10c56</run_address>
         <size>0x2a</size>
         <input_file_ref idref="fl-21"/>
      </object_component>
      <object_component id="oc-5a4">
         <name>.text:GPIO_setAsOutputPin</name>
         <load_address>0x10c80</load_address>
         <run_address>0x10c80</run_address>
         <size>0x28</size>
         <input_file_ref idref="fl-14"/>
      </object_component>
      <object_component id="oc-5ff">
         <name>.text:GPIO_setAsPeripheralModuleFunctionInputPin</name>
         <load_address>0x10ca8</load_address>
         <run_address>0x10ca8</run_address>
         <size>0x28</size>
         <input_file_ref idref="fl-14"/>
      </object_component>
      <object_component id="oc-40a">
         <name>.text:decompress:ZI:__TI_zero_init_nomemset:__TI_zero_init_nomemset</name>
         <load_address>0x10cd0</load_address>
         <run_address>0x10cd0</run_address>
         <size>0x24</size>
         <input_file_ref idref="fl-6f"/>
      </object_component>
      <object_component id="oc-69b">
         <name>.text:EUSCI_A_SPI_initSlave</name>
         <load_address>0x10cf4</load_address>
         <run_address>0x10cf4</run_address>
         <size>0x22</size>
         <input_file_ref idref="fl-f"/>
      </object_component>
      <object_component id="oc-524">
         <name>.text:WDT_A_hold</name>
         <load_address>0x10d16</load_address>
         <run_address>0x10d16</run_address>
         <size>0x20</size>
         <input_file_ref idref="fl-2e"/>
      </object_component>
      <object_component id="oc-52a">
         <name>.text:set_clock_signals</name>
         <load_address>0x10d36</load_address>
         <run_address>0x10d36</run_address>
         <size>0x1e</size>
         <input_file_ref idref="fl-2"/>
      </object_component>
      <object_component id="oc-5b6">
         <name>.text:GPIO_setOutputHighOnPin</name>
         <load_address>0x10d54</load_address>
         <run_address>0x10d54</run_address>
         <size>0x1c</size>
         <input_file_ref idref="fl-14"/>
      </object_component>
      <object_component id="oc-5aa">
         <name>.text:GPIO_setOutputLowOnPin</name>
         <load_address>0x10d70</load_address>
         <run_address>0x10d70</run_address>
         <size>0x1c</size>
         <input_file_ref idref="fl-14"/>
      </object_component>
      <object_component id="oc-608">
         <name>.text:UCS_getSMCLK</name>
         <load_address>0x10d8c</load_address>
         <run_address>0x10d8c</run_address>
         <size>0x1a</size>
         <input_file_ref idref="fl-29"/>
      </object_component>
      <object_component id="oc-5c6">
         <name>.text:SD24_B_setInterruptDelay</name>
         <load_address>0x10da6</load_address>
         <run_address>0x10da6</run_address>
         <size>0x18</size>
         <input_file_ref idref="fl-21"/>
      </object_component>
      <object_component id="oc-5e1">
         <name>.text:SD24_B_setOversampling</name>
         <load_address>0x10dbe</load_address>
         <run_address>0x10dbe</run_address>
         <size>0x16</size>
         <input_file_ref idref="fl-21"/>
      </object_component>
      <object_component id="oc-4d8">
         <name>.text:SD24_B_startConverterConversion</name>
         <load_address>0x10dd4</load_address>
         <run_address>0x10dd4</run_address>
         <size>0x16</size>
         <input_file_ref idref="fl-21"/>
      </object_component>
      <object_component id="oc-4cc">
         <name>.text:SD24_B_stopConverterConversion</name>
         <load_address>0x10dea</load_address>
         <run_address>0x10dea</run_address>
         <size>0x16</size>
         <input_file_ref idref="fl-21"/>
      </object_component>
      <object_component id="oc-723">
         <name>.text</name>
         <load_address>0x10e00</load_address>
         <run_address>0x10e00</run_address>
         <size>0x16</size>
         <input_file_ref idref="fl-50"/>
      </object_component>
      <object_component id="oc-5d5">
         <name>.text:SD24_B_clearInterrupt</name>
         <load_address>0x10e16</load_address>
         <run_address>0x10e16</run_address>
         <size>0x14</size>
         <input_file_ref idref="fl-21"/>
      </object_component>
      <object_component id="oc-5db">
         <name>.text:SD24_B_enableInterrupt</name>
         <load_address>0x10e2a</load_address>
         <run_address>0x10e2a</run_address>
         <size>0x14</size>
         <input_file_ref idref="fl-21"/>
      </object_component>
      <object_component id="oc-46a">
         <name>.text:SD24_B_getResults</name>
         <load_address>0x10e3e</load_address>
         <run_address>0x10e3e</run_address>
         <size>0x14</size>
         <input_file_ref idref="fl-21"/>
      </object_component>
      <object_component id="oc-3da">
         <name>.text:memcpy</name>
         <load_address>0x10e52</load_address>
         <run_address>0x10e52</run_address>
         <size>0x14</size>
         <input_file_ref idref="fl-79"/>
      </object_component>
      <object_component id="oc-74">
         <name>.text:decompress:none:__TI_decompress_none</name>
         <load_address>0x10e66</load_address>
         <run_address>0x10e66</run_address>
         <size>0x12</size>
         <input_file_ref idref="fl-74"/>
      </object_component>
      <object_component id="oc-6b0">
         <name>.text:EUSCI_A_SPI_clearInterrupt</name>
         <load_address>0x10e78</load_address>
         <run_address>0x10e78</run_address>
         <size>0xc</size>
         <input_file_ref idref="fl-f"/>
      </object_component>
      <object_component id="oc-6b6">
         <name>.text:EUSCI_A_SPI_enableInterrupt</name>
         <load_address>0x10e84</load_address>
         <run_address>0x10e84</run_address>
         <size>0xc</size>
         <input_file_ref idref="fl-f"/>
      </object_component>
      <object_component id="oc-626">
         <name>.text:EUSCI_B_I2C_clearInterrupt</name>
         <load_address>0x10e90</load_address>
         <run_address>0x10e90</run_address>
         <size>0xc</size>
         <input_file_ref idref="fl-11"/>
      </object_component>
      <object_component id="oc-62c">
         <name>.text:EUSCI_B_I2C_enableInterrupt</name>
         <load_address>0x10e9c</load_address>
         <run_address>0x10e9c</run_address>
         <size>0xc</size>
         <input_file_ref idref="fl-11"/>
      </object_component>
      <object_component id="oc-61a">
         <name>.text:EUSCI_B_I2C_setMode</name>
         <load_address>0x10ea8</load_address>
         <run_address>0x10ea8</run_address>
         <size>0xc</size>
         <input_file_ref idref="fl-11"/>
      </object_component>
      <object_component id="oc-614">
         <name>.text:EUSCI_B_I2C_setSlaveAddress</name>
         <load_address>0x10eb4</load_address>
         <run_address>0x10eb4</run_address>
         <size>0xc</size>
         <input_file_ref idref="fl-11"/>
      </object_component>
      <object_component id="oc-4d2">
         <name>.text:Timer_A_startCounter</name>
         <load_address>0x10ec0</load_address>
         <run_address>0x10ec0</run_address>
         <size>0xc</size>
         <input_file_ref idref="fl-25"/>
      </object_component>
      <object_component id="oc-53c">
         <name>.text:init_spi</name>
         <load_address>0x10ecc</load_address>
         <run_address>0x10ecc</run_address>
         <size>0xa</size>
         <input_file_ref idref="fl-5"/>
      </object_component>
      <object_component id="oc-690">
         <name>.text</name>
         <load_address>0x10ed6</load_address>
         <run_address>0x10ed6</run_address>
         <size>0xa</size>
         <input_file_ref idref="fl-66"/>
      </object_component>
      <object_component id="oc-45b">
         <name>.text:Timer_A_stop</name>
         <load_address>0x10ee0</load_address>
         <run_address>0x10ee0</run_address>
         <size>0x8</size>
         <input_file_ref idref="fl-25"/>
      </object_component>
      <object_component id="oc-6aa">
         <name>.text:EUSCI_A_SPI_enable</name>
         <load_address>0x10ee8</load_address>
         <run_address>0x10ee8</run_address>
         <size>0x6</size>
         <input_file_ref idref="fl-f"/>
      </object_component>
      <object_component id="oc-620">
         <name>.text:EUSCI_B_I2C_enable</name>
         <load_address>0x10eee</load_address>
         <run_address>0x10eee</run_address>
         <size>0x6</size>
         <input_file_ref idref="fl-11"/>
      </object_component>
      <object_component id="oc-461">
         <name>.text:Timer_A_clear</name>
         <load_address>0x10ef4</load_address>
         <run_address>0x10ef4</run_address>
         <size>0x6</size>
         <input_file_ref idref="fl-25"/>
      </object_component>
      <object_component id="oc-548">
         <name>.text:Timer_A_clearTimerInterrupt</name>
         <load_address>0x10efa</load_address>
         <run_address>0x10efa</run_address>
         <size>0x6</size>
         <input_file_ref idref="fl-25"/>
      </object_component>
      <object_component id="oc-4df">
         <name>.text:abort</name>
         <load_address>0x10f00</load_address>
         <run_address>0x10f00</run_address>
         <size>0x6</size>
         <input_file_ref idref="fl-76"/>
      </object_component>
      <object_component id="oc-47d">
         <name>.text:_system_pre_init</name>
         <load_address>0x10f06</load_address>
         <run_address>0x10f06</run_address>
         <size>0x4</size>
         <input_file_ref idref="fl-72"/>
      </object_component>
      <object_component id="oc-56d">
         <name>.text:_system_post_cinit</name>
         <load_address>0x10f0a</load_address>
         <run_address>0x10f0a</run_address>
         <size>0x2</size>
         <input_file_ref idref="fl-73"/>
      </object_component>
      <object_component id="oc-3fe">
         <name>.text:_isr:SD24BISR</name>
         <load_address>0x4000</load_address>
         <run_address>0x4000</run_address>
         <size>0x5e</size>
         <input_file_ref idref="fl-3"/>
      </object_component>
      <object_component id="oc-3ec">
         <name>.text:_isr:TIMER1_A1_ISR</name>
         <load_address>0x405e</load_address>
         <run_address>0x405e</run_address>
         <size>0x32</size>
         <input_file_ref idref="fl-3"/>
      </object_component>
      <object_component id="oc-41c">
         <name>.text:_isr:_c_int00_noargs</name>
         <load_address>0x4090</load_address>
         <run_address>0x4090</run_address>
         <size>0x1c</size>
         <input_file_ref idref="fl-6d"/>
      </object_component>
      <object_component id="oc-404">
         <name>.text:_isr:USCIB0_ISR</name>
         <load_address>0x40ac</load_address>
         <run_address>0x40ac</run_address>
         <size>0xa</size>
         <input_file_ref idref="fl-3"/>
      </object_component>
      <object_component id="oc-3f8">
         <name>.text:_isr:USCI_A1_ISR</name>
         <load_address>0x40b6</load_address>
         <run_address>0x40b6</run_address>
         <size>0xa</size>
         <input_file_ref idref="fl-3"/>
      </object_component>
      <object_component id="oc-3f2">
         <name>.text:_isr:USCI_A2_ISR</name>
         <load_address>0x40c0</load_address>
         <run_address>0x40c0</run_address>
         <size>0xa</size>
         <input_file_ref idref="fl-3"/>
      </object_component>
      <object_component id="oc-3e7">
         <name>.text:_isr:__TI_ISR_TRAP</name>
         <load_address>0x40ca</load_address>
         <run_address>0x40ca</run_address>
         <size>0x8</size>
         <input_file_ref idref="fl-65"/>
      </object_component>
      <object_component id="oc-79c">
         <name>.cinit..data.load</name>
         <load_address>0x413c</load_address>
         <run_address>0x413c</run_address>
         <size>0x12</size>
      </object_component>
      <object_component id="oc-799">
         <name>__TI_handler_table</name>
         <load_address>0x414e</load_address>
         <run_address>0x414e</run_address>
         <size>0xc</size>
      </object_component>
      <object_component id="oc-79b">
         <name>.cinit..bss.load</name>
         <load_address>0x415a</load_address>
         <run_address>0x415a</run_address>
         <size>0x6</size>
      </object_component>
      <object_component id="oc-79a">
         <name>__TI_cinit_table</name>
         <load_address>0x4160</load_address>
         <run_address>0x4160</run_address>
         <size>0x10</size>
      </object_component>
      <object_component id="oc-680">
         <name>.const:GPIO_PORT_TO_BASE</name>
         <load_address>0x40d2</load_address>
         <run_address>0x40d2</run_address>
         <size>0x1c</size>
         <input_file_ref idref="fl-14"/>
      </object_component>
      <object_component id="oc-6a1">
         <name>.const:$P$T2$3</name>
         <load_address>0x40ee</load_address>
         <run_address>0x40ee</run_address>
         <size>0x12</size>
         <input_file_ref idref="fl-5"/>
      </object_component>
      <object_component id="oc-6bd">
         <name>.const:$P$T4$5</name>
         <load_address>0x4100</load_address>
         <run_address>0x4100</run_address>
         <size>0x12</size>
         <input_file_ref idref="fl-5"/>
      </object_component>
      <object_component id="oc-605">
         <name>.const:$P$T5$6</name>
         <load_address>0x4112</load_address>
         <run_address>0x4112</run_address>
         <size>0xc</size>
         <input_file_ref idref="fl-5"/>
      </object_component>
      <object_component id="oc-54e">
         <name>.const:$P$T0$1</name>
         <load_address>0x411e</load_address>
         <run_address>0x411e</run_address>
         <size>0xa</size>
         <input_file_ref idref="fl-3"/>
      </object_component>
      <object_component id="oc-5bd">
         <name>.const:$P$T0$1</name>
         <load_address>0x4128</load_address>
         <run_address>0x4128</run_address>
         <size>0x8</size>
         <input_file_ref idref="fl-5"/>
      </object_component>
      <object_component id="oc-698">
         <name>.const:$P$T3$4</name>
         <load_address>0x4130</load_address>
         <run_address>0x4130</run_address>
         <size>0x8</size>
         <input_file_ref idref="fl-5"/>
      </object_component>
      <object_component id="oc-5cc">
         <name>.const:$P$T1$2</name>
         <load_address>0x4138</load_address>
         <run_address>0x4138</run_address>
         <size>0x4</size>
         <input_file_ref idref="fl-5"/>
      </object_component>
      <object_component id="oc-72b">
         <name>.binit</name>
         <load_address>0x4000</load_address>
         <run_address>0x4000</run_address>
         <size>0x0</size>
      </object_component>
      <object_component id="oc-7a">
         <name>.int40</name>
         <load_address>0xffd0</load_address>
         <run_address>0xffd0</run_address>
         <size>0x2</size>
         <input_file_ref idref="fl-53"/>
      </object_component>
      <object_component id="oc-7b">
         <name>.int41</name>
         <load_address>0xffd2</load_address>
         <run_address>0xffd2</run_address>
         <size>0x2</size>
         <input_file_ref idref="fl-54"/>
      </object_component>
      <object_component id="oc-7c">
         <name>.int42</name>
         <load_address>0xffd4</load_address>
         <run_address>0xffd4</run_address>
         <size>0x2</size>
         <input_file_ref idref="fl-55"/>
      </object_component>
      <object_component id="oc-7d">
         <name>.int43</name>
         <load_address>0xffd6</load_address>
         <run_address>0xffd6</run_address>
         <size>0x2</size>
         <input_file_ref idref="fl-56"/>
      </object_component>
      <object_component id="oc-7e">
         <name>.int44</name>
         <load_address>0xffd8</load_address>
         <run_address>0xffd8</run_address>
         <size>0x2</size>
         <input_file_ref idref="fl-57"/>
      </object_component>
      <object_component id="oc-7f">
         <name>.int45</name>
         <load_address>0xffda</load_address>
         <run_address>0xffda</run_address>
         <size>0x2</size>
         <input_file_ref idref="fl-58"/>
      </object_component>
      <object_component id="oc-80">
         <name>.int46</name>
         <load_address>0xffdc</load_address>
         <run_address>0xffdc</run_address>
         <size>0x2</size>
         <input_file_ref idref="fl-59"/>
      </object_component>
      <object_component id="oc-81">
         <name>.int47</name>
         <load_address>0xffde</load_address>
         <run_address>0xffde</run_address>
         <size>0x2</size>
         <input_file_ref idref="fl-5a"/>
      </object_component>
      <object_component id="oc-82">
         <name>.int48</name>
         <load_address>0xffe0</load_address>
         <run_address>0xffe0</run_address>
         <size>0x2</size>
         <input_file_ref idref="fl-3"/>
      </object_component>
      <object_component id="oc-83">
         <name>.int49</name>
         <load_address>0xffe2</load_address>
         <run_address>0xffe2</run_address>
         <size>0x2</size>
         <input_file_ref idref="fl-5b"/>
      </object_component>
      <object_component id="oc-84">
         <name>.int50</name>
         <load_address>0xffe4</load_address>
         <run_address>0xffe4</run_address>
         <size>0x2</size>
         <input_file_ref idref="fl-5c"/>
      </object_component>
      <object_component id="oc-85">
         <name>.int51</name>
         <load_address>0xffe6</load_address>
         <run_address>0xffe6</run_address>
         <size>0x2</size>
         <input_file_ref idref="fl-5d"/>
      </object_component>
      <object_component id="oc-86">
         <name>.int52</name>
         <load_address>0xffe8</load_address>
         <run_address>0xffe8</run_address>
         <size>0x2</size>
         <input_file_ref idref="fl-3"/>
      </object_component>
      <object_component id="oc-87">
         <name>.int53</name>
         <load_address>0xffea</load_address>
         <run_address>0xffea</run_address>
         <size>0x2</size>
         <input_file_ref idref="fl-3"/>
      </object_component>
      <object_component id="oc-88">
         <name>.int54</name>
         <load_address>0xffec</load_address>
         <run_address>0xffec</run_address>
         <size>0x2</size>
         <input_file_ref idref="fl-5e"/>
      </object_component>
      <object_component id="oc-89">
         <name>.int55</name>
         <load_address>0xffee</load_address>
         <run_address>0xffee</run_address>
         <size>0x2</size>
         <input_file_ref idref="fl-5f"/>
      </object_component>
      <object_component id="oc-8a">
         <name>.int56</name>
         <load_address>0xfff0</load_address>
         <run_address>0xfff0</run_address>
         <size>0x2</size>
         <input_file_ref idref="fl-3"/>
      </object_component>
      <object_component id="oc-8b">
         <name>.int57</name>
         <load_address>0xfff2</load_address>
         <run_address>0xfff2</run_address>
         <size>0x2</size>
         <input_file_ref idref="fl-60"/>
      </object_component>
      <object_component id="oc-8c">
         <name>.int58</name>
         <load_address>0xfff4</load_address>
         <run_address>0xfff4</run_address>
         <size>0x2</size>
         <input_file_ref idref="fl-3"/>
      </object_component>
      <object_component id="oc-8d">
         <name>.int59</name>
         <load_address>0xfff6</load_address>
         <run_address>0xfff6</run_address>
         <size>0x2</size>
         <input_file_ref idref="fl-61"/>
      </object_component>
      <object_component id="oc-8e">
         <name>.int60</name>
         <load_address>0xfff8</load_address>
         <run_address>0xfff8</run_address>
         <size>0x2</size>
         <input_file_ref idref="fl-62"/>
      </object_component>
      <object_component id="oc-8f">
         <name>.int61</name>
         <load_address>0xfffa</load_address>
         <run_address>0xfffa</run_address>
         <size>0x2</size>
         <input_file_ref idref="fl-63"/>
      </object_component>
      <object_component id="oc-90">
         <name>.int62</name>
         <load_address>0xfffc</load_address>
         <run_address>0xfffc</run_address>
         <size>0x2</size>
         <input_file_ref idref="fl-64"/>
      </object_component>
      <object_component id="oc-3ce">
         <name>.reset</name>
         <load_address>0xfffe</load_address>
         <run_address>0xfffe</run_address>
         <size>0x2</size>
         <input_file_ref idref="fl-6d"/>
      </object_component>
      <object_component id="oc-523">
         <name>.debug_info</name>
         <load_address>0x0</load_address>
         <run_address>0x0</run_address>
         <size>0x24d</size>
         <input_file_ref idref="fl-2"/>
      </object_component>
      <object_component id="oc-52b">
         <name>.debug_info</name>
         <load_address>0x24d</load_address>
         <run_address>0x24d</run_address>
         <size>0x1b2</size>
         <input_file_ref idref="fl-2"/>
      </object_component>
      <object_component id="oc-4be">
         <name>.debug_info</name>
         <load_address>0x3ff</load_address>
         <run_address>0x3ff</run_address>
         <size>0x26b</size>
         <input_file_ref idref="fl-2"/>
      </object_component>
      <object_component id="oc-6c1">
         <name>.debug_info</name>
         <load_address>0x66a</load_address>
         <run_address>0x66a</run_address>
         <size>0x174</size>
         <input_file_ref idref="fl-2"/>
      </object_component>
      <object_component id="oc-633">
         <name>.debug_info</name>
         <load_address>0x7de</load_address>
         <run_address>0x7de</run_address>
         <size>0xf5</size>
         <input_file_ref idref="fl-2"/>
      </object_component>
      <object_component id="oc-5e8">
         <name>.debug_info</name>
         <load_address>0x8d3</load_address>
         <run_address>0x8d3</run_address>
         <size>0x1b0</size>
         <input_file_ref idref="fl-2"/>
      </object_component>
      <object_component id="oc-4b9">
         <name>.debug_info</name>
         <load_address>0xa83</load_address>
         <run_address>0xa83</run_address>
         <size>0x392</size>
         <input_file_ref idref="fl-2"/>
      </object_component>
      <object_component id="oc-4aa">
         <name>.debug_info</name>
         <load_address>0xe15</load_address>
         <run_address>0xe15</run_address>
         <size>0x8b</size>
         <input_file_ref idref="fl-2"/>
      </object_component>
      <object_component id="oc-51e">
         <name>.debug_info</name>
         <load_address>0xea0</load_address>
         <run_address>0xea0</run_address>
         <size>0x275</size>
         <input_file_ref idref="fl-2"/>
      </object_component>
      <object_component id="oc-4af">
         <name>.debug_info</name>
         <load_address>0x1115</load_address>
         <run_address>0x1115</run_address>
         <size>0xbb</size>
         <input_file_ref idref="fl-2"/>
      </object_component>
      <object_component id="oc-471">
         <name>.debug_info</name>
         <load_address>0x11d0</load_address>
         <run_address>0x11d0</run_address>
         <size>0x550</size>
         <input_file_ref idref="fl-3"/>
      </object_component>
      <object_component id="oc-459">
         <name>.debug_info</name>
         <load_address>0x1720</load_address>
         <run_address>0x1720</run_address>
         <size>0x1d3</size>
         <input_file_ref idref="fl-3"/>
      </object_component>
      <object_component id="oc-54f">
         <name>.debug_info</name>
         <load_address>0x18f3</load_address>
         <run_address>0x18f3</run_address>
         <size>0x116</size>
         <input_file_ref idref="fl-3"/>
      </object_component>
      <object_component id="oc-4c7">
         <name>.debug_info</name>
         <load_address>0x1a09</load_address>
         <run_address>0x1a09</run_address>
         <size>0x22d</size>
         <input_file_ref idref="fl-3"/>
      </object_component>
      <object_component id="oc-484">
         <name>.debug_info</name>
         <load_address>0x1c36</load_address>
         <run_address>0x1c36</run_address>
         <size>0x1a7</size>
         <input_file_ref idref="fl-3"/>
      </object_component>
      <object_component id="oc-3f3">
         <name>.debug_info</name>
         <load_address>0x1ddd</load_address>
         <run_address>0x1ddd</run_address>
         <size>0x14b</size>
         <input_file_ref idref="fl-3"/>
      </object_component>
      <object_component id="oc-3f9">
         <name>.debug_info</name>
         <load_address>0x1f28</load_address>
         <run_address>0x1f28</run_address>
         <size>0x14a</size>
         <input_file_ref idref="fl-3"/>
      </object_component>
      <object_component id="oc-405">
         <name>.debug_info</name>
         <load_address>0x2072</load_address>
         <run_address>0x2072</run_address>
         <size>0x148</size>
         <input_file_ref idref="fl-3"/>
      </object_component>
      <object_component id="oc-3ed">
         <name>.debug_info</name>
         <load_address>0x21ba</load_address>
         <run_address>0x21ba</run_address>
         <size>0x175</size>
         <input_file_ref idref="fl-3"/>
      </object_component>
      <object_component id="oc-3ff">
         <name>.debug_info</name>
         <load_address>0x232f</load_address>
         <run_address>0x232f</run_address>
         <size>0x15c</size>
         <input_file_ref idref="fl-3"/>
      </object_component>
      <object_component id="oc-5fa">
         <name>.debug_info</name>
         <load_address>0x248b</load_address>
         <run_address>0x248b</run_address>
         <size>0x48</size>
         <input_file_ref idref="fl-3"/>
      </object_component>
      <object_component id="oc-689">
         <name>.debug_info</name>
         <load_address>0x24d3</load_address>
         <run_address>0x24d3</run_address>
         <size>0x848</size>
         <input_file_ref idref="fl-5"/>
      </object_component>
      <object_component id="oc-5be">
         <name>.debug_info</name>
         <load_address>0x2d1b</load_address>
         <run_address>0x2d1b</run_address>
         <size>0x11d</size>
         <input_file_ref idref="fl-5"/>
      </object_component>
      <object_component id="oc-5cd">
         <name>.debug_info</name>
         <load_address>0x2e38</load_address>
         <run_address>0x2e38</run_address>
         <size>0x11d</size>
         <input_file_ref idref="fl-5"/>
      </object_component>
      <object_component id="oc-6a2">
         <name>.debug_info</name>
         <load_address>0x2f55</load_address>
         <run_address>0x2f55</run_address>
         <size>0x11d</size>
         <input_file_ref idref="fl-5"/>
      </object_component>
      <object_component id="oc-699">
         <name>.debug_info</name>
         <load_address>0x3072</load_address>
         <run_address>0x3072</run_address>
         <size>0x11d</size>
         <input_file_ref idref="fl-5"/>
      </object_component>
      <object_component id="oc-6be">
         <name>.debug_info</name>
         <load_address>0x318f</load_address>
         <run_address>0x318f</run_address>
         <size>0x11d</size>
         <input_file_ref idref="fl-5"/>
      </object_component>
      <object_component id="oc-606">
         <name>.debug_info</name>
         <load_address>0x32ac</load_address>
         <run_address>0x32ac</run_address>
         <size>0x11d</size>
         <input_file_ref idref="fl-5"/>
      </object_component>
      <object_component id="oc-5ee">
         <name>.debug_info</name>
         <load_address>0x33c9</load_address>
         <run_address>0x33c9</run_address>
         <size>0x29d</size>
         <input_file_ref idref="fl-5"/>
      </object_component>
      <object_component id="oc-5f4">
         <name>.debug_info</name>
         <load_address>0x3666</load_address>
         <run_address>0x3666</run_address>
         <size>0x275</size>
         <input_file_ref idref="fl-5"/>
      </object_component>
      <object_component id="oc-53d">
         <name>.debug_info</name>
         <load_address>0x38db</load_address>
         <run_address>0x38db</run_address>
         <size>0x1a8</size>
         <input_file_ref idref="fl-5"/>
      </object_component>
      <object_component id="oc-537">
         <name>.debug_info</name>
         <load_address>0x3a83</load_address>
         <run_address>0x3a83</run_address>
         <size>0x244</size>
         <input_file_ref idref="fl-5"/>
      </object_component>
      <object_component id="oc-543">
         <name>.debug_info</name>
         <load_address>0x3cc7</load_address>
         <run_address>0x3cc7</run_address>
         <size>0x272</size>
         <input_file_ref idref="fl-5"/>
      </object_component>
      <object_component id="oc-531">
         <name>.debug_info</name>
         <load_address>0x3f39</load_address>
         <run_address>0x3f39</run_address>
         <size>0x22b</size>
         <input_file_ref idref="fl-5"/>
      </object_component>
      <object_component id="oc-3d5">
         <name>.debug_info</name>
         <load_address>0x4164</load_address>
         <run_address>0x4164</run_address>
         <size>0x84</size>
         <input_file_ref idref="fl-7"/>
      </object_component>
      <object_component id="oc-6fb">
         <name>.debug_info</name>
         <load_address>0x41e8</load_address>
         <run_address>0x41e8</run_address>
         <size>0x1b6</size>
         <input_file_ref idref="fl-f"/>
      </object_component>
      <object_component id="oc-69c">
         <name>.debug_info</name>
         <load_address>0x439e</load_address>
         <run_address>0x439e</run_address>
         <size>0x221</size>
         <input_file_ref idref="fl-f"/>
      </object_component>
      <object_component id="oc-6a5">
         <name>.debug_info</name>
         <load_address>0x45bf</load_address>
         <run_address>0x45bf</run_address>
         <size>0x238</size>
         <input_file_ref idref="fl-f"/>
      </object_component>
      <object_component id="oc-6b7">
         <name>.debug_info</name>
         <load_address>0x47f7</load_address>
         <run_address>0x47f7</run_address>
         <size>0x20a</size>
         <input_file_ref idref="fl-f"/>
      </object_component>
      <object_component id="oc-6ab">
         <name>.debug_info</name>
         <load_address>0x4a01</load_address>
         <run_address>0x4a01</run_address>
         <size>0x1f5</size>
         <input_file_ref idref="fl-f"/>
      </object_component>
      <object_component id="oc-6b1">
         <name>.debug_info</name>
         <load_address>0x4bf6</load_address>
         <run_address>0x4bf6</run_address>
         <size>0x208</size>
         <input_file_ref idref="fl-f"/>
      </object_component>
      <object_component id="oc-6d6">
         <name>.debug_info</name>
         <load_address>0x4dfe</load_address>
         <run_address>0x4dfe</run_address>
         <size>0x1b6</size>
         <input_file_ref idref="fl-11"/>
      </object_component>
      <object_component id="oc-615">
         <name>.debug_info</name>
         <load_address>0x4fb4</load_address>
         <run_address>0x4fb4</run_address>
         <size>0x22a</size>
         <input_file_ref idref="fl-11"/>
      </object_component>
      <object_component id="oc-61b">
         <name>.debug_info</name>
         <load_address>0x51de</load_address>
         <run_address>0x51de</run_address>
         <size>0x219</size>
         <input_file_ref idref="fl-11"/>
      </object_component>
      <object_component id="oc-60f">
         <name>.debug_info</name>
         <load_address>0x53f7</load_address>
         <run_address>0x53f7</run_address>
         <size>0x25d</size>
         <input_file_ref idref="fl-11"/>
      </object_component>
      <object_component id="oc-62d">
         <name>.debug_info</name>
         <load_address>0x5654</load_address>
         <run_address>0x5654</run_address>
         <size>0x20a</size>
         <input_file_ref idref="fl-11"/>
      </object_component>
      <object_component id="oc-621">
         <name>.debug_info</name>
         <load_address>0x585e</load_address>
         <run_address>0x585e</run_address>
         <size>0x1f5</size>
         <input_file_ref idref="fl-11"/>
      </object_component>
      <object_component id="oc-627">
         <name>.debug_info</name>
         <load_address>0x5a53</load_address>
         <run_address>0x5a53</run_address>
         <size>0x208</size>
         <input_file_ref idref="fl-11"/>
      </object_component>
      <object_component id="oc-6f2">
         <name>.debug_info</name>
         <load_address>0x5c5b</load_address>
         <run_address>0x5c5b</run_address>
         <size>0x1b5</size>
         <input_file_ref idref="fl-14"/>
      </object_component>
      <object_component id="oc-681">
         <name>.debug_info</name>
         <load_address>0x5e10</load_address>
         <run_address>0x5e10</run_address>
         <size>0x143</size>
         <input_file_ref idref="fl-14"/>
      </object_component>
      <object_component id="oc-5ab">
         <name>.debug_info</name>
         <load_address>0x5f53</load_address>
         <run_address>0x5f53</run_address>
         <size>0x24e</size>
         <input_file_ref idref="fl-14"/>
      </object_component>
      <object_component id="oc-5b7">
         <name>.debug_info</name>
         <load_address>0x61a1</load_address>
         <run_address>0x61a1</run_address>
         <size>0x24f</size>
         <input_file_ref idref="fl-14"/>
      </object_component>
      <object_component id="oc-600">
         <name>.debug_info</name>
         <load_address>0x63f0</load_address>
         <run_address>0x63f0</run_address>
         <size>0x275</size>
         <input_file_ref idref="fl-14"/>
      </object_component>
      <object_component id="oc-5a5">
         <name>.debug_info</name>
         <load_address>0x6665</load_address>
         <run_address>0x6665</run_address>
         <size>0x247</size>
         <input_file_ref idref="fl-14"/>
      </object_component>
      <object_component id="oc-5b1">
         <name>.debug_info</name>
         <load_address>0x68ac</load_address>
         <run_address>0x68ac</run_address>
         <size>0x26c</size>
         <input_file_ref idref="fl-14"/>
      </object_component>
      <object_component id="oc-66b">
         <name>.debug_info</name>
         <load_address>0x6b18</load_address>
         <run_address>0x6b18</run_address>
         <size>0x23f</size>
         <input_file_ref idref="fl-1b"/>
      </object_component>
      <object_component id="oc-671">
         <name>.debug_info</name>
         <load_address>0x6d57</load_address>
         <run_address>0x6d57</run_address>
         <size>0x243</size>
         <input_file_ref idref="fl-1b"/>
      </object_component>
      <object_component id="oc-592">
         <name>.debug_info</name>
         <load_address>0x6f9a</load_address>
         <run_address>0x6f9a</run_address>
         <size>0x23f</size>
         <input_file_ref idref="fl-1b"/>
      </object_component>
      <object_component id="oc-68b">
         <name>.debug_info</name>
         <load_address>0x71d9</load_address>
         <run_address>0x71d9</run_address>
         <size>0x1b1</size>
         <input_file_ref idref="fl-21"/>
      </object_component>
      <object_component id="oc-4cd">
         <name>.debug_info</name>
         <load_address>0x738a</load_address>
         <run_address>0x738a</run_address>
         <size>0x24b</size>
         <input_file_ref idref="fl-21"/>
      </object_component>
      <object_component id="oc-4d9">
         <name>.debug_info</name>
         <load_address>0x75d5</load_address>
         <run_address>0x75d5</run_address>
         <size>0x24d</size>
         <input_file_ref idref="fl-21"/>
      </object_component>
      <object_component id="oc-5e2">
         <name>.debug_info</name>
         <load_address>0x7822</load_address>
         <run_address>0x7822</run_address>
         <size>0x289</size>
         <input_file_ref idref="fl-21"/>
      </object_component>
      <object_component id="oc-5c7">
         <name>.debug_info</name>
         <load_address>0x7aab</load_address>
         <run_address>0x7aab</run_address>
         <size>0x27d</size>
         <input_file_ref idref="fl-21"/>
      </object_component>
      <object_component id="oc-5d0">
         <name>.debug_info</name>
         <load_address>0x7d28</load_address>
         <run_address>0x7d28</run_address>
         <size>0x208</size>
         <input_file_ref idref="fl-21"/>
      </object_component>
      <object_component id="oc-5c1">
         <name>.debug_info</name>
         <load_address>0x7f30</load_address>
         <run_address>0x7f30</run_address>
         <size>0x1fe</size>
         <input_file_ref idref="fl-21"/>
      </object_component>
      <object_component id="oc-46b">
         <name>.debug_info</name>
         <load_address>0x812e</load_address>
         <run_address>0x812e</run_address>
         <size>0x250</size>
         <input_file_ref idref="fl-21"/>
      </object_component>
      <object_component id="oc-5dc">
         <name>.debug_info</name>
         <load_address>0x837e</load_address>
         <run_address>0x837e</run_address>
         <size>0x23e</size>
         <input_file_ref idref="fl-21"/>
      </object_component>
      <object_component id="oc-5d6">
         <name>.debug_info</name>
         <load_address>0x85bc</load_address>
         <run_address>0x85bc</run_address>
         <size>0x23c</size>
         <input_file_ref idref="fl-21"/>
      </object_component>
      <object_component id="oc-63c">
         <name>.debug_info</name>
         <load_address>0x87f8</load_address>
         <run_address>0x87f8</run_address>
         <size>0x1c4</size>
         <input_file_ref idref="fl-25"/>
      </object_component>
      <object_component id="oc-45c">
         <name>.debug_info</name>
         <load_address>0x89bc</load_address>
         <run_address>0x89bc</run_address>
         <size>0x1e0</size>
         <input_file_ref idref="fl-25"/>
      </object_component>
      <object_component id="oc-4d3">
         <name>.debug_info</name>
         <load_address>0x8b9c</load_address>
         <run_address>0x8b9c</run_address>
         <size>0x223</size>
         <input_file_ref idref="fl-25"/>
      </object_component>
      <object_component id="oc-552">
         <name>.debug_info</name>
         <load_address>0x8dbf</load_address>
         <run_address>0x8dbf</run_address>
         <size>0x21f</size>
         <input_file_ref idref="fl-25"/>
      </object_component>
      <object_component id="oc-549">
         <name>.debug_info</name>
         <load_address>0x8fde</load_address>
         <run_address>0x8fde</run_address>
         <size>0x1fe</size>
         <input_file_ref idref="fl-25"/>
      </object_component>
      <object_component id="oc-462">
         <name>.debug_info</name>
         <load_address>0x91dc</load_address>
         <run_address>0x91dc</run_address>
         <size>0x1df</size>
         <input_file_ref idref="fl-25"/>
      </object_component>
      <object_component id="oc-67f">
         <name>.debug_info</name>
         <load_address>0x93bb</load_address>
         <run_address>0x93bb</run_address>
         <size>0x210</size>
         <input_file_ref idref="fl-29"/>
      </object_component>
      <object_component id="oc-705">
         <name>.debug_info</name>
         <load_address>0x95cb</load_address>
         <run_address>0x95cb</run_address>
         <size>0x190</size>
         <input_file_ref idref="fl-29"/>
      </object_component>
      <object_component id="oc-679">
         <name>.debug_info</name>
         <load_address>0x975b</load_address>
         <run_address>0x975b</run_address>
         <size>0x239</size>
         <input_file_ref idref="fl-29"/>
      </object_component>
      <object_component id="oc-59e">
         <name>.debug_info</name>
         <load_address>0x9994</load_address>
         <run_address>0x9994</run_address>
         <size>0x1fb</size>
         <input_file_ref idref="fl-29"/>
      </object_component>
      <object_component id="oc-598">
         <name>.debug_info</name>
         <load_address>0x9b8f</load_address>
         <run_address>0x9b8f</run_address>
         <size>0x2ab</size>
         <input_file_ref idref="fl-29"/>
      </object_component>
      <object_component id="oc-708">
         <name>.debug_info</name>
         <load_address>0x9e3a</load_address>
         <run_address>0x9e3a</run_address>
         <size>0x2a7</size>
         <input_file_ref idref="fl-29"/>
      </object_component>
      <object_component id="oc-6ca">
         <name>.debug_info</name>
         <load_address>0xa0e1</load_address>
         <run_address>0xa0e1</run_address>
         <size>0x35b</size>
         <input_file_ref idref="fl-29"/>
      </object_component>
      <object_component id="oc-609">
         <name>.debug_info</name>
         <load_address>0xa43c</load_address>
         <run_address>0xa43c</run_address>
         <size>0x20a</size>
         <input_file_ref idref="fl-29"/>
      </object_component>
      <object_component id="oc-525">
         <name>.debug_info</name>
         <load_address>0xa646</load_address>
         <run_address>0xa646</run_address>
         <size>0x1f4</size>
         <input_file_ref idref="fl-2e"/>
      </object_component>
      <object_component id="oc-713">
         <name>.debug_info</name>
         <load_address>0xa83a</load_address>
         <run_address>0xa83a</run_address>
         <size>0x136</size>
         <input_file_ref idref="fl-4f"/>
      </object_component>
      <object_component id="oc-724">
         <name>.debug_info</name>
         <load_address>0xa970</load_address>
         <run_address>0xa970</run_address>
         <size>0x122</size>
         <input_file_ref idref="fl-50"/>
      </object_component>
      <object_component id="oc-70e">
         <name>.debug_info</name>
         <load_address>0xaa92</load_address>
         <run_address>0xaa92</run_address>
         <size>0x139</size>
         <input_file_ref idref="fl-51"/>
      </object_component>
      <object_component id="oc-6d1">
         <name>.debug_info</name>
         <load_address>0xabcb</load_address>
         <run_address>0xabcb</run_address>
         <size>0x124</size>
         <input_file_ref idref="fl-52"/>
      </object_component>
      <object_component id="oc-3e8">
         <name>.debug_info</name>
         <load_address>0xacef</load_address>
         <run_address>0xacef</run_address>
         <size>0x110</size>
         <input_file_ref idref="fl-65"/>
      </object_component>
      <object_component id="oc-691">
         <name>.debug_info</name>
         <load_address>0xadff</load_address>
         <run_address>0xadff</run_address>
         <size>0x121</size>
         <input_file_ref idref="fl-66"/>
      </object_component>
      <object_component id="oc-3cc">
         <name>.debug_info</name>
         <load_address>0xaf20</load_address>
         <run_address>0xaf20</run_address>
         <size>0x101</size>
         <input_file_ref idref="fl-6d"/>
      </object_component>
      <object_component id="oc-41d">
         <name>.debug_info</name>
         <load_address>0xb021</load_address>
         <run_address>0xb021</run_address>
         <size>0x17b</size>
         <input_file_ref idref="fl-6d"/>
      </object_component>
      <object_component id="oc-574">
         <name>.debug_info</name>
         <load_address>0xb19c</load_address>
         <run_address>0xb19c</run_address>
         <size>0x3fd</size>
         <input_file_ref idref="fl-6e"/>
      </object_component>
      <object_component id="oc-504">
         <name>.debug_info</name>
         <load_address>0xb599</load_address>
         <run_address>0xb599</run_address>
         <size>0x231</size>
         <input_file_ref idref="fl-6e"/>
      </object_component>
      <object_component id="oc-654">
         <name>.debug_info</name>
         <load_address>0xb7ca</load_address>
         <run_address>0xb7ca</run_address>
         <size>0x39</size>
         <input_file_ref idref="fl-6e"/>
      </object_component>
      <object_component id="oc-665">
         <name>.debug_info</name>
         <load_address>0xb803</load_address>
         <run_address>0xb803</run_address>
         <size>0x2c</size>
         <input_file_ref idref="fl-6e"/>
      </object_component>
      <object_component id="oc-57f">
         <name>.debug_info</name>
         <load_address>0xb82f</load_address>
         <run_address>0xb82f</run_address>
         <size>0x2c</size>
         <input_file_ref idref="fl-6e"/>
      </object_component>
      <object_component id="oc-659">
         <name>.debug_info</name>
         <load_address>0xb85b</load_address>
         <run_address>0xb85b</run_address>
         <size>0xcd</size>
         <input_file_ref idref="fl-6e"/>
      </object_component>
      <object_component id="oc-47b">
         <name>.debug_info</name>
         <load_address>0xb928</load_address>
         <run_address>0xb928</run_address>
         <size>0x180</size>
         <input_file_ref idref="fl-6f"/>
      </object_component>
      <object_component id="oc-40b">
         <name>.debug_info</name>
         <load_address>0xbaa8</load_address>
         <run_address>0xbaa8</run_address>
         <size>0x1d8</size>
         <input_file_ref idref="fl-6f"/>
      </object_component>
      <object_component id="oc-476">
         <name>.debug_info</name>
         <load_address>0xbc80</load_address>
         <run_address>0xbc80</run_address>
         <size>0x46</size>
         <input_file_ref idref="fl-6f"/>
      </object_component>
      <object_component id="oc-450">
         <name>.debug_info</name>
         <load_address>0xbcc6</load_address>
         <run_address>0xbcc6</run_address>
         <size>0x2c</size>
         <input_file_ref idref="fl-70"/>
      </object_component>
      <object_component id="oc-481">
         <name>.debug_info</name>
         <load_address>0xbcf2</load_address>
         <run_address>0xbcf2</run_address>
         <size>0x154</size>
         <input_file_ref idref="fl-72"/>
      </object_component>
      <object_component id="oc-56f">
         <name>.debug_info</name>
         <load_address>0xbe46</load_address>
         <run_address>0xbe46</run_address>
         <size>0x151</size>
         <input_file_ref idref="fl-73"/>
      </object_component>
      <object_component id="oc-3e6">
         <name>.debug_info</name>
         <load_address>0xbf97</load_address>
         <run_address>0xbf97</run_address>
         <size>0x190</size>
         <input_file_ref idref="fl-74"/>
      </object_component>
      <object_component id="oc-78">
         <name>.debug_info</name>
         <load_address>0xc127</load_address>
         <run_address>0xc127</run_address>
         <size>0x1d4</size>
         <input_file_ref idref="fl-74"/>
      </object_component>
      <object_component id="oc-3e1">
         <name>.debug_info</name>
         <load_address>0xc2fb</load_address>
         <run_address>0xc2fb</run_address>
         <size>0x46</size>
         <input_file_ref idref="fl-74"/>
      </object_component>
      <object_component id="oc-44d">
         <name>.debug_info</name>
         <load_address>0xc341</load_address>
         <run_address>0xc341</run_address>
         <size>0x17c</size>
         <input_file_ref idref="fl-75"/>
      </object_component>
      <object_component id="oc-72">
         <name>.debug_info</name>
         <load_address>0xc4bd</load_address>
         <run_address>0xc4bd</run_address>
         <size>0x251</size>
         <input_file_ref idref="fl-75"/>
      </object_component>
      <object_component id="oc-3d0">
         <name>.debug_info</name>
         <load_address>0xc70e</load_address>
         <run_address>0xc70e</run_address>
         <size>0x60</size>
         <input_file_ref idref="fl-75"/>
      </object_component>
      <object_component id="oc-49f">
         <name>.debug_info</name>
         <load_address>0xc76e</load_address>
         <run_address>0xc76e</run_address>
         <size>0x46</size>
         <input_file_ref idref="fl-75"/>
      </object_component>
      <object_component id="oc-448">
         <name>.debug_info</name>
         <load_address>0xc7b4</load_address>
         <run_address>0xc7b4</run_address>
         <size>0x39</size>
         <input_file_ref idref="fl-75"/>
      </object_component>
      <object_component id="oc-4e3">
         <name>.debug_info</name>
         <load_address>0xc7ed</load_address>
         <run_address>0xc7ed</run_address>
         <size>0x123</size>
         <input_file_ref idref="fl-76"/>
      </object_component>
      <object_component id="oc-44f">
         <name>.debug_info</name>
         <load_address>0xc910</load_address>
         <run_address>0xc910</run_address>
         <size>0x19b</size>
         <input_file_ref idref="fl-79"/>
      </object_component>
      <object_component id="oc-3dd">
         <name>.debug_info</name>
         <load_address>0xcaab</load_address>
         <run_address>0xcaab</run_address>
         <size>0x17b</size>
         <input_file_ref idref="fl-79"/>
      </object_component>
      <object_component id="oc-7a0">
         <name>.debug_info</name>
         <load_address>0xcc26</load_address>
         <run_address>0xcc26</run_address>
         <size>0xe8</size>
      </object_component>
      <object_component id="oc-58f">
         <name>.debug_line</name>
         <load_address>0x0</load_address>
         <run_address>0x0</run_address>
         <size>0x126</size>
         <input_file_ref idref="fl-2"/>
      </object_component>
      <object_component id="oc-52e">
         <name>.debug_line</name>
         <load_address>0x126</load_address>
         <run_address>0x126</run_address>
         <size>0x4a</size>
         <input_file_ref idref="fl-2"/>
      </object_component>
      <object_component id="oc-4c1">
         <name>.debug_line</name>
         <load_address>0x170</load_address>
         <run_address>0x170</run_address>
         <size>0x7d</size>
         <input_file_ref idref="fl-2"/>
      </object_component>
      <object_component id="oc-6c4">
         <name>.debug_line</name>
         <load_address>0x1ed</load_address>
         <run_address>0x1ed</run_address>
         <size>0xab</size>
         <input_file_ref idref="fl-2"/>
      </object_component>
      <object_component id="oc-636">
         <name>.debug_line</name>
         <load_address>0x298</load_address>
         <run_address>0x298</run_address>
         <size>0xab</size>
         <input_file_ref idref="fl-2"/>
      </object_component>
[...]
         <value>0x609</value>
      </symbol>
      <symbol id="sm-324">
         <name>UCA2STATW</name>
         <value>0x60a</value>
      </symbol>
      <symbol id="sm-325">
         <name>UCA2RXBUF</name>
         <value>0x60c</value>
      </symbol>
      <symbol id="sm-326">
         <name>UCA2RXBUF_L</name>
         <value>0x60c</value>
      </symbol>
      <symbol id="sm-327">
         <name>UCA2RXBUF_H</name>
         <value>0x60d</value>
      </symbol>
      <symbol id="sm-328">
         <name>UCA2TXBUF</name>
         <value>0x60e</value>
      </symbol>
      <symbol id="sm-329">
         <name>UCA2TXBUF_L</name>
         <value>0x60e</value>
      </symbol>
      <symbol id="sm-32a">
         <name>UCA2TXBUF_H</name>
         <value>0x60f</value>
      </symbol>
      <symbol id="sm-32b">
         <name>UCA2ABCTL</name>
         <value>0x610</value>
      </symbol>
      <symbol id="sm-32c">
         <name>UCA2IRCTL</name>
         <value>0x612</value>
      </symbol>
      <symbol id="sm-32d">
         <name>UCA2IRCTL_L</name>
         <value>0x612</value>
      </symbol>
      <symbol id="sm-32e">
         <name>UCA2IRCTL_H</name>
         <value>0x613</value>
      </symbol>
      <symbol id="sm-32f">
         <name>UCA2IE</name>
         <value>0x61a</value>
      </symbol>
      <symbol id="sm-330">
         <name>UCA2IE_L</name>
         <value>0x61a</value>
      </symbol>
      <symbol id="sm-331">
         <name>UCA2IE_H</name>
         <value>0x61b</value>
      </symbol>
      <symbol id="sm-332">
         <name>UCA2IFG</name>
         <value>0x61c</value>
      </symbol>
      <symbol id="sm-333">
         <name>UCA2IFG_L</name>
         <value>0x61c</value>
      </symbol>
      <symbol id="sm-334">
         <name>UCA2IFG_H</name>
         <value>0x61d</value>
      </symbol>
      <symbol id="sm-335">
         <name>UCA2IV</name>
         <value>0x61e</value>
      </symbol>
      <symbol id="sm-336">
         <name>WDTCTL</name>
         <value>0x15c</value>
      </symbol>
      <symbol id="sm-337">
         <name>WDTCTL_L</name>
         <value>0x15c</value>
      </symbol>
      <symbol id="sm-338">
         <name>WDTCTL_H</name>
         <value>0x15d</value>
      </symbol>
      <symbol id="sm-339">
         <name>__TI_CINIT_Base</name>
         <value>0x4160</value>
      </symbol>
      <symbol id="sm-33a">
         <name>__TI_CINIT_Limit</name>
         <value>0x4170</value>
      </symbol>
      <symbol id="sm-33b">
         <name>__TI_Handler_Table_Base</name>
         <value>0x414e</value>
      </symbol>
      <symbol id="sm-33c">
         <name>__TI_Handler_Table_Limit</name>
         <value>0x415a</value>
      </symbol>
      <symbol id="sm-33d">
         <name>__STACK_SIZE</name>
         <value>0x50</value>
      </symbol>
      <symbol id="sm-33e">
         <name>__STACK_END</name>
         <value>0x3c00</value>
      </symbol>
      <symbol id="sm-33f">
         <name>__c_args__</name>
         <value>0xffffffff</value>
      </symbol>
      <symbol id="sm-340">
         <name>__TI_pprof_out_hndl</name>
         <value>0xffffffff</value>
      </symbol>
      <symbol id="sm-341">
         <name>__TI_prof_data_start</name>
         <value>0xffffffff</value>
      </symbol>
      <symbol id="sm-342">
         <name>__TI_prof_data_size</name>
         <value>0xffffffff</value>
      </symbol>
      <symbol id="sm-3d3">
         <name>set_clock_signals</name>
         <value>0x10d36</value>
         <object_component_ref idref="oc-52a"/>
      </symbol>
      <symbol id="sm-425">
         <name>currResult</name>
         <value>0x1c16</value>
      </symbol>
      <symbol id="sm-426">
         <name>timerOverflowCounter</name>
         <value>0x1c0a</value>
         <object_component_ref idref="oc-458"/>
      </symbol>
      <symbol id="sm-427">
         <name>TIMER1_A1_ISR</name>
         <value>0x405e</value>
         <object_component_ref idref="oc-3ec"/>
      </symbol>
      <symbol id="sm-428">
         <name>__TI_int48</name>
         <value>0xffe0</value>
         <object_component_ref idref="oc-82"/>
      </symbol>
      <symbol id="sm-429">
         <name>__TI_int58</name>
         <value>0xfff4</value>
         <object_component_ref idref="oc-8c"/>
      </symbol>
      <symbol id="sm-42a">
         <name>__TI_int56</name>
         <value>0xfff0</value>
         <object_component_ref idref="oc-8a"/>
      </symbol>
      <symbol id="sm-42b">
         <name>__TI_int52</name>
         <value>0xffe8</value>
         <object_component_ref idref="oc-86"/>
      </symbol>
      <symbol id="sm-42c">
         <name>__TI_int53</name>
         <value>0xffea</value>
         <object_component_ref idref="oc-87"/>
      </symbol>
      <symbol id="sm-42d">
         <name>USCI_A1_ISR</name>
         <value>0x40b6</value>
         <object_component_ref idref="oc-3f8"/>
      </symbol>
      <symbol id="sm-42e">
         <name>main</name>
         <value>0x10b34</value>
         <object_component_ref idref="oc-483"/>
      </symbol>
      <symbol id="sm-42f">
         <name>timerRunning</name>
         <value>0x1c00</value>
         <object_component_ref idref="oc-458"/>
      </symbol>
      <symbol id="sm-430">
         <name>USCIB0_ISR</name>
         <value>0x40ac</value>
         <object_component_ref idref="oc-404"/>
      </symbol>
      <symbol id="sm-431">
         <name>USCI_A2_ISR</name>
         <value>0x40c0</value>
         <object_component_ref idref="oc-3f2"/>
      </symbol>
      <symbol id="sm-432">
         <name>minResult</name>
         <value>0x1c06</value>
         <object_component_ref idref="oc-458"/>
      </symbol>
      <symbol id="sm-433">
         <name>setup</name>
         <value>0x10826</value>
         <object_component_ref idref="oc-4c6"/>
      </symbol>
      <symbol id="sm-434">
         <name>SD24BISR</name>
         <value>0x4000</value>
         <object_component_ref idref="oc-3fe"/>
      </symbol>
      <symbol id="sm-435">
         <name>maxResult</name>
         <value>0x1c02</value>
         <object_component_ref idref="oc-458"/>
      </symbol>
      <symbol id="sm-436">
         <name>maxTimerOverflows</name>
         <value>0x1c0c</value>
         <object_component_ref idref="oc-458"/>
      </symbol>
      <symbol id="sm-48d">
         <name>init_gpio</name>
         <value>0x10aec</value>
         <object_component_ref idref="oc-530"/>
      </symbol>
      <symbol id="sm-48e">
         <name>init_bme680_spi</name>
         <value>0x10730</value>
         <object_component_ref idref="oc-5f3"/>
      </symbol>
      <symbol id="sm-48f">
         <name>init_i2c</name>
         <value>0x106aa</value>
         <object_component_ref idref="oc-542"/>
      </symbol>
      <symbol id="sm-490">
         <name>init_radio_spi</name>
         <value>0x103dc</value>
         <object_component_ref idref="oc-5ed"/>
      </symbol>
      <symbol id="sm-491">
         <name>init_sdc</name>
         <value>0x104a4</value>
         <object_component_ref idref="oc-536"/>
      </symbol>
      <symbol id="sm-492">
         <name>init_spi</name>
         <value>0x10ecc</value>
         <object_component_ref idref="oc-53c"/>
      </symbol>
      <symbol id="sm-4c8">
         <name>EUSCI_A_SPI_enableInterrupt</name>
         <value>0x10e84</value>
         <object_component_ref idref="oc-6b6"/>
      </symbol>
      <symbol id="sm-4c9">
         <name>EUSCI_A_SPI_clearInterrupt</name>
         <value>0x10e78</value>
         <object_component_ref idref="oc-6b0"/>
      </symbol>
      <symbol id="sm-4ca">
         <name>EUSCI_A_SPI_initSlave</name>
         <value>0x10cf4</value>
         <object_component_ref idref="oc-69b"/>
      </symbol>
      <symbol id="sm-4cb">
         <name>EUSCI_A_SPI_initMaster</name>
         <value>0x108f2</value>
         <object_component_ref idref="oc-6a4"/>
      </symbol>
      <symbol id="sm-4cc">
         <name>EUSCI_A_SPI_enable</name>
         <value>0x10ee8</value>
         <object_component_ref idref="oc-6aa"/>
      </symbol>
      <symbol id="sm-4fc">
         <name>EUSCI_B_I2C_initMaster</name>
         <value>0x10892</value>
         <object_component_ref idref="oc-60e"/>
      </symbol>
      <symbol id="sm-4fd">
         <name>EUSCI_B_I2C_clearInterrupt</name>
         <value>0x10e90</value>
         <object_component_ref idref="oc-626"/>
      </symbol>
      <symbol id="sm-4fe">
         <name>EUSCI_B_I2C_setSlaveAddress</name>
         <value>0x10eb4</value>
         <object_component_ref idref="oc-614"/>
      </symbol>
      <symbol id="sm-4ff">
         <name>EUSCI_B_I2C_setMode</name>
         <value>0x10ea8</value>
         <object_component_ref idref="oc-61a"/>
      </symbol>
      <symbol id="sm-500">
         <name>EUSCI_B_I2C_enableInterrupt</name>
         <value>0x10e9c</value>
         <object_component_ref idref="oc-62c"/>
      </symbol>
      <symbol id="sm-501">
         <name>EUSCI_B_I2C_enable</name>
         <value>0x10eee</value>
         <object_component_ref idref="oc-620"/>
      </symbol>
      <symbol id="sm-536">
         <name>GPIO_setOutputHighOnPin</name>
         <value>0x10d54</value>
         <object_component_ref idref="oc-5b6"/>
      </symbol>
      <symbol id="sm-537">
         <name>GPIO_setAsInputPinWithPullUpResistor</name>
         <value>0x10bb6</value>
         <object_component_ref idref="oc-5b0"/>
      </symbol>
      <symbol id="sm-538">
         <name>GPIO_setAsOutputPin</name>
         <value>0x10c80</value>
         <object_component_ref idref="oc-5a4"/>
      </symbol>
      <symbol id="sm-539">
         <name>GPIO_setOutputLowOnPin</name>
         <value>0x10d70</value>
         <object_component_ref idref="oc-5aa"/>
      </symbol>
      <symbol id="sm-53a">
         <name>GPIO_setAsPeripheralModuleFunctionInputPin</name>
         <value>0x10ca8</value>
         <object_component_ref idref="oc-5ff"/>
      </symbol>
      <symbol id="sm-567">
         <name>PMM_setVCore</name>
         <value>0x109fa</value>
         <object_component_ref idref="oc-591"/>
      </symbol>
      <symbol id="sm-568">
         <name>PMM_setVCoreDown</name>
         <value>0x10608</value>
         <object_component_ref idref="oc-670"/>
      </symbol>
      <symbol id="sm-569">
         <name>PMM_setVCoreUp</name>
         <value>0x1021e</value>
         <object_component_ref idref="oc-66a"/>
      </symbol>
      <symbol id="sm-5b2">
         <name>SD24_B_setOversampling</name>
         <value>0x10dbe</value>
         <object_component_ref idref="oc-5e1"/>
      </symbol>
      <symbol id="sm-5b3">
         <name>SD24_B_clearInterrupt</name>
         <value>0x10e16</value>
         <object_component_ref idref="oc-5d5"/>
      </symbol>
      <symbol id="sm-5b4">
         <name>SD24_B_getResults</name>
         <value>0x10e3e</value>
         <object_component_ref idref="oc-46a"/>
      </symbol>
      <symbol id="sm-5b5">
         <name>SD24_B_stopConverterConversion</name>
         <value>0x10dea</value>
         <object_component_ref idref="oc-4cc"/>
      </symbol>
      <symbol id="sm-5b6">
         <name>SD24_B_setInterruptDelay</name>
         <value>0x10da6</value>
         <object_component_ref idref="oc-5c6"/>
      </symbol>
      <symbol id="sm-5b7">
         <name>SD24_B_initConverter</name>
         <value>0x10c56</value>
         <object_component_ref idref="oc-5cf"/>
      </symbol>
      <symbol id="sm-5b8">
         <name>SD24_B_enableInterrupt</name>
         <value>0x10e2a</value>
         <object_component_ref idref="oc-5db"/>
      </symbol>
      <symbol id="sm-5b9">
         <name>SD24_B_init</name>
         <value>0x10a4c</value>
         <object_component_ref idref="oc-5c0"/>
      </symbol>
      <symbol id="sm-5ba">
         <name>SD24_B_startConverterConversion</name>
         <value>0x10dd4</value>
         <object_component_ref idref="oc-4d8"/>
      </symbol>
      <symbol id="sm-5e6">
         <name>Timer_A_initContinuousMode</name>
         <value>0x10a9c</value>
         <object_component_ref idref="oc-551"/>
      </symbol>
      <symbol id="sm-5e7">
         <name>Timer_A_startCounter</name>
         <value>0x10ec0</value>
         <object_component_ref idref="oc-4d2"/>
      </symbol>
      <symbol id="sm-5e8">
         <name>Timer_A_stop</name>
         <value>0x10ee0</value>
         <object_component_ref idref="oc-45b"/>
      </symbol>
      <symbol id="sm-5e9">
         <name>Timer_A_clear</name>
         <value>0x10ef4</value>
         <object_component_ref idref="oc-461"/>
      </symbol>
      <symbol id="sm-5ea">
         <name>Timer_A_clearTimerInterrupt</name>
         <value>0x10efa</value>
         <object_component_ref idref="oc-548"/>
      </symbol>
      <symbol id="sm-651">
         <name>UCS_initClockSignal</name>
         <value>0x10562</value>
         <object_component_ref idref="oc-597"/>
      </symbol>
      <symbol id="sm-652">
         <name>UCS_initFLLSettle</name>
         <value>0x10bf4</value>
         <object_component_ref idref="oc-59d"/>
      </symbol>
      <symbol id="sm-653">
         <name>UCS_initFLL</name>
         <value>0x1013c</value>
         <object_component_ref idref="oc-678"/>
      </symbol>
      <symbol id="sm-654">
         <name>UCS_getSMCLK</name>
         <value>0x10d8c</value>
         <object_component_ref idref="oc-608"/>
      </symbol>
      <symbol id="sm-661">
         <name>WDT_A_hold</name>
         <value>0x10d16</value>
         <object_component_ref idref="oc-524"/>
      </symbol>
      <symbol id="sm-66d">
         <name>__mspabi_remi</name>
         <value>0x10c2a</value>
         <object_component_ref idref="oc-712"/>
      </symbol>
      <symbol id="sm-66e">
         <name>__mspabi_divi</name>
         <value>0x10c2a</value>
         <object_component_ref idref="oc-712"/>
      </symbol>
      <symbol id="sm-678">
         <name>__mspabi_remu</name>
         <value>0x10e00</value>
         <object_component_ref idref="oc-723"/>
      </symbol>
      <symbol id="sm-679">
         <name>__mspabi_divu</name>
         <value>0x10e00</value>
         <object_component_ref idref="oc-723"/>
      </symbol>
      <symbol id="sm-685">
         <name>__mspabi_remli</name>
         <value>0x10b76</value>
         <object_component_ref idref="oc-70d"/>
      </symbol>
      <symbol id="sm-686">
         <name>__mspabi_divli</name>
         <value>0x10b76</value>
         <object_component_ref idref="oc-70d"/>
      </symbol>
      <symbol id="sm-694">
         <name>__mspabi_remul</name>
         <value>0x1094e</value>
         <object_component_ref idref="oc-6d0"/>
      </symbol>
      <symbol id="sm-695">
         <name>__mspabi_divul</name>
         <value>0x1094e</value>
         <object_component_ref idref="oc-6d0"/>
      </symbol>
      <symbol id="sm-698">
         <name>__TI_int40</name>
         <value>0xffd0</value>
         <object_component_ref idref="oc-7a"/>
      </symbol>
      <symbol id="sm-69b">
         <name>__TI_int41</name>
         <value>0xffd2</value>
         <object_component_ref idref="oc-7b"/>
      </symbol>
      <symbol id="sm-69e">
         <name>__TI_int42</name>
         <value>0xffd4</value>
         <object_component_ref idref="oc-7c"/>
      </symbol>
      <symbol id="sm-6a1">
         <name>__TI_int43</name>
         <value>0xffd6</value>
         <object_component_ref idref="oc-7d"/>
      </symbol>
      <symbol id="sm-6a4">
         <name>__TI_int44</name>
         <value>0xffd8</value>
         <object_component_ref idref="oc-7e"/>
      </symbol>
      <symbol id="sm-6a7">
         <name>__TI_int45</name>
         <value>0xffda</value>
         <object_component_ref idref="oc-7f"/>
      </symbol>
      <symbol id="sm-6aa">
         <name>__TI_int46</name>
         <value>0xffdc</value>
         <object_component_ref idref="oc-80"/>
      </symbol>
      <symbol id="sm-6ad">
         <name>__TI_int47</name>
         <value>0xffde</value>
         <object_component_ref idref="oc-81"/>
      </symbol>
      <symbol id="sm-6b0">
         <name>__TI_int49</name>
         <value>0xffe2</value>
         <object_component_ref idref="oc-83"/>
      </symbol>
      <symbol id="sm-6b3">
         <name>__TI_int50</name>
         <value>0xffe4</value>
         <object_component_ref idref="oc-84"/>
      </symbol>
      <symbol id="sm-6b6">
         <name>__TI_int51</name>
         <value>0xffe6</value>
         <object_component_ref idref="oc-85"/>
      </symbol>
      <symbol id="sm-6b9">
         <name>__TI_int54</name>
         <value>0xffec</value>
         <object_component_ref idref="oc-88"/>
      </symbol>
      <symbol id="sm-6bc">
         <name>__TI_int55</name>
         <value>0xffee</value>
         <object_component_ref idref="oc-89"/>
      </symbol>
      <symbol id="sm-6bf">
         <name>__TI_int57</name>
         <value>0xfff2</value>
         <object_component_ref idref="oc-8b"/>
      </symbol>
      <symbol id="sm-6c2">
         <name>__TI_int59</name>
         <value>0xfff6</value>
         <object_component_ref idref="oc-8d"/>
      </symbol>
      <symbol id="sm-6c5">
         <name>__TI_int60</name>
         <value>0xfff8</value>
         <object_component_ref idref="oc-8e"/>
      </symbol>
      <symbol id="sm-6c8">
         <name>__TI_int61</name>
         <value>0xfffa</value>
         <object_component_ref idref="oc-8f"/>
      </symbol>
      <symbol id="sm-6cb">
         <name>__TI_int62</name>
         <value>0xfffc</value>
         <object_component_ref idref="oc-90"/>
      </symbol>
      <symbol id="sm-6d3">
         <name>__TI_ISR_TRAP</name>
         <value>0x40ca</value>
         <object_component_ref idref="oc-3e7"/>
      </symbol>
      <symbol id="sm-6dc">
         <name>__mspabi_slli</name>
         <value>0x10ed6</value>
         <object_component_ref idref="oc-690"/>
      </symbol>
      <symbol id="sm-6f2">
         <name>_stack</name>
         <value>0x3bb0</value>
         <object_component_ref idref="oc-3cb"/>
      </symbol>
      <symbol id="sm-6f3">
         <name>_c_int00_noargs</name>
         <value>0x4090</value>
         <object_component_ref idref="oc-41c"/>
      </symbol>
      <symbol id="sm-6f4">
         <name>_reset_vector</name>
         <value>0xfffe</value>
         <object_component_ref idref="oc-3ce"/>
      </symbol>
      <symbol id="sm-717">
         <name>__TI_auto_init_nobinit_nopinit_hold_wdt</name>
         <value>0x109a6</value>
         <object_component_ref idref="oc-503"/>
      </symbol>
      <symbol id="sm-72a">
         <name>__TI_zero_init_nomemset</name>
         <value>0x10cd0</value>
         <object_component_ref idref="oc-40a"/>
      </symbol>
      <symbol id="sm-73a">
         <name>_system_pre_init</name>
         <value>0x10f06</value>
         <object_component_ref idref="oc-47d"/>
      </symbol>
      <symbol id="sm-743">
         <name>_system_post_cinit</name>
         <value>0x10f0a</value>
         <object_component_ref idref="oc-56d"/>
      </symbol>
      <symbol id="sm-754">
         <name>__TI_decompress_none</name>
         <value>0x10e66</value>
         <object_component_ref idref="oc-74"/>
      </symbol>
      <symbol id="sm-777">
         <name>__TI_decompress_lzss</name>
         <value>0x107b0</value>
         <object_component_ref idref="oc-6e"/>
      </symbol>
      <symbol id="sm-781">
         <name>C$$EXIT</name>
         <value>0x10f00</value>
         <object_component_ref idref="oc-4df"/>
      </symbol>
      <symbol id="sm-782">
         <name>abort</name>
         <value>0x10f00</value>
         <object_component_ref idref="oc-4df"/>
      </symbol>
      <symbol id="sm-792">
         <name>memcpy</name>
         <value>0x10e52</value>
         <object_component_ref idref="oc-3da"/>
      </symbol>
   </symbol_table>
   <title>Link successful</title>
</link_info>
