******************************************************************************
                  MSP430 Linker Unix v18.12.2                  
******************************************************************************
>> Linked Sat Nov  2 17:26:41 2019

OUTPUT FILE NAME:   <sensing_module.out>
ENTRY POINT SYMBOL: "_c_int00_noargs"  address: 00004108


MEMORY CONFIGURATION

         name            origin    length      used     unused   attr    fill
----------------------  --------  ---------  --------  --------  ----  --------
  SFR                   00000000   00000010  00000000  00000010  RWIX
  PERIPHERALS_8BIT      00000010   000000f0  00000000  000000f0  RWIX
  PERIPHERALS_16BIT     00000100   00000100  00000000  00000100  RWIX
  INFOD                 00001800   00000080  00000000  00000080  RWIX
  INFOC                 00001880   00000080  00000000  00000080  RWIX
  INFOB                 00001900   00000080  00000000  00000080  RWIX
  INFOA                 00001980   00000080  00000000  00000080  RWIX
  RAM                   00001c00   00002000  00000079  00001f87  RWIX
  FLASH                 00004000   0000bf80  000001f0  0000bd90  RWIX
  INT00                 0000ff80   00000002  00000000  00000002  RWIX
  INT01                 0000ff82   00000002  00000000  00000002  RWIX
  INT02                 0000ff84   00000002  00000000  00000002  RWIX
  INT03                 0000ff86   00000002  00000000  00000002  RWIX
  INT04                 0000ff88   00000002  00000000  00000002  RWIX
  INT05                 0000ff8a   00000002  00000000  00000002  RWIX
  INT06                 0000ff8c   00000002  00000000  00000002  RWIX
  INT07                 0000ff8e   00000002  00000000  00000002  RWIX
  INT08                 0000ff90   00000002  00000000  00000002  RWIX
  INT09                 0000ff92   00000002  00000000  00000002  RWIX
  INT10                 0000ff94   00000002  00000000  00000002  RWIX
  INT11                 0000ff96   00000002  00000000  00000002  RWIX
  INT12                 0000ff98   00000002  00000000  00000002  RWIX
  INT13                 0000ff9a   00000002  00000000  00000002  RWIX
  INT14                 0000ff9c   00000002  00000000  00000002  RWIX
  INT15                 0000ff9e   00000002  00000000  00000002  RWIX
  INT16                 0000ffa0   00000002  00000000  00000002  RWIX
  INT17                 0000ffa2   00000002  00000000  00000002  RWIX
  INT18                 0000ffa4   00000002  00000000  00000002  RWIX
  INT19                 0000ffa6   00000002  00000000  00000002  RWIX
  INT20                 0000ffa8   00000002  00000000  00000002  RWIX
  INT21                 0000ffaa   00000002  00000000  00000002  RWIX
  INT22                 0000ffac   00000002  00000000  00000002  RWIX
  INT23                 0000ffae   00000002  00000000  00000002  RWIX
  INT24                 0000ffb0   00000002  00000000  00000002  RWIX
  INT25                 0000ffb2   00000002  00000000  00000002  RWIX
  INT26                 0000ffb4   00000002  00000000  00000002  RWIX
  INT27                 0000ffb6   00000002  00000000  00000002  RWIX
  INT28                 0000ffb8   00000002  00000000  00000002  RWIX
  INT29                 0000ffba   00000002  00000000  00000002  RWIX
  INT30                 0000ffbc   00000002  00000000  00000002  RWIX
  INT31                 0000ffbe   00000002  00000000  00000002  RWIX
  INT32                 0000ffc0   00000002  00000000  00000002  RWIX
  INT33                 0000ffc2   00000002  00000000  00000002  RWIX
  INT34                 0000ffc4   00000002  00000000  00000002  RWIX
  INT35                 0000ffc6   00000002  00000000  00000002  RWIX
  INT36                 0000ffc8   00000002  00000000  00000002  RWIX
  INT37                 0000ffca   00000002  00000000  00000002  RWIX
  INT38                 0000ffcc   00000002  00000000  00000002  RWIX
  INT39                 0000ffce   00000002  00000000  00000002  RWIX
  INT40                 0000ffd0   00000002  00000002  00000000  RWIX
  INT41                 0000ffd2   00000002  00000002  00000000  RWIX
  INT42                 0000ffd4   00000002  00000002  00000000  RWIX
  INT43                 0000ffd6   00000002  00000002  00000000  RWIX
  INT44                 0000ffd8   00000002  00000002  00000000  RWIX
  INT45                 0000ffda   00000002  00000002  00000000  RWIX
  INT46                 0000ffdc   00000002  00000002  00000000  RWIX
  INT47                 0000ffde   00000002  00000002  00000000  RWIX
  INT48                 0000ffe0   00000002  00000002  00000000  RWIX
  INT49                 0000ffe2   00000002  00000002  00000000  RWIX
  INT50                 0000ffe4   00000002  00000002  00000000  RWIX
  INT51                 0000ffe6   00000002  00000002  00000000  RWIX
  INT52                 0000ffe8   00000002  00000002  00000000  RWIX
  INT53                 0000ffea   00000002  00000002  00000000  RWIX
  INT54                 0000ffec   00000002  00000002  00000000  RWIX
  INT55                 0000ffee   00000002  00000002  00000000  RWIX
  INT56                 0000fff0   00000002  00000002  00000000  RWIX
  INT57                 0000fff2   00000002  00000002  00000000  RWIX
  INT58                 0000fff4   00000002  00000002  00000000  RWIX
  INT59                 0000fff6   00000002  00000002  00000000  RWIX
  INT60                 0000fff8   00000002  00000002  00000000  RWIX
  INT61                 0000fffa   00000002  00000002  00000000  RWIX
  INT62                 0000fffc   00000002  00000002  00000000  RWIX
  RESET                 0000fffe   00000002  00000002  00000000  RWIX
  FLASH2                00010000   00014000  0000170c  000128f4  RWIX


SECTION ALLOCATION MAP

 output                                  attributes/
section   page    origin      length       input sections
--------  ----  ----------  ----------   ----------------
.data      0    00001c00    0000001e     UNINITIALIZED
                  00001c00    00000012     main.obj (.data)
                  00001c12    00000008     ucs.obj (.data)
                  00001c1a    00000004     opt3001.obj (.data)

.bss       0    00001c1e    0000000b     UNINITIALIZED
                  00001c1e    00000004     (.common:currResult)
                  00001c22    00000002     (.common:rxData)
                  00001c24    00000002     (.common:txDataBytes)
                  00001c26    00000002     (.common:wynik)
                  00001c28    00000001     (.common:currRegAddr)

.stack     0    00003bb0    00000050     UNINITIALIZED
                  00003bb0    00000004     rts430x_lc_rd_eabi.lib : boot.c.obj (.stack)
                  00003bb4    0000004c     --HOLE--

.text:_isr 
*          0    00004000    0000015a     
                  00004000    00000078     opt3001.obj (.text:_isr:USCIB0_ISR)
                  00004078    0000005e     main.obj (.text:_isr:SD24BISR)
                  000040d6    00000032     main.obj (.text:_isr:TIMER1_A1_ISR)
                  00004108    0000001c     rts430x_lc_rd_eabi.lib : boot.c.obj (.text:_isr:_c_int00_noargs)
                  00004124    0000001a     main.obj (.text:_isr:PORT1_ISR)
                  0000413e    0000000a     main.obj (.text:_isr:USCI_A1_ISR)
                  00004148    0000000a     main.obj (.text:_isr:USCI_A2_ISR)
                  00004152    00000008     rts430x_lc_rd_eabi.lib : isr_trap.asm.obj (.text:_isr:__TI_ISR_TRAP)

.cinit     0    000041ba    00000036     
                  000041ba    00000014     (.cinit..data.load) [load image, compression = lzss]
                  000041ce    0000000c     (__TI_handler_table)
                  000041da    00000006     (.cinit..bss.load) [load image, compression = zero_init]
                  000041e0    00000010     (__TI_cinit_table)

.binit     0    00004000    00000000     

.init_array 
*          0    00004000    00000000     UNINITIALIZED

.const     0    0000415a    00000060     
                  0000415a    0000001c     gpio.obj (.const:GPIO_PORT_TO_BASE)
                  00004176    00000012     peripherals.obj (.const:$P$T2$3)
                  00004188    00000012     peripherals.obj (.const:$P$T4$5)
                  0000419a    0000000c     peripherals.obj (.const:$P$T5$6)
                  000041a6    00000008     peripherals.obj (.const:$P$T0$1)
                  000041ae    00000008     peripherals.obj (.const:$P$T3$4)
                  000041b6    00000004     peripherals.obj (.const:$P$T1$2)

RTC        0    0000ffd0    00000002     
                  0000ffd0    00000002     rts430x_lc_rd_eabi.lib : int40.asm.obj (.int40)

LCD_C      0    0000ffd2    00000002     
                  0000ffd2    00000002     rts430x_lc_rd_eabi.lib : int41.asm.obj (.int41)

TIMER3_A1 
*          0    0000ffd4    00000002     
                  0000ffd4    00000002     rts430x_lc_rd_eabi.lib : int42.asm.obj (.int42)

TIMER3_A0 
*          0    0000ffd6    00000002     
                  0000ffd6    00000002     rts430x_lc_rd_eabi.lib : int43.asm.obj (.int43)

PORT2      0    0000ffd8    00000002     
                  0000ffd8    00000002     rts430x_lc_rd_eabi.lib : int44.asm.obj (.int44)

TIMER2_A1 
*          0    0000ffda    00000002     
                  0000ffda    00000002     rts430x_lc_rd_eabi.lib : int45.asm.obj (.int45)

TIMER2_A0 
*          0    0000ffdc    00000002     
                  0000ffdc    00000002     rts430x_lc_rd_eabi.lib : int46.asm.obj (.int46)

PORT1      0    0000ffde    00000002     
                  0000ffde    00000002     main.obj (.int47)

TIMER1_A1 
*          0    0000ffe0    00000002     
                  0000ffe0    00000002     main.obj (.int48)

TIMER1_A0 
*          0    0000ffe2    00000002     
                  0000ffe2    00000002     rts430x_lc_rd_eabi.lib : int49.asm.obj (.int49)

DMA        0    0000ffe4    00000002     
                  0000ffe4    00000002     rts430x_lc_rd_eabi.lib : int50.asm.obj (.int50)

AUX        0    0000ffe6    00000002     
                  0000ffe6    00000002     rts430x_lc_rd_eabi.lib : int51.asm.obj (.int51)

USCI_A2    0    0000ffe8    00000002     
                  0000ffe8    00000002     main.obj (.int52)

USCI_A1    0    0000ffea    00000002     
                  0000ffea    00000002     main.obj (.int53)

TIMER0_A1 
*          0    0000ffec    00000002     
                  0000ffec    00000002     rts430x_lc_rd_eabi.lib : int54.asm.obj (.int54)

TIMER0_A0 
*          0    0000ffee    00000002     
                  0000ffee    00000002     rts430x_lc_rd_eabi.lib : int55.asm.obj (.int55)

SD24B      0    0000fff0    00000002     
                  0000fff0    00000002     main.obj (.int56)

ADC10      0    0000fff2    00000002     
                  0000fff2    00000002     rts430x_lc_rd_eabi.lib : int57.asm.obj (.int57)

USCI_B0    0    0000fff4    00000002     
                  0000fff4    00000002     opt3001.obj (.int58)

USCI_A0    0    0000fff6    00000002     
                  0000fff6    00000002     rts430x_lc_rd_eabi.lib : int59.asm.obj (.int59)

WDT        0    0000fff8    00000002     
                  0000fff8    00000002     rts430x_lc_rd_eabi.lib : int60.asm.obj (.int60)

UNMI       0    0000fffa    00000002     
                  0000fffa    00000002     rts430x_lc_rd_eabi.lib : int61.asm.obj (.int61)

SYSNMI     0    0000fffc    00000002     
                  0000fffc    00000002     rts430x_lc_rd_eabi.lib : int62.asm.obj (.int62)

.reset     0    0000fffe    00000002     
                  0000fffe    00000002     rts430x_lc_rd_eabi.lib : boot.c.obj (.reset)

.text      0    00010000    0000170c     
                  00010000    00000280     rts430x_lc_rd_eabi.lib : frcmpyd.c.obj (.text:__TI_frcmpyd)
                  00010280    00000266                            : mpyd.c.obj (.text:__mspabi_mpyd)
                  000104e6    00000108     ucs.obj (.text:privateUCSSourceClockFromDCO)
                  000105ee    000000e2     ucs.obj (.text:UCS_initFLL)
                  000106d0    000000e0     pmm.obj (.text:PMM_setVCoreUp)
                  000107b0    000000de     ucs.obj (.text:privateUCSComputeCLKFrequency)
                  0001088e    000000c8     peripherals.obj (.text:init_radio_spi)
                  00010956    000000be     peripherals.obj (.text:init_sdc)
                  00010a14    000000a6     ucs.obj (.text:UCS_initClockSignal)
                  00010aba    000000a2     pmm.obj (.text:PMM_setVCoreDown)
                  00010b5c    0000008c     rts430x_lc_rd_eabi.lib : cvtdf.c.obj (.text:__mspabi_cvtdf)
                  00010be8    0000008c     opt3001.obj (.text:opt3001_register_read)
                  00010c74    00000086     peripherals.obj (.text:init_i2c)
                  00010cfa    00000080     peripherals.obj (.text:init_bme680_spi)
                  00010d7a    00000076     rts430x_lc_rd_eabi.lib : copy_decompress_lzss.c.obj (.text:decompress:lzss:__TI_decompress_lzss)
                  00010df0    00000060     eusci_b_i2c.obj (.text:EUSCI_B_I2C_initMaster)
                  00010e50    00000060     opt3001.obj (.text:opt3001_get_lux_result)
                  00010eb0    0000005e     peripherals.obj (.text:init_gpio)
                  00010f0e    0000005c     eusci_a_spi.obj (.text:EUSCI_A_SPI_initMaster)
                  00010f6a    0000005c     eusci_b_i2c.obj (.text:EUSCI_B_I2C_masterSendSingleByte)
                  00010fc6    0000005c     rts430x_lc_rd_eabi.lib : cvtfd.c.obj (.text:__mspabi_cvtfd)
                  00011022    00000058                            : div32u.asm.obj (.text)
                  0001107a    00000054                            : autoinit.c.obj (.text:__TI_auto_init_nobinit_nopinit_hold_wdt:__TI_auto_init_nobinit_nopinit_hold_wdt)
                  000110ce    00000052     pmm.obj (.text:PMM_setVCore)
                  00011120    00000050     sd24_b.obj (.text:SD24_B_init)
                  00011170    00000040     rts430x_lc_rd_eabi.lib : div32s.asm.obj (.text)
                  000111b0    0000003e     gpio.obj (.text:GPIO_setAsInputPinWithPullUpResistor)
                  000111ee    0000003e     rts430x_lc_rd_eabi.lib : asr32.asm.obj (.text:l_asr_const)
                  0001122c    0000003e                            : lsl32.asm.obj (.text:l_lsl_const)
                  0001126a    0000003e                            : lsr32.asm.obj (.text:l_lsr_const)
                  000112a8    00000036     ucs.obj (.text:UCS_initFLLSettle)
                  000112de    00000036     rts430x_lc_rd_eabi.lib : fs_itof.asm.obj (.text)
                  00011314    00000032     eusci_b_i2c.obj (.text:EUSCI_B_I2C_masterSendMultiByteFinish)
                  00011346    0000002e     gpio.obj (.text:GPIO_selectInterruptEdge)
                  00011374    0000002c     sd24_b.obj (.text:SD24_B_initConverter)
                  000113a0    0000002c     rts430x_lc_rd_eabi.lib : div16s.asm.obj (.text)
                  000113cc    0000002c     main.obj (.text:setup)
                  000113f8    00000028     gpio.obj (.text:GPIO_setAsOutputPin)
                  00011420    00000028     gpio.obj (.text:GPIO_setAsPeripheralModuleFunctionInputPin)
                  00011448    00000024     rts430x_lc_rd_eabi.lib : copy_zero_init.c.obj (.text:decompress:ZI:__TI_zero_init_nomemset:__TI_zero_init_nomemset)
                  0001146c    00000024                            : fs_utof.asm.obj (.text)
                  00011490    00000024                            : mult32_f5hw.asm.obj (.text)
                  000114b4    00000022     eusci_a_spi.obj (.text:EUSCI_A_SPI_initSlave)
                  000114d6    00000022     eusci_b_i2c.obj (.text:EUSCI_B_I2C_masterSendMultiByteNext)
                  000114f8    00000020     wdt_a.obj (.text:WDT_A_hold)
                  00011518    0000001e     gpio.obj (.text:GPIO_enableInterrupt)
                  00011536    0000001e     clock_system.obj (.text:set_clock_signals)
                  00011554    0000001c     gpio.obj (.text:GPIO_setOutputHighOnPin)
                  00011570    0000001c     gpio.obj (.text:GPIO_setOutputLowOnPin)
                  0001158c    0000001a     sd24_b.obj (.text:SD24_B_setInterruptDelay)
                  000115a6    0000001a     ucs.obj (.text:UCS_getSMCLK)
                  000115c0    00000018     sd24_b.obj (.text:SD24_B_getResults)
                  000115d8    00000018     sd24_b.obj (.text:SD24_B_setOversampling)
                  000115f0    00000016     sd24_b.obj (.text:SD24_B_clearInterrupt)
                  00011606    00000016     sd24_b.obj (.text:SD24_B_enableInterrupt)
                  0001161c    00000016     rts430x_lc_rd_eabi.lib : div16u.asm.obj (.text)
                  00011632    00000014                            : memcpy.c.obj (.text:memcpy)
                  00011646    00000012                            : copy_decompress_none.c.obj (.text:decompress:none:__TI_decompress_none)
                  00011658    0000000c     eusci_a_spi.obj (.text:EUSCI_A_SPI_clearInterrupt)
                  00011664    0000000c     eusci_a_spi.obj (.text:EUSCI_A_SPI_enableInterrupt)
                  00011670    0000000c     eusci_b_i2c.obj (.text:EUSCI_B_I2C_clearInterrupt)
                  0001167c    0000000c     eusci_b_i2c.obj (.text:EUSCI_B_I2C_enableInterrupt)
                  00011688    0000000c     eusci_b_i2c.obj (.text:EUSCI_B_I2C_masterReceiveStart)
                  00011694    0000000c     eusci_b_i2c.obj (.text:EUSCI_B_I2C_setMode)
                  000116a0    0000000c     eusci_b_i2c.obj (.text:EUSCI_B_I2C_setSlaveAddress)
                  000116ac    0000000a     eusci_b_i2c.obj (.text:EUSCI_B_I2C_masterReceiveMultiByteNext)
                  000116b6    0000000a     peripherals.obj (.text:init_spi)
                  000116c0    0000000a     rts430x_lc_rd_eabi.lib : lsl16.asm.obj (.text)
                  000116ca    00000008     eusci_b_i2c.obj (.text:EUSCI_B_I2C_masterIsStopSent)
                  000116d2    00000008     timer_a.obj (.text:Timer_A_stop)
                  000116da    00000008     main.obj (.text:main)
                  000116e2    00000006     eusci_a_spi.obj (.text:EUSCI_A_SPI_enable)
                  000116e8    00000006     eusci_b_i2c.obj (.text:EUSCI_B_I2C_enable)
                  000116ee    00000006     eusci_b_i2c.obj (.text:EUSCI_B_I2C_masterReceiveMultiByteStop)
                  000116f4    00000006     eusci_b_i2c.obj (.text:EUSCI_B_I2C_masterSendStart)
                  000116fa    00000006     timer_a.obj (.text:Timer_A_clear)
                  00011700    00000006     rts430x_lc_rd_eabi.lib : exit.c.obj (.text:abort)
                  00011706    00000004                            : pre_init.c.obj (.text:_system_pre_init)
                  0001170a    00000002                            : startup.c.obj (.text:_system_post_cinit)

MODULE SUMMARY

       Module                       code   ro data   rw data
       ------                       ----   -------   -------
    ./
       main.obj                     242    10        24     
    +--+----------------------------+------+---------+---------+
       Total:                       242    10        24     
                                                            
    ./driverlib/MSP430F5xx_6xx/
       ucs.obj                      958    0         8      
       pmm.obj                      468    0         0      
       eusci_b_i2c.obj              368    0         0      
       gpio.obj                     274    28        0      
       sd24_b.obj                   242    0         0      
       eusci_a_spi.obj              156    0         0      
       wdt_a.obj                    32     0         0      
       timer_a.obj                  14     0         0      
    +--+----------------------------+------+---------+---------+
       Total:                       2512   28        8      
                                                            
    ./mcu_config/
       peripherals.obj              756    68        0      
       clock_system.obj             30     0         0      
    +--+----------------------------+------+---------+---------+
       Total:                       786    68        0      
                                                            
    ./sensors/
       opt3001.obj                  356    2         9      
    +--+----------------------------+------+---------+---------+
       Total:                       356    2         9      
                                                            
    /Applications/ti/ccs900/ccs/tools/compiler/ti-cgt-msp430_18.12.2.LTS/lib/rts430x_lc_rd_eabi.lib
       frcmpyd.c.obj                640    0         0      
       mpyd.c.obj                   614    0         0      
       cvtdf.c.obj                  140    0         0      
       copy_decompress_lzss.c.obj   118    0         0      
       cvtfd.c.obj                  92     0         0      
       div32u.asm.obj               88     0         0      
       autoinit.c.obj               84     0         0      
       div32s.asm.obj               64     0         0      
       asr32.asm.obj                62     0         0      
       lsl32.asm.obj                62     0         0      
       lsr32.asm.obj                62     0         0      
       fs_itof.asm.obj              54     0         0      
       div16s.asm.obj               44     0         0      
       copy_zero_init.c.obj         36     0         0      
       fs_utof.asm.obj              36     0         0      
       mult32_f5hw.asm.obj          36     0         0      
       boot.c.obj                   28     2         0      
       div16u.asm.obj               22     0         0      
       memcpy.c.obj                 20     0         0      
       copy_decompress_none.c.obj   18     0         0      
       lsl16.asm.obj                10     0         0      
       isr_trap.asm.obj             8      0         0      
       exit.c.obj                   6      0         0      
       pre_init.c.obj               4      0         0      
       int40.asm.obj                0      2         0      
       int41.asm.obj                0      2         0      
       int42.asm.obj                0      2         0      
       int43.asm.obj                0      2         0      
       int44.asm.obj                0      2         0      
       int45.asm.obj                0      2         0      
       int46.asm.obj                0      2         0      
       int49.asm.obj                0      2         0      
       int50.asm.obj                0      2         0      
       int51.asm.obj                0      2         0      
       int54.asm.obj                0      2         0      
       int55.asm.obj                0      2         0      
       int57.asm.obj                0      2         0      
       int59.asm.obj                0      2         0      
       int60.asm.obj                0      2         0      
       int61.asm.obj                0      2         0      
       int62.asm.obj                0      2         0      
       startup.c.obj                2      0         0      
    +--+----------------------------+------+---------+---------+
       Total:                       2350   36        0      
                                                            
       Stack:                       0      0         80     
       Linker Generated:            0      54        0      
    +--+----------------------------+------+---------+---------+
       Grand Total:                 6246   198       121    


LINKER GENERATED COPY TABLES

__TI_cinit_table @ 000041e0 records: 2, size/record: 8, table size: 16
	.data: load addr=000041ba, load size=00000014 bytes, run addr=00001c00, run size=0000001e bytes, compression=lzss
	.bss: load addr=000041da, load size=00000006 bytes, run addr=00001c1e, run size=0000000b bytes, compression=zero_init


LINKER GENERATED HANDLER TABLE

__TI_handler_table @ 000041ce records: 3, size/record: 4, table size: 12
	index: 0, handler: __TI_zero_init
	index: 1, handler: __TI_decompress_lzss
	index: 2, handler: __TI_decompress_none


GLOBAL SYMBOLS: SORTED ALPHABETICALLY BY Name 

address   name                                      
-------   ----                                      
00000740  ADC10CTL0                                 
00000741  ADC10CTL0_H                               
00000740  ADC10CTL0_L                               
00000742  ADC10CTL1                                 
00000743  ADC10CTL1_H                               
00000742  ADC10CTL1_L                               
00000744  ADC10CTL2                                 
00000745  ADC10CTL2_H                               
00000744  ADC10CTL2_L                               
00000748  ADC10HI                                   
00000749  ADC10HI_H                                 
00000748  ADC10HI_L                                 
0000075a  ADC10IE                                   
0000075b  ADC10IE_H                                 
0000075a  ADC10IE_L                                 
0000075c  ADC10IFG                                  
0000075d  ADC10IFG_H                                
0000075c  ADC10IFG_L                                
0000075e  ADC10IV                                   
0000075f  ADC10IV_H                                 
0000075e  ADC10IV_L                                 
00000746  ADC10LO                                   
00000747  ADC10LO_H                                 
00000746  ADC10LO_L                                 
0000074a  ADC10MCTL0                                
0000074b  ADC10MCTL0_H                              
0000074a  ADC10MCTL0_L                              
00000752  ADC10MEM0                                 
00000753  ADC10MEM0_H                               
00000752  ADC10MEM0_L                               
000009f2  AUX2CHCTL                                 
000009f3  AUX2CHCTL_H                               
000009f2  AUX2CHCTL_L                               
000009f4  AUX3CHCTL                                 
000009f5  AUX3CHCTL_H                               
000009f4  AUX3CHCTL_L                               
000009f6  AUXADCCTL                                 
000009f7  AUXADCCTL_H                               
000009f6  AUXADCCTL_L                               
000009e0  AUXCTL0                                   
000009e1  AUXCTL0_H                                 
000009e0  AUXCTL0_L                                 
000009e2  AUXCTL1                                   
000009e3  AUXCTL1_H                                 
000009e2  AUXCTL1_L                                 
000009e4  AUXCTL2                                   
000009e5  AUXCTL2_H                                 
000009e4  AUXCTL2_L                                 
000009fc  AUXIE                                     
000009fd  AUXIE_H                                   
000009fc  AUXIE_L                                   
000009fa  AUXIFG                                    
000009fb  AUXIFG_H                                  
000009fa  AUXIFG_L                                  
000009fe  AUXIV                                     
000009ff  AUXIV_H                                   
000009fe  AUXIV_L                                   
00000480  BAKMEM0                                   
00000481  BAKMEM0_H                                 
00000480  BAKMEM0_L                                 
00000482  BAKMEM1                                   
00000483  BAKMEM1_H                                 
00000482  BAKMEM1_L                                 
00000484  BAKMEM2                                   
00000485  BAKMEM2_H                                 
00000484  BAKMEM2_L                                 
00000486  BAKMEM3                                   
00000487  BAKMEM3_H                                 
00000486  BAKMEM3_L                                 
000004be  BCD2BIN                                   
000004bc  BIN2BCD                                   
00011700  C$$EXIT                                   
00000150  CRCDI                                     
00000152  CRCDIRB                                   
00000153  CRCDIRB_H                                 
00000152  CRCDIRB_L                                 
00000151  CRCDI_H                                   
00000150  CRCDI_L                                   
00000154  CRCINIRES                                 
00000155  CRCINIRES_H                               
00000154  CRCINIRES_L                               
00000156  CRCRESR                                   
00000157  CRCRESR_H                                 
00000156  CRCRESR_L                                 
00000510  DMA0CTL                                   
00000516  DMA0DA                                    
00000518  DMA0DAH                                   
00000516  DMA0DAL                                   
00000512  DMA0SA                                    
00000514  DMA0SAH                                   
00000512  DMA0SAL                                   
0000051a  DMA0SZ                                    
00000520  DMA1CTL                                   
00000526  DMA1DA                                    
00000528  DMA1DAH                                   
00000526  DMA1DAL                                   
00000522  DMA1SA                                    
00000524  DMA1SAH                                   
00000522  DMA1SAL                                   
0000052a  DMA1SZ                                    
00000530  DMA2CTL                                   
00000536  DMA2DA                                    
00000538  DMA2DAH                                   
00000536  DMA2DAL                                   
00000532  DMA2SA                                    
00000534  DMA2SAH                                   
00000532  DMA2SAL                                   
0000053a  DMA2SZ                                    
00000500  DMACTL0                                   
00000502  DMACTL1                                   
00000504  DMACTL2                                   
00000506  DMACTL3                                   
00000508  DMACTL4                                   
0000050e  DMAIV                                     
00011658  EUSCI_A_SPI_clearInterrupt                
000116e2  EUSCI_A_SPI_enable                        
00011664  EUSCI_A_SPI_enableInterrupt               
00010f0e  EUSCI_A_SPI_initMaster                    
000114b4  EUSCI_A_SPI_initSlave                     
00011670  EUSCI_B_I2C_clearInterrupt                
000116e8  EUSCI_B_I2C_enable                        
0001167c  EUSCI_B_I2C_enableInterrupt               
00010df0  EUSCI_B_I2C_initMaster                    
000116ca  EUSCI_B_I2C_masterIsStopSent              
000116ac  EUSCI_B_I2C_masterReceiveMultiByteNext    
000116ee  EUSCI_B_I2C_masterReceiveMultiByteStop    
00011688  EUSCI_B_I2C_masterReceiveStart            
00011314  EUSCI_B_I2C_masterSendMultiByteFinish     
000114d6  EUSCI_B_I2C_masterSendMultiByteNext       
00010f6a  EUSCI_B_I2C_masterSendSingleByte          
000116f4  EUSCI_B_I2C_masterSendStart               
00011694  EUSCI_B_I2C_setMode                       
000116a0  EUSCI_B_I2C_setSlaveAddress               
00000140  FCTL1                                     
00000141  FCTL1_H                                   
00000140  FCTL1_L                                   
00000144  FCTL3                                     
00000145  FCTL3_H                                   
00000144  FCTL3_L                                   
00000146  FCTL4                                     
00000147  FCTL4_H                                   
00000146  FCTL4_L                                   
00011518  GPIO_enableInterrupt                      
00011346  GPIO_selectInterruptEdge                  
000111b0  GPIO_setAsInputPinWithPullUpResistor      
000113f8  GPIO_setAsOutputPin                       
00011420  GPIO_setAsPeripheralModuleFunctionInputPin
00011554  GPIO_setOutputHighOnPin                   
00011570  GPIO_setOutputLowOnPin                    
00000a40  LCDBM1                                    
00000a49  LCDBM10                                   
00000a4a  LCDBM11                                   
00000a4b  LCDBM12                                   
00000a4c  LCDBM13                                   
00000a4d  LCDBM14                                   
00000a4e  LCDBM15                                   
00000a4f  LCDBM16                                   
00000a50  LCDBM17                                   
00000a51  LCDBM18                                   
00000a52  LCDBM19                                   
00000a41  LCDBM2                                    
00000a53  LCDBM20                                   
00000a42  LCDBM3                                    
00000a43  LCDBM4                                    
00000a44  LCDBM5                                    
00000a45  LCDBM6                                    
00000a46  LCDBM7                                    
00000a47  LCDBM8                                    
00000a48  LCDBM9                                    
00000a04  LCDCBLKCTL                                
00000a05  LCDCBLKCTL_H                              
00000a04  LCDCBLKCTL_L                              
00000a12  LCDCCPCTL                                 
00000a13  LCDCCPCTL_H                               
00000a12  LCDCCPCTL_L                               
00000a00  LCDCCTL0                                  
00000a01  LCDCCTL0_H                                
00000a00  LCDCCTL0_L                                
00000a02  LCDCCTL1                                  
00000a03  LCDCCTL1_H                                
00000a02  LCDCCTL1_L                                
00000a1e  LCDCIV                                    
00000a06  LCDCMEMCTL                                
00000a07  LCDCMEMCTL_H                              
00000a06  LCDCMEMCTL_L                              
00000a0a  LCDCPCTL0                                 
00000a0b  LCDCPCTL0_H                               
00000a0a  LCDCPCTL0_L                               
00000a0c  LCDCPCTL1                                 
00000a0d  LCDCPCTL1_H                               
00000a0c  LCDCPCTL1_L                               
00000a0e  LCDCPCTL2                                 
00000a0f  LCDCPCTL2_H                               
00000a0e  LCDCPCTL2_L                               
00000a08  LCDCVCTL                                  
00000a09  LCDCVCTL_H                                
00000a08  LCDCVCTL_L                                
00000a20  LCDM1                                     
00000a29  LCDM10                                    
00000a2a  LCDM11                                    
00000a2b  LCDM12                                    
00000a2c  LCDM13                                    
00000a2d  LCDM14                                    
00000a2e  LCDM15                                    
00000a2f  LCDM16                                    
00000a30  LCDM17                                    
00000a31  LCDM18                                    
00000a32  LCDM19                                    
00000a21  LCDM2                                     
00000a33  LCDM20                                    
00000a34  LCDM21                                    
00000a35  LCDM22                                    
00000a36  LCDM23                                    
00000a37  LCDM24                                    
00000a38  LCDM25                                    
00000a39  LCDM26                                    
00000a3a  LCDM27                                    
00000a3b  LCDM28                                    
00000a3c  LCDM29                                    
00000a22  LCDM3                                     
00000a3d  LCDM30                                    
00000a3e  LCDM31                                    
00000a3f  LCDM32                                    
00000a40  LCDM33                                    
00000a41  LCDM34                                    
00000a42  LCDM35                                    
00000a43  LCDM36                                    
00000a44  LCDM37                                    
00000a45  LCDM38                                    
00000a46  LCDM39                                    
00000a23  LCDM4                                     
00000a47  LCDM40                                    
00000a24  LCDM5                                     
00000a25  LCDM6                                     
00000a26  LCDM7                                     
00000a27  LCDM8                                     
00000a28  LCDM9                                     
000004c4  MAC                                       
000004da  MAC32H                                    
000004db  MAC32H_H                                  
000004da  MAC32H_L                                  
000004d8  MAC32L                                    
000004d9  MAC32L_H                                  
000004d8  MAC32L_L                                  
000004c6  MACS                                      
000004de  MACS32H                                   
000004df  MACS32H_H                                 
000004de  MACS32H_L                                 
000004dc  MACS32L                                   
000004dd  MACS32L_H                                 
000004dc  MACS32L_L                                 
000004c7  MACS_H                                    
000004c6  MACS_L                                    
000004c5  MAC_H                                     
000004c4  MAC_L                                     
000004c0  MPY                                       
000004ec  MPY32CTL0                                 
000004ed  MPY32CTL0_H                               
000004ec  MPY32CTL0_L                               
000004d2  MPY32H                                    
000004d3  MPY32H_H                                  
000004d2  MPY32H_L                                  
000004d0  MPY32L                                    
000004d1  MPY32L_H                                  
000004d0  MPY32L_L                                  
000004c2  MPYS                                      
000004d6  MPYS32H                                   
000004d7  MPYS32H_H                                 
000004d6  MPYS32H_L                                 
000004d4  MPYS32L                                   
000004d5  MPYS32L_H                                 
000004d4  MPYS32L_L                                 
000004c3  MPYS_H                                    
000004c2  MPYS_L                                    
000004c1  MPY_H                                     
000004c0  MPY_L                                     
000004c8  OP2                                       
000004e2  OP2H                                      
000004e3  OP2H_H                                    
000004e2  OP2H_L                                    
000004e0  OP2L                                      
000004e1  OP2L_H                                    
000004e0  OP2L_L                                    
000004c9  OP2_H                                     
000004c8  OP2_L                                     
0000020e  P1IV                                      
000001c8  P1MAP01                                   
000001c9  P1MAP01_H                                 
000001c8  P1MAP01_L                                 
000001ca  P1MAP23                                   
000001cb  P1MAP23_H                                 
000001ca  P1MAP23_L                                 
000001cc  P1MAP45                                   
000001cd  P1MAP45_H                                 
000001cc  P1MAP45_L                                 
000001ce  P1MAP67                                   
000001cf  P1MAP67_H                                 
000001ce  P1MAP67_L                                 
0000021e  P2IV                                      
000001d0  P2MAP01                                   
000001d1  P2MAP01_H                                 
000001d0  P2MAP01_L                                 
000001d2  P2MAP23                                   
000001d3  P2MAP23_H                                 
000001d2  P2MAP23_L                                 
000001d4  P2MAP45                                   
000001d5  P2MAP45_H                                 
000001d4  P2MAP45_L                                 
000001d6  P2MAP67                                   
000001d7  P2MAP67_H                                 
000001d6  P2MAP67_L                                 
000001d8  P3MAP01                                   
000001d9  P3MAP01_H                                 
000001d8  P3MAP01_L                                 
000001da  P3MAP23                                   
000001db  P3MAP23_H                                 
000001da  P3MAP23_L                                 
000001dc  P3MAP45                                   
000001dd  P3MAP45_H                                 
000001dc  P3MAP45_L                                 
000001de  P3MAP67                                   
000001df  P3MAP67_H                                 
000001de  P3MAP67_L                                 
00000204  PADIR                                     
00000205  PADIR_H                                   
00000204  PADIR_L                                   
00000208  PADS                                      
00000209  PADS_H                                    
00000208  PADS_L                                    
0000021a  PAIE                                      
00000218  PAIES                                     
00000219  PAIES_H                                   
00000218  PAIES_L                                   
0000021b  PAIE_H                                    
0000021a  PAIE_L                                    
0000021c  PAIFG                                     
0000021d  PAIFG_H                                   
0000021c  PAIFG_L                                   
00000200  PAIN                                      
00000201  PAIN_H                                    
00000200  PAIN_L                                    
00000202  PAOUT                                     
00000203  PAOUT_H                                   
00000202  PAOUT_L                                   
00000206  PAREN                                     
00000207  PAREN_H                                   
00000206  PAREN_L                                   
0000020a  PASEL                                     
0000020b  PASEL_H                                   
0000020a  PASEL_L                                   
00000224  PBDIR                                     
00000225  PBDIR_H                                   
00000224  PBDIR_L                                   
00000228  PBDS                                      
00000229  PBDS_H                                    
00000228  PBDS_L                                    
00000220  PBIN                                      
00000221  PBIN_H                                    
00000220  PBIN_L                                    
00000222  PBOUT                                     
00000223  PBOUT_H                                   
00000222  PBOUT_L                                   
00000226  PBREN                                     
00000227  PBREN_H                                   
00000226  PBREN_L                                   
0000022a  PBSEL                                     
0000022b  PBSEL_H                                   
0000022a  PBSEL_L                                   
00000244  PCDIR                                     
00000245  PCDIR_H                                   
00000244  PCDIR_L                                   
00000248  PCDS                                      
00000249  PCDS_H                                    
00000248  PCDS_L                                    
00000240  PCIN                                      
00000241  PCIN_H                                    
00000240  PCIN_L                                    
00000242  PCOUT                                     
00000243  PCOUT_H                                   
00000242  PCOUT_L                                   
00000246  PCREN                                     
00000247  PCREN_H                                   
00000246  PCREN_L                                   
0000024a  PCSEL                                     
0000024b  PCSEL_H                                   
0000024a  PCSEL_L                                   
00000264  PDDIR                                     
00000265  PDDIR_H                                   
00000264  PDDIR_L                                   
00000268  PDDS                                      
00000269  PDDS_H                                    
00000268  PDDS_L                                    
00000260  PDIN                                      
00000261  PDIN_H                                    
00000260  PDIN_L                                    
00000262  PDOUT                                     
00000263  PDOUT_H                                   
00000262  PDOUT_L                                   
00000266  PDREN                                     
00000267  PDREN_H                                   
00000266  PDREN_L                                   
0000026a  PDSEL                                     
0000026b  PDSEL_H                                   
0000026a  PDSEL_L                                   
00000284  PEDIR                                     
00000285  PEDIR_H                                   
00000284  PEDIR_L                                   
00000288  PEDS                                      
00000289  PEDS_H                                    
00000288  PEDS_L                                    
00000280  PEIN                                      
00000281  PEIN_H                                    
00000280  PEIN_L                                    
00000282  PEOUT                                     
00000283  PEOUT_H                                   
00000282  PEOUT_L                                   
00000286  PEREN                                     
00000287  PEREN_H                                   
00000286  PEREN_L                                   
0000028a  PESEL                                     
0000028b  PESEL_H                                   
0000028a  PESEL_L                                   
00000324  PJDIR                                     
00000325  PJDIR_H                                   
00000324  PJDIR_L                                   
00000328  PJDS                                      
00000329  PJDS_H                                    
00000328  PJDS_L                                    
00000320  PJIN                                      
00000321  PJIN_H                                    
00000320  PJIN_L                                    
00000322  PJOUT                                     
00000323  PJOUT_H                                   
00000322  PJOUT_L                                   
00000326  PJREN                                     
00000327  PJREN_H                                   
00000326  PJREN_L                                   
0000032a  PJSEL                                     
0000032b  PJSEL_H                                   
0000032a  PJSEL_L                                   
00000130  PM5CTL0                                   
00000131  PM5CTL0_H                                 
00000130  PM5CTL0_L                                 
000001c2  PMAPCTL                                   
000001c3  PMAPCTL_H                                 
000001c2  PMAPCTL_L                                 
000001c0  PMAPKEYID                                 
000001c1  PMAPKEYID_H                               
000001c0  PMAPKEYID_L                               
00000120  PMMCTL0                                   
00000121  PMMCTL0_H                                 
00000120  PMMCTL0_L                                 
00000122  PMMCTL1                                   
00000123  PMMCTL1_H                                 
00000122  PMMCTL1_L                                 
0000012c  PMMIFG                                    
0000012d  PMMIFG_H                                  
0000012c  PMMIFG_L                                  
0000012e  PMMRIE                                    
0000012f  PMMRIE_H                                  
0000012e  PMMRIE_L                                  
000110ce  PMM_setVCore                              
00010aba  PMM_setVCoreDown                          
000106d0  PMM_setVCoreUp                            
00004124  PORT1_ISR                                 
00000158  RCCTL0                                    
00000159  RCCTL0_H                                  
00000158  RCCTL0_L                                  
000001b0  REFCTL0                                   
000001b1  REFCTL0_H                                 
000001b0  REFCTL0_L                                 
000004e4  RES0                                      
000004e5  RES0_H                                    
000004e4  RES0_L                                    
000004e6  RES1                                      
000004e7  RES1_H                                    
000004e6  RES1_L                                    
000004e8  RES2                                      
000004e9  RES2_H                                    
000004e8  RES2_L                                    
000004ea  RES3                                      
000004eb  RES3_H                                    
000004ea  RES3_L                                    
000004cc  RESHI                                     
000004cd  RESHI_H                                   
000004cc  RESHI_L                                   
000004ca  RESLO                                     
000004cb  RESLO_H                                   
000004ca  RESLO_L                                   
000004ba  RTCADOWDAY                                
000004bb  RTCADOWDAY_H                              
000004ba  RTCADOWDAY_L                              
000004b8  RTCAMINHR                                 
000004b9  RTCAMINHR_H                               
000004b8  RTCAMINHR_L                               
000004a0  RTCCTL0                                   
000004a1  RTCCTL0_H                                 
000004a0  RTCCTL0_L                                 
000004a2  RTCCTL13                                  
000004a3  RTCCTL13_H                                
000004a2  RTCCTL13_L                                
000004b4  RTCDATE                                   
000004b5  RTCDATE_H                                 
000004b4  RTCDATE_L                                 
000004ae  RTCIV                                     
000004a4  RTCOCAL                                   
000004a5  RTCOCAL_H                                 
000004a4  RTCOCAL_L                                 
000004ac  RTCPS                                     
000004a8  RTCPS0CTL                                 
000004a9  RTCPS0CTL_H                               
000004a8  RTCPS0CTL_L                               
000004aa  RTCPS1CTL                                 
000004ab  RTCPS1CTL_H                               
000004aa  RTCPS1CTL_L                               
000004ad  RTCPS_H                                   
000004ac  RTCPS_L                                   
000004a6  RTCTCMP                                   
000004a7  RTCTCMP_H                                 
000004a6  RTCTCMP_L                                 
000004b0  RTCTIM0                                   
000004b1  RTCTIM0_H                                 
000004b0  RTCTIM0_L                                 
000004b2  RTCTIM1                                   
000004b3  RTCTIM1_H                                 
000004b2  RTCTIM1_L                                 
000004b6  RTCYEAR                                   
000004b7  RTCYEAR_H                                 
000004b6  RTCYEAR_L                                 
00000810  SD24BCCTL0                                
00000811  SD24BCCTL0_H                              
00000810  SD24BCCTL0_L                              
00000818  SD24BCCTL1                                
00000819  SD24BCCTL1_H                              
00000818  SD24BCCTL1_L                              
00000820  SD24BCCTL2                                
00000821  SD24BCCTL2_H                              
00000820  SD24BCCTL2_L                              
00000800  SD24BCTL0                                 
00000801  SD24BCTL0_H                               
00000800  SD24BCTL0_L                               
00000802  SD24BCTL1                                 
00000803  SD24BCTL1_H                               
00000802  SD24BCTL1_L                               
0000080c  SD24BIE                                   
0000080d  SD24BIE_H                                 
0000080c  SD24BIE_L                                 
0000080a  SD24BIFG                                  
0000080b  SD24BIFG_H                                
0000080a  SD24BIFG_L                                
00000812  SD24BINCTL0                               
00000813  SD24BINCTL0_H                             
00000812  SD24BINCTL0_L                             
0000081a  SD24BINCTL1                               
0000081b  SD24BINCTL1_H                             
0000081a  SD24BINCTL1_L                             
00000822  SD24BINCTL2                               
00000823  SD24BINCTL2_H                             
00000822  SD24BINCTL2_L                             
00004078  SD24BISR                                  
0000080e  SD24BIV                                   
0000080f  SD24BIV_H                                 
0000080e  SD24BIV_L                                 
00000852  SD24BMEMH0                                
00000853  SD24BMEMH0_H                              
00000852  SD24BMEMH0_L                              
00000856  SD24BMEMH1                                
00000857  SD24BMEMH1_H                              
00000856  SD24BMEMH1_L                              
0000085a  SD24BMEMH2                                
0000085b  SD24BMEMH2_H                              
0000085a  SD24BMEMH2_L                              
00000850  SD24BMEML0                                
00000851  SD24BMEML0_H                              
00000850  SD24BMEML0_L                              
00000854  SD24BMEML1                                
00000855  SD24BMEML1_H                              
00000854  SD24BMEML1_L                              
00000858  SD24BMEML2                                
00000859  SD24BMEML2_H                              
00000858  SD24BMEML2_L                              
00000814  SD24BOSR0                                 
00000815  SD24BOSR0_H                               
00000814  SD24BOSR0_L                               
0000081c  SD24BOSR1                                 
0000081d  SD24BOSR1_H                               
0000081c  SD24BOSR1_L                               
00000824  SD24BOSR2                                 
00000825  SD24BOSR2_H                               
00000824  SD24BOSR2_L                               
00000816  SD24BPRE0                                 
00000817  SD24BPRE0_H                               
00000816  SD24BPRE0_L                               
0000081e  SD24BPRE1                                 
0000081f  SD24BPRE1_H                               
0000081e  SD24BPRE1_L                               
00000826  SD24BPRE2                                 
00000827  SD24BPRE2_H                               
00000826  SD24BPRE2_L                               
000115f0  SD24_B_clearInterrupt                     
00011606  SD24_B_enableInterrupt                    
000115c0  SD24_B_getResults                         
00011120  SD24_B_init                               
00011374  SD24_B_initConverter                      
0001158c  SD24_B_setInterruptDelay                  
000115d8  SD24_B_setOversampling                    
00000100  SFRIE1                                    
00000101  SFRIE1_H                                  
00000100  SFRIE1_L                                  
00000102  SFRIFG1                                   
00000103  SFRIFG1_H                                 
00000102  SFRIFG1_L                                 
00000104  SFRRPCR                                   
00000105  SFRRPCR_H                                 
00000104  SFRRPCR_L                                 
000004ce  SUMEXT                                    
000004cf  SUMEXT_H                                  
000004ce  SUMEXT_L                                  
00000124  SVSMHCTL                                  
00000125  SVSMHCTL_H                                
00000124  SVSMHCTL_L                                
00000128  SVSMIO                                    
00000129  SVSMIO_H                                  
00000128  SVSMIO_L                                  
00000126  SVSMLCTL                                  
00000127  SVSMLCTL_H                                
00000126  SVSMLCTL_L                                
00000198  SYSBERRIV                                 
00000199  SYSBERRIV_H                               
00000198  SYSBERRIV_L                               
00000182  SYSBSLC                                   
00000183  SYSBSLC_H                                 
00000182  SYSBSLC_L                                 
00000180  SYSCTL                                    
00000181  SYSCTL_H                                  
00000180  SYSCTL_L                                  
00000186  SYSJMBC                                   
00000187  SYSJMBC_H                                 
00000186  SYSJMBC_L                                 
00000188  SYSJMBI0                                  
00000189  SYSJMBI0_H                                
00000188  SYSJMBI0_L                                
0000018a  SYSJMBI1                                  
0000018b  SYSJMBI1_H                                
0000018a  SYSJMBI1_L                                
0000018c  SYSJMBO0                                  
0000018d  SYSJMBO0_H                                
0000018c  SYSJMBO0_L                                
0000018e  SYSJMBO1                                  
0000018f  SYSJMBO1_H                                
0000018e  SYSJMBO1_L                                
0000019e  SYSRSTIV                                  
0000019f  SYSRSTIV_H                                
0000019e  SYSRSTIV_L                                
0000019c  SYSSNIV                                   
0000019d  SYSSNIV_H                                 
0000019c  SYSSNIV_L                                 
0000019a  SYSUNIV                                   
0000019b  SYSUNIV_H                                 
0000019a  SYSUNIV_L                                 
00000352  TA0CCR0                                   
00000354  TA0CCR1                                   
00000356  TA0CCR2                                   
00000342  TA0CCTL0                                  
00000344  TA0CCTL1                                  
00000346  TA0CCTL2                                  
00000340  TA0CTL                                    
00000360  TA0EX0                                    
0000036e  TA0IV                                     
00000350  TA0R                                      
00000392  TA1CCR0                                   
00000394  TA1CCR1                                   
00000382  TA1CCTL0                                  
00000384  TA1CCTL1                                  
00000380  TA1CTL                                    
000003a0  TA1EX0                                    
000003ae  TA1IV                                     
00000390  TA1R                                      
00000412  TA2CCR0                                   
00000414  TA2CCR1                                   
00000402  TA2CCTL0                                  
00000404  TA2CCTL1                                  
00000400  TA2CTL                                    
00000420  TA2EX0                                    
0000042e  TA2IV                                     
00000410  TA2R                                      
00000452  TA3CCR0                                   
00000454  TA3CCR1                                   
00000442  TA3CCTL0                                  
00000444  TA3CCTL1                                  
00000440  TA3CTL                                    
00000460  TA3EX0                                    
0000046e  TA3IV                                     
00000450  TA3R                                      
000040d6  TIMER1_A1_ISR                             
000116fa  Timer_A_clear                             
000116d2  Timer_A_stop                              
000005d0  UCA0ABCTL                                 
000005c6  UCA0BRW                                   
000005c7  UCA0BRW_H                                 
000005c6  UCA0BRW_L                                 
000005c0  UCA0CTLW0                                 
000005c1  UCA0CTLW0_H                               
000005c0  UCA0CTLW0_L                               
000005c2  UCA0CTLW1                                 
000005c3  UCA0CTLW1_H                               
000005c2  UCA0CTLW1_L                               
000005da  UCA0IE                                    
000005db  UCA0IE_H                                  
000005da  UCA0IE_L                                  
000005dc  UCA0IFG                                   
000005dd  UCA0IFG_H                                 
000005dc  UCA0IFG_L                                 
000005d2  UCA0IRCTL                                 
000005d3  UCA0IRCTL_H                               
000005d2  UCA0IRCTL_L                               
000005de  UCA0IV                                    
000005c8  UCA0MCTLW                                 
000005c9  UCA0MCTLW_H                               
000005c8  UCA0MCTLW_L                               
000005cc  UCA0RXBUF                                 
000005cd  UCA0RXBUF_H                               
000005cc  UCA0RXBUF_L                               
000005ca  UCA0STATW                                 
000005ce  UCA0TXBUF                                 
000005cf  UCA0TXBUF_H                               
000005ce  UCA0TXBUF_L                               
000005f0  UCA1ABCTL                                 
000005e6  UCA1BRW                                   
000005e7  UCA1BRW_H                                 
000005e6  UCA1BRW_L                                 
000005e0  UCA1CTLW0                                 
000005e1  UCA1CTLW0_H                               
000005e0  UCA1CTLW0_L                               
000005e2  UCA1CTLW1                                 
000005e3  UCA1CTLW1_H                               
000005e2  UCA1CTLW1_L                               
000005fa  UCA1IE                                    
000005fb  UCA1IE_H                                  
000005fa  UCA1IE_L                                  
000005fc  UCA1IFG                                   
000005fd  UCA1IFG_H                                 
000005fc  UCA1IFG_L                                 
000005f2  UCA1IRCTL                                 
000005f3  UCA1IRCTL_H                               
000005f2  UCA1IRCTL_L                               
000005fe  UCA1IV                                    
000005e8  UCA1MCTLW                                 
000005e9  UCA1MCTLW_H                               
000005e8  UCA1MCTLW_L                               
000005ec  UCA1RXBUF                                 
000005ed  UCA1RXBUF_H                               
000005ec  UCA1RXBUF_L                               
000005ea  UCA1STATW                                 
000005ee  UCA1TXBUF                                 
000005ef  UCA1TXBUF_H                               
000005ee  UCA1TXBUF_L                               
00000610  UCA2ABCTL                                 
00000606  UCA2BRW                                   
00000607  UCA2BRW_H                                 
00000606  UCA2BRW_L                                 
00000600  UCA2CTLW0                                 
00000601  UCA2CTLW0_H                               
00000600  UCA2CTLW0_L                               
00000602  UCA2CTLW1                                 
00000603  UCA2CTLW1_H                               
00000602  UCA2CTLW1_L                               
0000061a  UCA2IE                                    
0000061b  UCA2IE_H                                  
0000061a  UCA2IE_L                                  
0000061c  UCA2IFG                                   
0000061d  UCA2IFG_H                                 
0000061c  UCA2IFG_L                                 
00000612  UCA2IRCTL                                 
00000613  UCA2IRCTL_H                               
00000612  UCA2IRCTL_L                               
0000061e  UCA2IV                                    
00000608  UCA2MCTLW                                 
00000609  UCA2MCTLW_H                               
00000608  UCA2MCTLW_L                               
0000060c  UCA2RXBUF                                 
0000060d  UCA2RXBUF_H                               
0000060c  UCA2RXBUF_L                               
0000060a  UCA2STATW                                 
0000060e  UCA2TXBUF                                 
0000060f  UCA2TXBUF_H                               
0000060e  UCA2TXBUF_L                               
0000065e  UCB0ADDMASK                               
0000065f  UCB0ADDMASK_H                             
0000065e  UCB0ADDMASK_L                             
0000065c  UCB0ADDRX                                 
0000065d  UCB0ADDRX_H                               
0000065c  UCB0ADDRX_L                               
00000646  UCB0BRW                                   
00000647  UCB0BRW_H                                 
00000646  UCB0BRW_L                                 
00000640  UCB0CTLW0                                 
00000641  UCB0CTLW0_H                               
00000640  UCB0CTLW0_L                               
00000642  UCB0CTLW1                                 
00000643  UCB0CTLW1_H                               
00000642  UCB0CTLW1_L                               
00000654  UCB0I2COA0                                
00000655  UCB0I2COA0_H                              
00000654  UCB0I2COA0_L                              
00000656  UCB0I2COA1                                
00000657  UCB0I2COA1_H                              
00000656  UCB0I2COA1_L                              
00000658  UCB0I2COA2                                
00000659  UCB0I2COA2_H                              
00000658  UCB0I2COA2_L                              
0000065a  UCB0I2COA3                                
0000065b  UCB0I2COA3_H                              
0000065a  UCB0I2COA3_L                              
00000660  UCB0I2CSA                                 
00000661  UCB0I2CSA_H                               
00000660  UCB0I2CSA_L                               
0000066a  UCB0IE                                    
0000066b  UCB0IE_H                                  
0000066a  UCB0IE_L                                  
0000066c  UCB0IFG                                   
0000066d  UCB0IFG_H                                 
0000066c  UCB0IFG_L                                 
0000066e  UCB0IV                                    
0000064c  UCB0RXBUF                                 
0000064d  UCB0RXBUF_H                               
0000064c  UCB0RXBUF_L                               
00000648  UCB0STATW                                 
00000649  UCB0STATW_H                               
00000648  UCB0STATW_L                               
0000064a  UCB0TBCNT                                 
0000064b  UCB0TBCNT_H                               
0000064a  UCB0TBCNT_L                               
0000064e  UCB0TXBUF                                 
0000064f  UCB0TXBUF_H                               
0000064e  UCB0TXBUF_L                               
00000160  UCSCTL0                                   
00000161  UCSCTL0_H                                 
00000160  UCSCTL0_L                                 
00000162  UCSCTL1                                   
00000163  UCSCTL1_H                                 
00000162  UCSCTL1_L                                 
00000164  UCSCTL2                                   
00000165  UCSCTL2_H                                 
00000164  UCSCTL2_L                                 
00000166  UCSCTL3                                   
00000167  UCSCTL3_H                                 
00000166  UCSCTL3_L                                 
00000168  UCSCTL4                                   
00000169  UCSCTL4_H                                 
00000168  UCSCTL4_L                                 
0000016a  UCSCTL5                                   
0000016b  UCSCTL5_H                                 
0000016a  UCSCTL5_L                                 
0000016c  UCSCTL6                                   
0000016d  UCSCTL6_H                                 
0000016c  UCSCTL6_L                                 
0000016e  UCSCTL7                                   
0000016f  UCSCTL7_H                                 
0000016e  UCSCTL7_L                                 
00000170  UCSCTL8                                   
00000171  UCSCTL8_H                                 
00000170  UCSCTL8_L                                 
000115a6  UCS_getSMCLK                              
00010a14  UCS_initClockSignal                       
000105ee  UCS_initFLL                               
000112a8  UCS_initFLLSettle                         
00004000  USCIB0_ISR                                
0000413e  USCI_A1_ISR                               
00004148  USCI_A2_ISR                               
0000015c  WDTCTL                                    
0000015d  WDTCTL_H                                  
0000015c  WDTCTL_L                                  
000114f8  WDT_A_hold                                
00003c00  __STACK_END                               
00000050  __STACK_SIZE                              
000041e0  __TI_CINIT_Base                           
000041f0  __TI_CINIT_Limit                          
000041ce  __TI_Handler_Table_Base                   
000041da  __TI_Handler_Table_Limit                  
00004152  __TI_ISR_TRAP                             
0001107a  __TI_auto_init_nobinit_nopinit_hold_wdt   
00010d7a  __TI_decompress_lzss                      
00011646  __TI_decompress_none                      
00010000  __TI_frcmpyd                              
0000ffd0  __TI_int40                                
0000ffd2  __TI_int41                                
0000ffd4  __TI_int42                                
0000ffd6  __TI_int43                                
0000ffd8  __TI_int44                                
0000ffda  __TI_int45                                
0000ffdc  __TI_int46                                
0000ffde  __TI_int47                                
0000ffe0  __TI_int48                                
0000ffe2  __TI_int49                                
0000ffe4  __TI_int50                                
0000ffe6  __TI_int51                                
0000ffe8  __TI_int52                                
0000ffea  __TI_int53                                
0000ffec  __TI_int54                                
0000ffee  __TI_int55                                
0000fff0  __TI_int56                                
0000fff2  __TI_int57                                
0000fff4  __TI_int58                                
0000fff6  __TI_int59                                
0000fff8  __TI_int60                                
0000fffa  __TI_int61                                
0000fffc  __TI_int62                                
ffffffff  __TI_pprof_out_hndl                       
ffffffff  __TI_prof_data_size                       
ffffffff  __TI_prof_data_start                      
00011448  __TI_zero_init_nomemset                   
ffffffff  __c_args__                                
00010b5c  __mspabi_cvtdf                            
00010fc6  __mspabi_cvtfd                            
000113a0  __mspabi_divi                             
00011170  __mspabi_divli                            
0001161c  __mspabi_divu                             
00011022  __mspabi_divul                            
000112de  __mspabi_fltif                            
0001146c  __mspabi_fltuf                            
00010280  __mspabi_mpyd                             
00011490  __mspabi_mpyl_f5hw                        
000113a0  __mspabi_remi                             
00011170  __mspabi_remli                            
0001161c  __mspabi_remu                             
00011022  __mspabi_remul                            
000116c0  __mspabi_slli                             
00011264  __mspabi_slll_1                           
00011240  __mspabi_slll_10                          
0001123c  __mspabi_slll_11                          
00011238  __mspabi_slll_12                          
00011234  __mspabi_slll_13                          
00011230  __mspabi_slll_14                          
0001122c  __mspabi_slll_15                          
00011260  __mspabi_slll_2                           
0001125c  __mspabi_slll_3                           
00011258  __mspabi_slll_4                           
00011254  __mspabi_slll_5                           
00011250  __mspabi_slll_6                           
0001124c  __mspabi_slll_7                           
00011248  __mspabi_slll_8                           
00011244  __mspabi_slll_9                           
00011226  __mspabi_sral_1                           
00011202  __mspabi_sral_10                          
000111fe  __mspabi_sral_11                          
000111fa  __mspabi_sral_12                          
000111f6  __mspabi_sral_13                          
000111f2  __mspabi_sral_14                          
000111ee  __mspabi_sral_15                          
00011222  __mspabi_sral_2                           
0001121e  __mspabi_sral_3                           
0001121a  __mspabi_sral_4                           
00011216  __mspabi_sral_5                           
00011212  __mspabi_sral_6                           
0001120e  __mspabi_sral_7                           
0001120a  __mspabi_sral_8                           
00011206  __mspabi_sral_9                           
000112a2  __mspabi_srll_1                           
0001127e  __mspabi_srll_10                          
0001127a  __mspabi_srll_11                          
00011276  __mspabi_srll_12                          
00011272  __mspabi_srll_13                          
0001126e  __mspabi_srll_14                          
0001126a  __mspabi_srll_15                          
0001129e  __mspabi_srll_2                           
0001129a  __mspabi_srll_3                           
00011296  __mspabi_srll_4                           
00011292  __mspabi_srll_5                           
0001128e  __mspabi_srll_6                           
0001128a  __mspabi_srll_7                           
00011286  __mspabi_srll_8                           
00011282  __mspabi_srll_9                           
00004108  _c_int00_noargs                           
0000fffe  _reset_vector                             
00003bb0  _stack                                    
0001170a  _system_post_cinit                        
00011706  _system_pre_init                          
00011700  abort                                     
00001c28  currRegAddr                               
00001c1e  currResult                                
00010cfa  init_bme680_spi                           
00010eb0  init_gpio                                 
00010c74  init_i2c                                  
0001088e  init_radio_spi                            
00010956  init_sdc                                  
000116b6  init_spi                                  
00001c1d  lastRegAddr                               
00001c1c  lastTransactionType                       
00001c0e  lux_result                                
000116da  main                                      
00001c02  maxResult                                 
00001c0c  maxTimerOverflows                         
00011632  memcpy                                    
00001c06  minResult                                 
00010e50  opt3001_get_lux_result                    
00010be8  opt3001_register_read                     
00001c22  rxData                                    
00001c1b  rxStepCtr                                 
00011536  set_clock_signals                         
000113cc  setup                                     
00001c0a  timerOverflowCounter                      
00001c00  timerRunning                              
00001c24  txDataBytes                               
00001c1a  txStepCtr                                 
00001c26  wynik                                     


GLOBAL SYMBOLS: SORTED BY Symbol Address 

address   name                                      
-------   ----                                      
00000050  __STACK_SIZE                              
00000100  SFRIE1                                    
00000100  SFRIE1_L                                  
00000101  SFRIE1_H                                  
00000102  SFRIFG1                                   
00000102  SFRIFG1_L                                 
00000103  SFRIFG1_H                                 
00000104  SFRRPCR                                   
00000104  SFRRPCR_L                                 
00000105  SFRRPCR_H                                 
00000120  PMMCTL0                                   
00000120  PMMCTL0_L                                 
00000121  PMMCTL0_H                                 
00000122  PMMCTL1                                   
00000122  PMMCTL1_L                                 
00000123  PMMCTL1_H                                 
00000124  SVSMHCTL                                  
00000124  SVSMHCTL_L                                
00000125  SVSMHCTL_H                                
00000126  SVSMLCTL                                  
00000126  SVSMLCTL_L                                
00000127  SVSMLCTL_H                                
00000128  SVSMIO                                    
00000128  SVSMIO_L                                  
00000129  SVSMIO_H                                  
0000012c  PMMIFG                                    
0000012c  PMMIFG_L                                  
0000012d  PMMIFG_H                                  
0000012e  PMMRIE                                    
0000012e  PMMRIE_L                                  
0000012f  PMMRIE_H                                  
00000130  PM5CTL0                                   
00000130  PM5CTL0_L                                 
00000131  PM5CTL0_H                                 
00000140  FCTL1                                     
00000140  FCTL1_L                                   
00000141  FCTL1_H                                   
00000144  FCTL3                                     
00000144  FCTL3_L                                   
[...]
00000752  ADC10MEM0                                 
00000752  ADC10MEM0_L                               
00000753  ADC10MEM0_H                               
0000075a  ADC10IE                                   
0000075a  ADC10IE_L                                 
0000075b  ADC10IE_H                                 
0000075c  ADC10IFG                                  
0000075c  ADC10IFG_L                                
0000075d  ADC10IFG_H                                
0000075e  ADC10IV                                   
0000075e  ADC10IV_L                                 
0000075f  ADC10IV_H                                 
00000800  SD24BCTL0                                 
00000800  SD24BCTL0_L                               
00000801  SD24BCTL0_H                               
00000802  SD24BCTL1                                 
00000802  SD24BCTL1_L                               
00000803  SD24BCTL1_H                               
0000080a  SD24BIFG                                  
0000080a  SD24BIFG_L                                
0000080b  SD24BIFG_H                                
0000080c  SD24BIE                                   
0000080c  SD24BIE_L                                 
0000080d  SD24BIE_H                                 
0000080e  SD24BIV                                   
0000080e  SD24BIV_L                                 
0000080f  SD24BIV_H                                 
00000810  SD24BCCTL0                                
00000810  SD24BCCTL0_L                              
00000811  SD24BCCTL0_H                              
00000812  SD24BINCTL0                               
00000812  SD24BINCTL0_L                             
00000813  SD24BINCTL0_H                             
00000814  SD24BOSR0                                 
00000814  SD24BOSR0_L                               
00000815  SD24BOSR0_H                               
00000816  SD24BPRE0                                 
00000816  SD24BPRE0_L                               
00000817  SD24BPRE0_H                               
00000818  SD24BCCTL1                                
00000818  SD24BCCTL1_L                              
00000819  SD24BCCTL1_H                              
0000081a  SD24BINCTL1                               
0000081a  SD24BINCTL1_L                             
0000081b  SD24BINCTL1_H                             
0000081c  SD24BOSR1                                 
0000081c  SD24BOSR1_L                               
0000081d  SD24BOSR1_H                               
0000081e  SD24BPRE1                                 
0000081e  SD24BPRE1_L                               
0000081f  SD24BPRE1_H                               
00000820  SD24BCCTL2                                
00000820  SD24BCCTL2_L                              
00000821  SD24BCCTL2_H                              
00000822  SD24BINCTL2                               
00000822  SD24BINCTL2_L                             
00000823  SD24BINCTL2_H                             
00000824  SD24BOSR2                                 
00000824  SD24BOSR2_L                               
00000825  SD24BOSR2_H                               
00000826  SD24BPRE2                                 
00000826  SD24BPRE2_L                               
00000827  SD24BPRE2_H                               
00000850  SD24BMEML0                                
00000850  SD24BMEML0_L                              
00000851  SD24BMEML0_H                              
00000852  SD24BMEMH0                                
00000852  SD24BMEMH0_L                              
00000853  SD24BMEMH0_H                              
00000854  SD24BMEML1                                
00000854  SD24BMEML1_L                              
00000855  SD24BMEML1_H                              
00000856  SD24BMEMH1                                
00000856  SD24BMEMH1_L                              
00000857  SD24BMEMH1_H                              
00000858  SD24BMEML2                                
00000858  SD24BMEML2_L                              
00000859  SD24BMEML2_H                              
0000085a  SD24BMEMH2                                
0000085a  SD24BMEMH2_L                              
0000085b  SD24BMEMH2_H                              
000009e0  AUXCTL0                                   
000009e0  AUXCTL0_L                                 
000009e1  AUXCTL0_H                                 
000009e2  AUXCTL1                                   
000009e2  AUXCTL1_L                                 
000009e3  AUXCTL1_H                                 
000009e4  AUXCTL2                                   
000009e4  AUXCTL2_L                                 
000009e5  AUXCTL2_H                                 
000009f2  AUX2CHCTL                                 
000009f2  AUX2CHCTL_L                               
000009f3  AUX2CHCTL_H                               
000009f4  AUX3CHCTL                                 
000009f4  AUX3CHCTL_L                               
000009f5  AUX3CHCTL_H                               
000009f6  AUXADCCTL                                 
000009f6  AUXADCCTL_L                               
000009f7  AUXADCCTL_H                               
000009fa  AUXIFG                                    
000009fa  AUXIFG_L                                  
000009fb  AUXIFG_H                                  
000009fc  AUXIE                                     
000009fc  AUXIE_L                                   
000009fd  AUXIE_H                                   
000009fe  AUXIV                                     
000009fe  AUXIV_L                                   
000009ff  AUXIV_H                                   
00000a00  LCDCCTL0                                  
00000a00  LCDCCTL0_L                                
00000a01  LCDCCTL0_H                                
00000a02  LCDCCTL1                                  
00000a02  LCDCCTL1_L                                
00000a03  LCDCCTL1_H                                
00000a04  LCDCBLKCTL                                
00000a04  LCDCBLKCTL_L                              
00000a05  LCDCBLKCTL_H                              
00000a06  LCDCMEMCTL                                
00000a06  LCDCMEMCTL_L                              
00000a07  LCDCMEMCTL_H                              
00000a08  LCDCVCTL                                  
00000a08  LCDCVCTL_L                                
00000a09  LCDCVCTL_H                                
00000a0a  LCDCPCTL0                                 
00000a0a  LCDCPCTL0_L                               
00000a0b  LCDCPCTL0_H                               
00000a0c  LCDCPCTL1                                 
00000a0c  LCDCPCTL1_L                               
00000a0d  LCDCPCTL1_H                               
00000a0e  LCDCPCTL2                                 
00000a0e  LCDCPCTL2_L                               
00000a0f  LCDCPCTL2_H                               
00000a12  LCDCCPCTL                                 
00000a12  LCDCCPCTL_L                               
00000a13  LCDCCPCTL_H                               
00000a1e  LCDCIV                                    
00000a20  LCDM1                                     
00000a21  LCDM2                                     
00000a22  LCDM3                                     
00000a23  LCDM4                                     
00000a24  LCDM5                                     
00000a25  LCDM6                                     
00000a26  LCDM7                                     
00000a27  LCDM8                                     
00000a28  LCDM9                                     
00000a29  LCDM10                                    
00000a2a  LCDM11                                    
00000a2b  LCDM12                                    
00000a2c  LCDM13                                    
00000a2d  LCDM14                                    
00000a2e  LCDM15                                    
00000a2f  LCDM16                                    
00000a30  LCDM17                                    
00000a31  LCDM18                                    
00000a32  LCDM19                                    
00000a33  LCDM20                                    
00000a34  LCDM21                                    
00000a35  LCDM22                                    
00000a36  LCDM23                                    
00000a37  LCDM24                                    
00000a38  LCDM25                                    
00000a39  LCDM26                                    
00000a3a  LCDM27                                    
00000a3b  LCDM28                                    
00000a3c  LCDM29                                    
00000a3d  LCDM30                                    
00000a3e  LCDM31                                    
00000a3f  LCDM32                                    
00000a40  LCDBM1                                    
00000a40  LCDM33                                    
00000a41  LCDBM2                                    
00000a41  LCDM34                                    
00000a42  LCDBM3                                    
00000a42  LCDM35                                    
00000a43  LCDBM4                                    
00000a43  LCDM36                                    
00000a44  LCDBM5                                    
00000a44  LCDM37                                    
00000a45  LCDBM6                                    
00000a45  LCDM38                                    
00000a46  LCDBM7                                    
00000a46  LCDM39                                    
00000a47  LCDBM8                                    
00000a47  LCDM40                                    
00000a48  LCDBM9                                    
00000a49  LCDBM10                                   
00000a4a  LCDBM11                                   
00000a4b  LCDBM12                                   
00000a4c  LCDBM13                                   
00000a4d  LCDBM14                                   
00000a4e  LCDBM15                                   
00000a4f  LCDBM16                                   
00000a50  LCDBM17                                   
00000a51  LCDBM18                                   
00000a52  LCDBM19                                   
00000a53  LCDBM20                                   
00001c00  timerRunning                              
00001c02  maxResult                                 
00001c06  minResult                                 
00001c0a  timerOverflowCounter                      
00001c0c  maxTimerOverflows                         
00001c0e  lux_result                                
00001c1a  txStepCtr                                 
00001c1b  rxStepCtr                                 
00001c1c  lastTransactionType                       
00001c1d  lastRegAddr                               
00001c1e  currResult                                
00001c22  rxData                                    
00001c24  txDataBytes                               
00001c26  wynik                                     
00001c28  currRegAddr                               
00003bb0  _stack                                    
00003c00  __STACK_END                               
00004000  USCIB0_ISR                                
00004078  SD24BISR                                  
000040d6  TIMER1_A1_ISR                             
00004108  _c_int00_noargs                           
00004124  PORT1_ISR                                 
0000413e  USCI_A1_ISR                               
00004148  USCI_A2_ISR                               
00004152  __TI_ISR_TRAP                             
000041ce  __TI_Handler_Table_Base                   
000041da  __TI_Handler_Table_Limit                  
000041e0  __TI_CINIT_Base                           
000041f0  __TI_CINIT_Limit                          
0000ffd0  __TI_int40                                
0000ffd2  __TI_int41                                
0000ffd4  __TI_int42                                
0000ffd6  __TI_int43                                
0000ffd8  __TI_int44                                
0000ffda  __TI_int45                                
0000ffdc  __TI_int46                                
0000ffde  __TI_int47                                
0000ffe0  __TI_int48                                
0000ffe2  __TI_int49                                
0000ffe4  __TI_int50                                
0000ffe6  __TI_int51                                
0000ffe8  __TI_int52                                
0000ffea  __TI_int53                                
0000ffec  __TI_int54                                
0000ffee  __TI_int55                                
0000fff0  __TI_int56                                
0000fff2  __TI_int57                                
0000fff4  __TI_int58                                
0000fff6  __TI_int59                                
0000fff8  __TI_int60                                
0000fffa  __TI_int61                                
0000fffc  __TI_int62                                
0000fffe  _reset_vector                             
00010000  __TI_frcmpyd                              
00010280  __mspabi_mpyd                             
000105ee  UCS_initFLL                               
000106d0  PMM_setVCoreUp                            
0001088e  init_radio_spi                            
00010956  init_sdc                                  
00010a14  UCS_initClockSignal                       
00010aba  PMM_setVCoreDown                          
00010b5c  __mspabi_cvtdf                            
00010be8  opt3001_register_read                     
00010c74  init_i2c                                  
00010cfa  init_bme680_spi                           
00010d7a  __TI_decompress_lzss                      
00010df0  EUSCI_B_I2C_initMaster                    
00010e50  opt3001_get_lux_result                    
00010eb0  init_gpio                                 
00010f0e  EUSCI_A_SPI_initMaster                    
00010f6a  EUSCI_B_I2C_masterSendSingleByte          
00010fc6  __mspabi_cvtfd                            
00011022  __mspabi_divul                            
00011022  __mspabi_remul                            
0001107a  __TI_auto_init_nobinit_nopinit_hold_wdt   
000110ce  PMM_setVCore                              
00011120  SD24_B_init                               
00011170  __mspabi_divli                            
00011170  __mspabi_remli                            
000111b0  GPIO_setAsInputPinWithPullUpResistor      
000111ee  __mspabi_sral_15                          
000111f2  __mspabi_sral_14                          
000111f6  __mspabi_sral_13                          
000111fa  __mspabi_sral_12                          
000111fe  __mspabi_sral_11                          
00011202  __mspabi_sral_10                          
00011206  __mspabi_sral_9                           
0001120a  __mspabi_sral_8                           
0001120e  __mspabi_sral_7                           
00011212  __mspabi_sral_6                           
00011216  __mspabi_sral_5                           
0001121a  __mspabi_sral_4                           
0001121e  __mspabi_sral_3                           
00011222  __mspabi_sral_2                           
00011226  __mspabi_sral_1                           
0001122c  __mspabi_slll_15                          
00011230  __mspabi_slll_14                          
00011234  __mspabi_slll_13                          
00011238  __mspabi_slll_12                          
0001123c  __mspabi_slll_11                          
00011240  __mspabi_slll_10                          
00011244  __mspabi_slll_9                           
00011248  __mspabi_slll_8                           
0001124c  __mspabi_slll_7                           
00011250  __mspabi_slll_6                           
00011254  __mspabi_slll_5                           
00011258  __mspabi_slll_4                           
0001125c  __mspabi_slll_3                           
00011260  __mspabi_slll_2                           
00011264  __mspabi_slll_1                           
0001126a  __mspabi_srll_15                          
0001126e  __mspabi_srll_14                          
00011272  __mspabi_srll_13                          
00011276  __mspabi_srll_12                          
0001127a  __mspabi_srll_11                          
0001127e  __mspabi_srll_10                          
00011282  __mspabi_srll_9                           
00011286  __mspabi_srll_8                           
0001128a  __mspabi_srll_7                           
0001128e  __mspabi_srll_6                           
00011292  __mspabi_srll_5                           
00011296  __mspabi_srll_4                           
0001129a  __mspabi_srll_3                           
0001129e  __mspabi_srll_2                           
000112a2  __mspabi_srll_1                           
000112a8  UCS_initFLLSettle                         
000112de  __mspabi_fltif                            
00011314  EUSCI_B_I2C_masterSendMultiByteFinish     
00011346  GPIO_selectInterruptEdge                  
00011374  SD24_B_initConverter                      
000113a0  __mspabi_divi                             
000113a0  __mspabi_remi                             
000113cc  setup                                     
000113f8  GPIO_setAsOutputPin                       
00011420  GPIO_setAsPeripheralModuleFunctionInputPin
00011448  __TI_zero_init_nomemset                   
0001146c  __mspabi_fltuf                            
00011490  __mspabi_mpyl_f5hw                        
000114b4  EUSCI_A_SPI_initSlave                     
000114d6  EUSCI_B_I2C_masterSendMultiByteNext       
000114f8  WDT_A_hold                                
00011518  GPIO_enableInterrupt                      
00011536  set_clock_signals                         
00011554  GPIO_setOutputHighOnPin                   
00011570  GPIO_setOutputLowOnPin                    
0001158c  SD24_B_setInterruptDelay                  
000115a6  UCS_getSMCLK                              
000115c0  SD24_B_getResults                         
000115d8  SD24_B_setOversampling                    
000115f0  SD24_B_clearInterrupt                     
00011606  SD24_B_enableInterrupt                    
0001161c  __mspabi_divu                             
0001161c  __mspabi_remu                             
00011632  memcpy                                    
00011646  __TI_decompress_none                      
00011658  EUSCI_A_SPI_clearInterrupt                
00011664  EUSCI_A_SPI_enableInterrupt               
00011670  EUSCI_B_I2C_clearInterrupt                
0001167c  EUSCI_B_I2C_enableInterrupt               
00011688  EUSCI_B_I2C_masterReceiveStart            
00011694  EUSCI_B_I2C_setMode                       
000116a0  EUSCI_B_I2C_setSlaveAddress               
000116ac  EUSCI_B_I2C_masterReceiveMultiByteNext    
000116b6  init_spi                                  
000116c0  __mspabi_slli                             
000116ca  EUSCI_B_I2C_masterIsStopSent              
000116d2  Timer_A_stop                              
000116da  main                                      
000116e2  EUSCI_A_SPI_enable                        
000116e8  EUSCI_B_I2C_enable                        
000116ee  EUSCI_B_I2C_masterReceiveMultiByteStop    
000116f4  EUSCI_B_I2C_masterSendStart               
000116fa  Timer_A_clear                             
00011700  C$$EXIT                                   
00011700  abort                                     
00011706  _system_pre_init                          
0001170a  _system_post_cinit                        
ffffffff  __TI_pprof_out_hndl                       
ffffffff  __TI_prof_data_size                       
ffffffff  __TI_prof_data_start                      
ffffffff  __c_args__                                

[1006 symbols]
